18   INFO  [Worker-9: Launching DEC_APP TriCore Debug (TASKING)] Log5J : ***  22.288  ***  **********************************************************
19   INFO  [Worker-9: Launching DEC_APP TriCore Debug (TASKING)] Log5J : ***  22.7848  ***  Logger configuration successful. Configuration file used: 
19   INFO  [Worker-9: Launching DEC_APP TriCore Debug (TASKING)] Log5J : ***  22.8236  ***  C:\Infineon\AURIX-Studio-1.10.10\configuration\org.eclipse.osgi\386\0\.cp\lib\log4j.properties
19   INFO  [Worker-9: Launching DEC_APP TriCore Debug (TASKING)] Log5J : ***  22.8646  ***  **********************************************************
20   INFO  [Worker-9: Launching DEC_APP TriCore Debug (TASKING)] ISysPluginConfiguration : ***  23.7469  ***  Loading debug plugin properties from 'C:\Infineon\AURIX-Studio-1.10.10\isys_debugger_configuration.json'
123  INFO  [Worker-9: Launching DEC_APP TriCore Debug (TASKING)] ISysPluginConfiguration : ***  127.6925  ***  Loaded plugin configuration:
	 - Enable embedded: false
	 - Enable portable false
	 - Default selection: Custom
	 - Default install path: '\winIDEA'
123  INFO  [Worker-9: Launching DEC_APP TriCore Debug (TASKING)] ISystemPreferences : ***  127.8716  ***  State location loaded at C:\Users\Daniel\Desktop\FG9326M8GTEI4\DEC - Drive Electronic Controller\.metadata\.plugins\si.isystem.eclipse.debug
123  INFO  [Worker-9: Launching DEC_APP TriCore Debug (TASKING)] ISystemPreferences : ***  128.4753  ***  Preferences loaded: Install type: Custom, Custom path: '\winIDEA'
125  INFO  [Worker-9: Launching DEC_APP TriCore Debug (TASKING)] ISysDebugPlugin : ***  130.424  ***  Starting Plugin si.isystem.eclipse.debug version 921.25900.179258.
129  INFO  [Worker-9: Launching DEC_APP TriCore Debug (TASKING)] ISysDebugPlugin : ***  133.1626  ***  Plugin si.isystem.eclipse.debug started.
129  INFO  [Worker-9: Launching DEC_APP TriCore Debug (TASKING)] ISysDebugPlugin : ***  133.22  ***  winIDEA installation cancelled because embedded winIDEA is not allowed.
129  INFO  [Worker-9: Launching DEC_APP TriCore Debug (TASKING)] ISysDebugPlugin : ***  133.2559  ***  Plugin started: si.isystem.eclipse.debug
9790 INFO  [si.isystem.eclipse.debug - 0] ISysAbstractDsfService : ***  9794.6764  ***  ISysConnectionService initialization(super) started.
9798 INFO  [si.isystem.eclipse.debug - 0] IConLaunchManager : ***  9803.3737  ***  
Starting debug session using launch configuration paramenters: 
 - Launch name = 'DEC_APP TriCore Debug (TASKING)'
 - Project name = 'DEC_APP'
 - Project path = 'C:/Users/Daniel/Desktop/FG9326M8GTEI4/DEC - Drive Electronic Controller/DEC_APP'
 - Output file = 'TriCore Debug (TASKING)/DEC_APP.elf'
 - Stop on startup = 'true'
 - Stop on startup location = 'core0_main'
 - Verbose mode = true' - Invisible winIDEA = 'false'
 - Bring winIDEA to top = 'true'
 - Verify download = 'true'
 - Analyze source files = 'true'
 - Shutdown winIDEA at terminate session = 'false'
 - Save winIDEA workspace = 'true'
 - winIDEA workspace path = '.ads/winIDEAWorkspaces/TriCore-Debug-(TASKING)/ADS.xjrf'
 - full winIDEA workspace path = 'C:\Users\Daniel\Desktop\FG9326M8GTEI4\DEC - Drive Electronic Controller\DEC_APP\.ads\winIDEAWorkspaces\TriCore-Debug-(TASKING)\ADS.xjrf'
 - Device = 'TC375T'
 - Hardware = 'IFX_DAS'
 - Communication = 'USB'
 - Hardware debugger = 'AURIX LITE KIT V2.0 (TC375) LK7KFCVS'
 - Image check = 'Yes'
 - Create SMP = 'true'

9802 INFO  [si.isystem.eclipse.debug - 0] ISysSessionManager : ***  9805.9858  ***  Connecting to winIDEA 'C:\Infineon\AURIX-Studio-1.10.10\winIDEA\' with workspace 'C:\Users\Daniel\Desktop\FG9326M8GTEI4\DEC - Drive Electronic Controller\DEC_APP\.ads\winIDEAWorkspaces\TriCore-Debug-(TASKING)\ADS.xjrf', winIDEA-ID: 'com.tasking.winIDEA.instance.id-DEC_APP TriCore Debug (TASKING)', visible: true, CLI args: '/HideCrashDumpMessage'
10799 INFO  [si.isystem.eclipse.debug - 0] ISysConfigOptions : ***  10803.5432  ***  DAS Servers:
10799 INFO  [si.isystem.eclipse.debug - 0] ISysConfigOptions : ***  10803.7923  ***  [i] = 'IFX_DAS: AURIX LITE KIT V2.0 (TC375) LK7KFCVS [USB]'
10799 INFO  [si.isystem.eclipse.debug - 0] ISysConfigOptions : ***  10803.8978  ***  Loading DAS Server list finished. [154ms]
10804 INFO  [si.isystem.eclipse.debug - 0] ISysConfigOptions : ***  10809.2589  ***  Setting DAS server.
10804 INFO  [si.isystem.eclipse.debug - 0] ISysConfigOptions : ***  10809.4801  ***  DAS server already set to 'AURIX LITE KIT V2.0 (TC375) LK7KFCVS'.
10824 INFO  [si.isystem.eclipse.debug - 0] ISysSessionManager : ***  10829.4608  ***  Connected to winIDEA and setup workspace.
10825 INFO  [si.isystem.eclipse.debug - 0] ISysSessionManager : ***  10830.1176  ***  Version of isystem.connect for Java: 9.21.259.0
10825 INFO  [si.isystem.eclipse.debug - 0] ISysSessionManager : ***  10830.2483  ***  Version of isystem.connect DLL: 9.21.259.0.0
10825 INFO  [si.isystem.eclipse.debug - 0] ISysSessionManager : ***  10830.5168  ***  Version of winIDEA: 9.21.298
10825 INFO  [si.isystem.eclipse.debug - 0] ISysSessionManager : ***  10830.5776  ***  Downloading ...
14034 ERROR [Worker-9: Launching DEC_APP TriCore Debug (TASKING)] ISysLaunchDelegate : Launch failed.
org.eclipse.debug.core.DebugException: TASKING winIDEA services initialization failed.
	at si.isystem.dsf.launch.ISysLaunchDelegate.initializeServices(Unknown Source)
	at si.isystem.dsf.launch.ISysLaunchDelegate.launch(Unknown Source)
	at org.eclipse.debug.internal.core.LaunchConfiguration.launch(LaunchConfiguration.java:805)
	at org.eclipse.debug.internal.core.LaunchConfiguration.launch(LaunchConfiguration.java:716)
	at org.eclipse.debug.internal.ui.DebugUIPlugin.buildAndLaunch(DebugUIPlugin.java:1038)
	at org.eclipse.debug.internal.ui.DebugUIPlugin$1.run(DebugUIPlugin.java:1241)
	at org.eclipse.core.internal.jobs.Worker.run(Worker.java:63)
Caused by: java.util.concurrent.ExecutionException: org.eclipse.core.runtime.CoreException: Unhandled exception when executing Sequence si.isystem.dsf.launch.ISysServiceInitializationSequence@79ac7c0e, step #0
	at org.eclipse.cdt.dsf.concurrent.Query.get(Query.java:112)
	... 7 more
Caused by: org.eclipse.core.runtime.CoreException: Unhandled exception when executing Sequence si.isystem.dsf.launch.ISysServiceInitializationSequence@79ac7c0e, step #0
	... 8 more
Caused by: java.lang.IllegalStateException: ICONNECT_E_ROUTING: can not access winIDEA. Check if it is still up and running.
 / Application: App
Symbol file not found: C:\Users\Daniel\Desktop\FG9326M8GTEI4\DEC - Drive Electronic Controller\DEC_FBL\TriCore Debug (TASKING)\DEC_FBL.elf
 / isys::CIDEController::application() failed!  [CIDEController.cpp, 336]
	at si.isystem.connect.connectJNI.CIDEController_iOpenDisconnect(Native Method)
	at si.isystem.connect.CIDEController.iOpenDisconnect(CIDEController.java:315)
	at si.isystem.debug.core.proxy.ISysSessionManager.debugSessionStop(Unknown Source)
	at si.isystem.dsf.services.ISysConnectionService.closeWinIDEA(Unknown Source)
	at si.isystem.dsf.services.ISysConnectionService.doInitialize(Unknown Source)
	at si.isystem.dsf.ISysAbstractDsfService.initialize(Unknown Source)
	at si.isystem.dsf.launch.ISysServiceInitializationSequence$1.execute(Unknown Source)
	at org.eclipse.cdt.dsf.concurrent.Sequence.executeStep(Sequence.java:475)
	at org.eclipse.cdt.dsf.concurrent.Sequence.run(Sequence.java:380)
	at java.base/java.util.concurrent.Executors$RunnableAdapter.call(Executors.java:539)
	at java.base/java.util.concurrent.FutureTask.run(FutureTask.java:264)
	at java.base/java.util.concurrent.ScheduledThreadPoolExecutor$ScheduledFutureTask.run(ScheduledThreadPoolExecutor.java:304)
	at java.base/java.util.concurrent.ThreadPoolExecutor.runWorker(ThreadPoolExecutor.java:1136)
	at java.base/java.util.concurrent.ThreadPoolExecutor$Worker.run(ThreadPoolExecutor.java:635)
	at java.base/java.lang.Thread.run(Thread.java:840)
14034 INFO  [si.isystem.eclipse.debug - 0] ISysAbstractDsfService : ***  14038.5289  ***  ISysConnectionService initialization(super) finished.
14036 INFO  [si.isystem.eclipse.debug - 0] ISysAbstractDsfService : ***  14040.4908  ***  ISysConnectionService initialization(main) started.
14036 INFO  [si.isystem.eclipse.debug - 0] ISysAbstractDsfService : ***  14040.8331  ***  ISysConnectionService initialization(main) finished.
14037 ERROR [si.isystem.eclipse.debug - 0] ISysAbstractDsfService : ISysConnectionService initialization(sub) failed: 'Failed to initialize connection service.'!
java.io.IOException: ICONNECT_E_ERROR: Error occurred while performing the requested operation. / Application: App
Symbol file not found: C:\Users\Daniel\Desktop\FG9326M8GTEI4\DEC - Drive Electronic Controller\DEC_FBL\TriCore Debug (TASKING)\DEC_FBL.elf
 / isys::CSessionCtrl::begin_program() failed! winIDEA error:   [WrapperBase.cpp, 91]
	at si.isystem.connect.connectJNI.CSessionCtrl_begin_program(Native Method)
	at si.isystem.connect.CSessionCtrl.begin_program(CSessionCtrl.java:65)
	at si.isystem.debug.core.proxy.SessionControllerProxy.beginProgram(Unknown Source)
	at si.isystem.debug.core.proxy.ISysSessionManager.begin(Unknown Source)
	at si.isystem.debug.core.winidea.IConLaunchManager.startDebugSession(Unknown Source)
	at si.isystem.dsf.services.ISysConnectionService.startWinIdeaDebugSession(Unknown Source)
	at si.isystem.dsf.services.ISysConnectionService.startWinIdeaDebugSessionWithProgressDialog(Unknown Source)
	at si.isystem.dsf.services.ISysConnectionService.doInitialize(Unknown Source)
	at si.isystem.dsf.ISysAbstractDsfService.initialize(Unknown Source)
	at si.isystem.dsf.launch.ISysServiceInitializationSequence$1.execute(Unknown Source)
	at org.eclipse.cdt.dsf.concurrent.Sequence.executeStep(Sequence.java:475)
	at org.eclipse.cdt.dsf.concurrent.Sequence.run(Sequence.java:380)
	at java.base/java.util.concurrent.Executors$RunnableAdapter.call(Executors.java:539)
	at java.base/java.util.concurrent.FutureTask.run(FutureTask.java:264)
	at java.base/java.util.concurrent.ScheduledThreadPoolExecutor$ScheduledFutureTask.run(ScheduledThreadPoolExecutor.java:304)
	at java.base/java.util.concurrent.ThreadPoolExecutor.runWorker(ThreadPoolExecutor.java:1136)
	at java.base/java.util.concurrent.ThreadPoolExecutor$Worker.run(ThreadPoolExecutor.java:635)
	at java.base/java.lang.Thread.run(Thread.java:840)
29180 INFO  [si.isystem.eclipse.debug - 0] ISysAbstractDsfService : ***  29184.2583  ***  ISysConnectionService initialization(super) started.
29180 INFO  [si.isystem.eclipse.debug - 0] IConLaunchManager : ***  29184.6196  ***  
Starting debug session using launch configuration paramenters: 
 - Launch name = 'DEC_APP TriCore Debug (TASKING)'
 - Project name = 'DEC_APP'
 - Project path = 'C:/Users/Daniel/Desktop/FG9326M8GTEI4/DEC - Drive Electronic Controller/DEC_APP'
 - Output file = 'TriCore Debug (TASKING)/DEC_APP.elf'
 - Stop on startup = 'true'
 - Stop on startup location = 'core0_main'
 - Verbose mode = true' - Invisible winIDEA = 'false'
 - Bring winIDEA to top = 'true'
 - Verify download = 'true'
 - Analyze source files = 'true'
 - Shutdown winIDEA at terminate session = 'false'
 - Save winIDEA workspace = 'true'
 - winIDEA workspace path = '.ads/winIDEAWorkspaces/TriCore-Debug-(TASKING)/ADS.xjrf'
 - full winIDEA workspace path = 'C:\Users\Daniel\Desktop\FG9326M8GTEI4\DEC - Drive Electronic Controller\DEC_APP\.ads\winIDEAWorkspaces\TriCore-Debug-(TASKING)\ADS.xjrf'
 - Device = 'TC375T'
 - Hardware = 'IFX_DAS'
 - Communication = 'USB'
 - Hardware debugger = 'AURIX LITE KIT V2.0 (TC375) LK7KFCVS'
 - Image check = 'Yes'
 - Create SMP = 'true'

29181 INFO  [si.isystem.eclipse.debug - 0] ISysSessionManager : ***  29184.9248  ***  Connecting to winIDEA 'C:\Infineon\AURIX-Studio-1.10.10\winIDEA\' with workspace 'C:\Users\Daniel\Desktop\FG9326M8GTEI4\DEC - Drive Electronic Controller\DEC_APP\.ads\winIDEAWorkspaces\TriCore-Debug-(TASKING)\ADS.xjrf', winIDEA-ID: 'com.tasking.winIDEA.instance.id-DEC_APP TriCore Debug (TASKING)', visible: true, CLI args: '/HideCrashDumpMessage'
30287 INFO  [si.isystem.eclipse.debug - 0] ISysConfigOptions : ***  30292.1281  ***  DAS Servers:
30287 INFO  [si.isystem.eclipse.debug - 0] ISysConfigOptions : ***  30292.2694  ***  [i] = 'IFX_DAS: AURIX LITE KIT V2.0 (TC375) LK7KFCVS [USB]'
30287 INFO  [si.isystem.eclipse.debug - 0] ISysConfigOptions : ***  30292.3055  ***  Loading DAS Server list finished. [148ms]
30287 INFO  [si.isystem.eclipse.debug - 0] ISysConfigOptions : ***  30292.3288  ***  Setting DAS server.
30297 INFO  [si.isystem.eclipse.debug - 0] ISysConfigOptions : ***  30301.7265  ***  DAS server already set to 'AURIX LITE KIT V2.0 (TC375) LK7KFCVS'.
30318 INFO  [si.isystem.eclipse.debug - 0] ISysSessionManager : ***  30321.799  ***  Connected to winIDEA and setup workspace.
30318 INFO  [si.isystem.eclipse.debug - 0] ISysSessionManager : ***  30321.9111  ***  Version of isystem.connect for Java: 9.21.259.0
30318 INFO  [si.isystem.eclipse.debug - 0] ISysSessionManager : ***  30321.9603  ***  Version of isystem.connect DLL: 9.21.259.0.0
30318 INFO  [si.isystem.eclipse.debug - 0] ISysSessionManager : ***  30322.388  ***  Version of winIDEA: 9.21.298
30318 INFO  [si.isystem.eclipse.debug - 0] ISysSessionManager : ***  30322.4575  ***  Downloading ...
32446 INFO  [si.isystem.eclipse.debug - 0] ISysSessionManager : ***  32450.1312  ***  Downloading finished.
32446 DEBUG [si.isystem.eclipse.debug - 0] IConLaunchManager : ***  32450.2647  ***  Deleting all breakpoints...
32562 INFO  [si.isystem.eclipse.debug - 0] IConLaunchManager : ***  32566.9497  ***  Connected to target.
32562 DEBUG [si.isystem.eclipse.debug - 0] IConLaunchManager : ***  32567.0565  ***  Log level set to DEBUG
32593 INFO  [si.isystem.eclipse.debug - 0] ISysAbstractDsfService : ***  32598.0644  ***  ISysConnectionService initialization(super) finished.
32593 INFO  [si.isystem.eclipse.debug - 0] ISysAbstractDsfService : ***  32598.1435  ***  ISysConnectionService initialization(main) started.
32593 INFO  [si.isystem.eclipse.debug - 0] ISysAbstractDsfService : ***  32598.172  ***  ISysConnectionService initialization(main) finished.
32593 INFO  [si.isystem.eclipse.debug - 0] ISysAbstractDsfService : ***  32598.215  ***  ISysConnectionService initialization(sub) finished.
32594 INFO  [si.isystem.eclipse.debug - 0] ISysAbstractDsfService : ***  32598.9556  ***  ISysCommandControl initialization(super) started.
32596 INFO  [Worker-0: Command Executor Job] ISysAbstractDsfService : ***  32600.2447  ***  Command Executor Job started.
32596 INFO  [si.isystem.eclipse.debug - 0] ISysAbstractDsfService : ***  32600.3839  ***  ISysCommandControl initialization(super) finished.
32596 INFO  [si.isystem.eclipse.debug - 0] ISysAbstractDsfService : ***  32600.42  ***  ISysCommandControl initialization(main) started.
32596 INFO  [si.isystem.eclipse.debug - 0] ISysAbstractDsfService : ***  32600.9134  ***  ISysCommandControl initialization(main) finished.
32596 INFO  [si.isystem.eclipse.debug - 0] ISysAbstractDsfService : ***  32600.962  ***  ISysCommandControl initialization(sub) finished.
32600 INFO  [si.isystem.eclipse.debug - 0] ISysAbstractDsfService : ***  32605.2864  ***  ISysRunControl initialization(super) started.
32612 INFO  [si.isystem.eclipse.debug - 0] ISysAbstractDsfService : ***  32616.9662  ***  ISysRunControl initialization(super) finished.
32612 INFO  [si.isystem.eclipse.debug - 0] ISysAbstractDsfService : ***  32617.0272  ***  ISysRunControl initialization(main) started.
32613 INFO  [si.isystem.eclipse.debug - 0] ISysAbstractDsfService : ***  32617.7422  ***  ISysRunControl specified as service event listener (method: eventDispatched)
32613 INFO  [si.isystem.eclipse.debug - 0] ISysAbstractDsfService : ***  32617.8404  ***  ISysRunControl initialization(main) finished.
32621 INFO  [si.isystem.eclipse.debug - 0] ISysAbstractDsfService : ***  32625.7259  ***  ISysRunControl initialization(sub) finished.
32622 INFO  [si.isystem.eclipse.debug - 0] ISysAbstractDsfService : ***  32626.2865  ***  ISysStackService initialization(super) started.
32623 INFO  [si.isystem.eclipse.debug - 0] ISysAbstractDsfService : ***  32627.3196  ***  ISysStackService initialization(super) finished.
32623 INFO  [si.isystem.eclipse.debug - 0] ISysAbstractDsfService : ***  32627.3563  ***  ISysStackService initialization(main) started.
32623 INFO  [si.isystem.eclipse.debug - 0] ISysAbstractDsfService : ***  32627.5923  ***  ISysStackService specified as service event listener (method: eventDispatched)
32623 INFO  [si.isystem.eclipse.debug - 0] ISysAbstractDsfService : ***  32627.6556  ***  ISysStackService initialization(main) finished.
32623 INFO  [si.isystem.eclipse.debug - 0] ISysAbstractDsfService : ***  32627.688  ***  ISysStackService initialization(sub) finished.
32623 INFO  [si.isystem.eclipse.debug - 0] ISysAbstractDsfService : ***  32628.0255  ***  ISysMemoryService initialization(super) started.
32624 INFO  [si.isystem.eclipse.debug - 0] ISysAbstractDsfService : ***  32628.7593  ***  Starting Memory Service sub-initialization sequence.
32624 INFO  [si.isystem.eclipse.debug - 0] ISysAbstractDsfService : ***  32628.8144  ***  ISysMemoryService initialization(super) finished.
32624 INFO  [si.isystem.eclipse.debug - 0] ISysAbstractDsfService : ***  32628.8381  ***  ISysMemoryService initialization(main) started.
32624 INFO  [si.isystem.eclipse.debug - 0] ISysAbstractDsfService : ***  32629.1873  ***  ISysMemoryService specified as service event listener (method: eventDispatched)
32624 INFO  [si.isystem.eclipse.debug - 0] ISysAbstractDsfService : ***  32629.231  ***  ISysMemoryService initialization(main) finished.
32624 INFO  [si.isystem.eclipse.debug - 0] ISysAbstractDsfService : ***  32629.2817  ***  Initializing Memory Service command cache.
32624 INFO  [si.isystem.eclipse.debug - 0] ISysAbstractDsfService : ***  32629.3755  ***  Memory Service command cache initialized.
32624 INFO  [si.isystem.eclipse.debug - 0] ISysAbstractDsfService : ***  32629.4265  ***  Initializing Memory Service block retrieval.
32629 INFO  [si.isystem.eclipse.debug - 0] ISysAbstractDsfService : ***  32633.4294  ***  Memory Service block retrieval initialized.
32629 INFO  [si.isystem.eclipse.debug - 0] ISysAbstractDsfService : ***  32633.4934  ***  Loading memory area properties.
32632 INFO  [si.isystem.eclipse.debug - 0] ISysAbstractDsfService : ***  32636.1367  ***  Adding 1 memory blocks.
32632 INFO  [si.isystem.eclipse.debug - 0] ISysAbstractDsfService : ***  32636.2496  ***  Block 'Virtual' [00000000:ffffffff] MAU=8 visible
32632 INFO  [si.isystem.eclipse.debug - 0] ISysAbstractDsfService : ***  32636.2831  ***  Memory Service block retrieval initialized.
32632 INFO  [si.isystem.eclipse.debug - 0] ISysAbstractDsfService : ***  32636.3323  ***  Registering memory model adapter and service.
32632 INFO  [si.isystem.eclipse.debug - 0] ISysAbstractDsfService : ***  32636.5829  ***  Memory model adapter and service registered.
32632 INFO  [si.isystem.eclipse.debug - 0] ISysAbstractDsfService : ***  32636.63  ***  ISysMemoryService initialization(sub) finished.
32632 INFO  [si.isystem.eclipse.debug - 0] ISysAbstractDsfService : ***  32636.8628  ***  ISysSourceLookupService initialization(super) started.
32633 INFO  [si.isystem.eclipse.debug - 0] ISysAbstractDsfService : ***  32637.0351  ***  ISysSourceLookupService initialization(super) finished.
32633 INFO  [si.isystem.eclipse.debug - 0] ISysAbstractDsfService : ***  32637.0785  ***  ISysSourceLookupService initialization(main) started.
32633 INFO  [si.isystem.eclipse.debug - 0] ISysAbstractDsfService : ***  32637.1263  ***  ISysSourceLookupService initialization(main) finished.
32633 INFO  [si.isystem.eclipse.debug - 0] ISysAbstractDsfService : ***  32637.1553  ***  ISysSourceLookupService initialization(sub) finished.
32633 INFO  [si.isystem.eclipse.debug - 0] ISysAbstractDsfService : ***  32637.9802  ***  ISysExpressionsService initialization(super) started.
32634 INFO  [si.isystem.eclipse.debug - 0] ISysAbstractDsfService : ***  32638.2044  ***  ISysExpressionsService initialization(super) finished.
32634 INFO  [si.isystem.eclipse.debug - 0] ISysAbstractDsfService : ***  32638.2332  ***  ISysExpressionsService initialization(main) started.
32634 INFO  [si.isystem.eclipse.debug - 0] ISysAbstractDsfService : ***  32638.7779  ***  ISysExpressionsService specified as service event listener (method: eventDispatched)
32634 INFO  [si.isystem.eclipse.debug - 0] ISysAbstractDsfService : ***  32638.8976  ***  ISysExpressionsService initialization(main) finished.
32634 INFO  [si.isystem.eclipse.debug - 0] ISysAbstractDsfService : ***  32638.9326  ***  ISysExpressionsService initialization(sub) finished.
32635 INFO  [si.isystem.eclipse.debug - 0] ISysAbstractDsfService : ***  32639.7401  ***  ISysRegistersService initialization(super) started.
32636 INFO  [si.isystem.eclipse.debug - 0] ISysAbstractDsfService : ***  32640.4379  ***  ISysRegistersService initialization(super) finished.
32636 INFO  [si.isystem.eclipse.debug - 0] ISysAbstractDsfService : ***  32640.4757  ***  ISysRegistersService initialization(main) started.
32637 INFO  [si.isystem.eclipse.debug - 0] ISysAbstractDsfService : ***  32641.2962  ***  ISysRegistersService specified as service event listener (method: eventDispatched)
32637 INFO  [si.isystem.eclipse.debug - 0] ISysAbstractDsfService : ***  32641.3628  ***  ISysRegistersService initialization(main) finished.
32637 INFO  [si.isystem.eclipse.debug - 0] ISysAbstractDsfService : ***  32641.4002  ***  ISysRegistersService initialization(sub) finished.
32637 INFO  [si.isystem.eclipse.debug - 0] ISysAbstractDsfService : ***  32641.9799  ***  ISysDisassemblyService initialization(super) started.
32638 INFO  [si.isystem.eclipse.debug - 0] ISysAbstractDsfService : ***  32642.2374  ***  ISysDisassemblyService initialization(super) finished.
32638 INFO  [si.isystem.eclipse.debug - 0] ISysAbstractDsfService : ***  32642.2721  ***  ISysDisassemblyService initialization(main) started.
32638 INFO  [si.isystem.eclipse.debug - 0] ISysAbstractDsfService : ***  32642.3371  ***  ISysDisassemblyService initialization(main) finished.
32638 INFO  [si.isystem.eclipse.debug - 0] ISysAbstractDsfService : ***  32642.3814  ***  ISysDisassemblyService initialization(sub) finished.
32638 INFO  [si.isystem.eclipse.debug - 0] ISysAbstractDsfService : ***  32642.827  ***  ISysSfrService initialization(super) started.
32639 INFO  [si.isystem.eclipse.debug - 0] ISysAbstractDsfService : ***  32643.1346  ***  ISysSfrService initialization(super) finished.
32639 INFO  [si.isystem.eclipse.debug - 0] ISysAbstractDsfService : ***  32643.1625  ***  ISysSfrService initialization(main) started.
32639 INFO  [si.isystem.eclipse.debug - 0] ISysAbstractDsfService : ***  32643.5154  ***  ISysSfrService specified as service event listener (method: eventDispatched)
32639 INFO  [si.isystem.eclipse.debug - 0] ISysAbstractDsfService : ***  32643.553  ***  ISysSfrService initialization(main) finished.
33130 INFO  [si.isystem.eclipse.debug - 0] ISysAbstractDsfService : ***  33134.0718  ***  ISysSfrService initialization(sub) finished.
33130 INFO  [si.isystem.eclipse.debug - 0] ISysAbstractDsfService : ***  33134.5327  ***  ISysRteService initialization(super) started.
33130 INFO  [si.isystem.eclipse.debug - 0] ISysAbstractDsfService : ***  33134.7999  ***  ISysRteService initialization(super) finished.
33130 INFO  [si.isystem.eclipse.debug - 0] ISysAbstractDsfService : ***  33134.8265  ***  ISysRteService initialization(main) started.
33130 INFO  [si.isystem.eclipse.debug - 0] ISysAbstractDsfService : ***  33135.0333  ***  ISysRteService specified as service event listener (method: eventDispatched)
33130 INFO  [si.isystem.eclipse.debug - 0] ISysAbstractDsfService : ***  33135.0761  ***  ISysRteService initialization(main) finished.
33131 INFO  [si.isystem.eclipse.debug - 0] ISysAbstractDsfService : ***  33135.103  ***  ISysRteService initialization(sub) finished.
33132 INFO  [si.isystem.eclipse.debug - 0] ISysAbstractDsfService : ***  33136.408  ***  ISysBreakpointService initialization(super) started.
33132 INFO  [si.isystem.eclipse.debug - 0] ISysAbstractDsfService : ***  33136.8476  ***  ISysBreakpointService initialization(super) finished.
33132 INFO  [si.isystem.eclipse.debug - 0] ISysAbstractDsfService : ***  33136.8781  ***  ISysBreakpointService initialization(main) started.
33132 INFO  [si.isystem.eclipse.debug - 0] ISysAbstractDsfService : ***  33137.1068  ***  ISysBreakpointService specified as service event listener (method: eventDispatched)
33133 INFO  [si.isystem.eclipse.debug - 0] ISysAbstractDsfService : ***  33137.1538  ***  ISysBreakpointService initialization(main) finished.
33133 INFO  [si.isystem.eclipse.debug - 0] ISysAbstractDsfService : ***  33137.1858  ***  ISysBreakpointService initialization(sub) finished.
33136 INFO  [si.isystem.eclipse.debug - 0] ISysLaunch : ***  33140.5489  ***  Services initialization sequence completed
180905 WARN  [si.isystem.eclipse.debug - 0] ISysAbstractCommand : Failed to execute command: Index 0 out of bounds for length 0
java.lang.ArrayIndexOutOfBoundsException: Index 0 out of bounds for length 0
	at si.isystem.dsf.services.ISysRunControl.updateCpuStatus(Unknown Source)
	at si.isystem.dsf.control.commands.ISysCmdMiscUpdateCpuStatus.process(Unknown Source)
	at si.isystem.dsf.control.ISysAbstractCommand.executeCommand(Unknown Source)
	at si.isystem.dsf.services.ISysCommandControl$CommandExecutorJob$1.run(Unknown Source)
	at java.base/java.util.concurrent.Executors$RunnableAdapter.call(Executors.java:539)
	at java.base/java.util.concurrent.FutureTask.run(FutureTask.java:264)
	at java.base/java.util.concurrent.ScheduledThreadPoolExecutor$ScheduledFutureTask.run(ScheduledThreadPoolExecutor.java:304)
	at java.base/java.util.concurrent.ThreadPoolExecutor.runWorker(ThreadPoolExecutor.java:1136)
	at java.base/java.util.concurrent.ThreadPoolExecutor$Worker.run(ThreadPoolExecutor.java:635)
	at java.base/java.lang.Thread.run(Thread.java:840)
180906 INFO  [si.isystem.eclipse.debug - 0] ISysAbstractDsfService : ***  180910.5563  ***  Unable to retrieve SoC status - terminating debug session
180907 INFO  [si.isystem.eclipse.debug - 0] ISysAbstractDsfService : ***  180911.474  ***  Unable to retrieve SoC status - terminating debug session
180907 INFO  [si.isystem.eclipse.debug - 0] ISysAbstractDsfService : ***  180911.845  ***  Unable to retrieve SoC status - terminating debug session
180908 INFO  [si.isystem.eclipse.debug - 0] ISysAbstractDsfService : ***  180912.218  ***  Unable to retrieve SoC status - terminating debug session
180908 INFO  [si.isystem.eclipse.debug - 0] ISysAbstractDsfService : ***  180912.5748  ***  Unable to retrieve SoC status - terminating debug session
180909 INFO  [si.isystem.eclipse.debug - 0] ISysAbstractDsfService : ***  180912.985  ***  Unable to retrieve SoC status - terminating debug session
180909 INFO  [si.isystem.eclipse.debug - 0] ISysAbstractDsfService : ***  180913.3343  ***  Unable to retrieve SoC status - terminating debug session
180909 INFO  [si.isystem.eclipse.debug - 0] ISysAbstractDsfService : ***  180913.6666  ***  Unable to retrieve SoC status - terminating debug session
180910 INFO  [si.isystem.eclipse.debug - 0] ISysAbstractDsfService : ***  180914.0097  ***  Unable to retrieve SoC status - terminating debug session
180910 INFO  [si.isystem.eclipse.debug - 0] ISysAbstractDsfService : ***  180914.3235  ***  Unable to retrieve SoC status - terminating debug session
180910 INFO  [si.isystem.eclipse.debug - 0] ISysAbstractDsfService : ***  180914.6904  ***  Unable to retrieve SoC status - terminating debug session
180910 INFO  [si.isystem.eclipse.debug - 0] ISysAbstractDsfService : ***  180914.9854  ***  Unable to retrieve SoC status - terminating debug session
180911 INFO  [si.isystem.eclipse.debug - 0] ISysAbstractDsfService : ***  180915.2982  ***  Unable to retrieve SoC status - terminating debug session
180911 INFO  [si.isystem.eclipse.debug - 0] ISysAbstractDsfService : ***  180915.5813  ***  Unable to retrieve SoC status - terminating debug session
180911 INFO  [si.isystem.eclipse.debug - 0] ISysAbstractDsfService : ***  180915.8296  ***  Unable to retrieve SoC status - terminating debug session
180912 INFO  [si.isystem.eclipse.debug - 0] ISysAbstractDsfService : ***  180916.0897  ***  Unable to retrieve SoC status - terminating debug session
180912 INFO  [si.isystem.eclipse.debug - 0] ISysAbstractDsfService : ***  180916.3388  ***  Unable to retrieve SoC status - terminating debug session
180912 INFO  [si.isystem.eclipse.debug - 0] ISysAbstractDsfService : ***  180916.648  ***  Unable to retrieve SoC status - terminating debug session
180912 INFO  [si.isystem.eclipse.debug - 0] ISysAbstractDsfService : ***  180917.0217  ***  Unable to retrieve SoC status - terminating debug session
180913 INFO  [si.isystem.eclipse.debug - 0] ISysAbstractDsfService : ***  180917.3409  ***  Unable to retrieve SoC status - terminating debug session
180914 INFO  [si.isystem.eclipse.debug - 0] ISysAbstractDsfService : ***  180917.651  ***  Unable to retrieve SoC status - terminating debug session
180914 INFO  [si.isystem.eclipse.debug - 0] ISysAbstractDsfService : ***  180917.9274  ***  Unable to retrieve SoC status - terminating debug session
180914 INFO  [si.isystem.eclipse.debug - 0] ISysAbstractDsfService : ***  180918.2302  ***  Unable to retrieve SoC status - terminating debug session
180914 INFO  [si.isystem.eclipse.debug - 0] ISysAbstractDsfService : ***  180918.5181  ***  Unable to retrieve SoC status - terminating debug session
180922 INFO  [si.isystem.eclipse.debug - 0] ISysAbstractDsfService : ***  180926.1145  ***  Unable to retrieve SoC status - terminating debug session
180922 INFO  [si.isystem.eclipse.debug - 0] ISysAbstractDsfService : ***  180926.4182  ***  Unable to retrieve SoC status - terminating debug session
180922 INFO  [si.isystem.eclipse.debug - 0] ISysAbstractDsfService : ***  180926.7315  ***  Unable to retrieve SoC status - terminating debug session
180923 INFO  [si.isystem.eclipse.debug - 0] ISysAbstractDsfService : ***  180927.0014  ***  Unable to retrieve SoC status - terminating debug session
180923 INFO  [si.isystem.eclipse.debug - 0] ISysAbstractDsfService : ***  180927.2558  ***  Unable to retrieve SoC status - terminating debug session
180923 INFO  [si.isystem.eclipse.debug - 0] ISysAbstractDsfService : ***  180927.5149  ***  Unable to retrieve SoC status - terminating debug session
180923 INFO  [si.isystem.eclipse.debug - 0] ISysAbstractDsfService : ***  180927.7984  ***  Unable to retrieve SoC status - terminating debug session
180924 INFO  [si.isystem.eclipse.debug - 0] ISysAbstractDsfService : ***  180928.0584  ***  Unable to retrieve SoC status - terminating debug session
180924 INFO  [si.isystem.eclipse.debug - 0] ISysAbstractDsfService : ***  180928.3752  ***  Unable to retrieve SoC status - terminating debug session
180924 INFO  [si.isystem.eclipse.debug - 0] ISysAbstractDsfService : ***  180928.657  ***  Unable to retrieve SoC status - terminating debug session
180924 INFO  [si.isystem.eclipse.debug - 0] ISysAbstractDsfService : ***  180928.8946  ***  Unable to retrieve SoC status - terminating debug session
180925 INFO  [si.isystem.eclipse.debug - 0] ISysAbstractDsfService : ***  180929.1477  ***  Unable to retrieve SoC status - terminating debug session
180925 INFO  [si.isystem.eclipse.debug - 0] ISysAbstractDsfService : ***  180929.3947  ***  Unable to retrieve SoC status - terminating debug session
180925 INFO  [si.isystem.eclipse.debug - 0] ISysAbstractDsfService : ***  180929.6362  ***  Unable to retrieve SoC status - terminating debug session
180925 INFO  [si.isystem.eclipse.debug - 0] ISysAbstractDsfService : ***  180929.8785  ***  Unable to retrieve SoC status - terminating debug session
180926 INFO  [si.isystem.eclipse.debug - 0] ISysAbstractDsfService : ***  180930.1151  ***  Unable to retrieve SoC status - terminating debug session
180926 INFO  [si.isystem.eclipse.debug - 0] ISysAbstractDsfService : ***  180930.3776  ***  Unable to retrieve SoC status - terminating debug session
180926 INFO  [si.isystem.eclipse.debug - 0] ISysAbstractDsfService : ***  180930.6549  ***  Unable to retrieve SoC status - terminating debug session
180926 INFO  [si.isystem.eclipse.debug - 0] ISysAbstractDsfService : ***  180930.896  ***  Unable to retrieve SoC status - terminating debug session
180927 INFO  [si.isystem.eclipse.debug - 0] ISysAbstractDsfService : ***  180931.1281  ***  Unable to retrieve SoC status - terminating debug session
180927 INFO  [si.isystem.eclipse.debug - 0] ISysAbstractDsfService : ***  180931.3614  ***  Unable to retrieve SoC status - terminating debug session
180927 INFO  [si.isystem.eclipse.debug - 0] ISysAbstractDsfService : ***  180931.6236  ***  Unable to retrieve SoC status - terminating debug session
180927 INFO  [si.isystem.eclipse.debug - 0] ISysAbstractDsfService : ***  180931.8578  ***  Unable to retrieve SoC status - terminating debug session
180928 INFO  [si.isystem.eclipse.debug - 0] ISysAbstractDsfService : ***  180932.167  ***  Unable to retrieve SoC status - terminating debug session
180928 INFO  [si.isystem.eclipse.debug - 0] ISysAbstractDsfService : ***  180932.4657  ***  Unable to retrieve SoC status - terminating debug session
180928 INFO  [si.isystem.eclipse.debug - 0] ISysAbstractDsfService : ***  180932.731  ***  Unable to retrieve SoC status - terminating debug session
180928 INFO  [si.isystem.eclipse.debug - 0] ISysAbstractDsfService : ***  180932.9685  ***  Unable to retrieve SoC status - terminating debug session
180929 INFO  [si.isystem.eclipse.debug - 0] ISysAbstractDsfService : ***  180933.1999  ***  Unable to retrieve SoC status - terminating debug session
180929 INFO  [si.isystem.eclipse.debug - 0] ISysAbstractDsfService : ***  180933.4833  ***  Unable to retrieve SoC status - terminating debug session
180930 INFO  [si.isystem.eclipse.debug - 0] ISysAbstractDsfService : ***  180933.7412  ***  Unable to retrieve SoC status - terminating debug session
180930 INFO  [si.isystem.eclipse.debug - 0] ISysAbstractDsfService : ***  180934.1217  ***  Unable to retrieve SoC status - terminating debug session
180930 INFO  [si.isystem.eclipse.debug - 0] ISysAbstractDsfService : ***  180934.4203  ***  Unable to retrieve SoC status - terminating debug session
180930 INFO  [si.isystem.eclipse.debug - 0] ISysAbstractDsfService : ***  180934.6615  ***  Unable to retrieve SoC status - terminating debug session
180931 INFO  [si.isystem.eclipse.debug - 0] ISysAbstractDsfService : ***  180934.9074  ***  Unable to retrieve SoC status - terminating debug session
180931 INFO  [si.isystem.eclipse.debug - 0] ISysAbstractDsfService : ***  180935.1424  ***  Unable to retrieve SoC status - terminating debug session
180931 INFO  [si.isystem.eclipse.debug - 0] ISysAbstractDsfService : ***  180935.3891  ***  Unable to retrieve SoC status - terminating debug session
180931 INFO  [si.isystem.eclipse.debug - 0] ISysAbstractDsfService : ***  180935.6278  ***  Unable to retrieve SoC status - terminating debug session
180932 INFO  [si.isystem.eclipse.debug - 0] ISysAbstractDsfService : ***  180935.8612  ***  Unable to retrieve SoC status - terminating debug session
180932 INFO  [si.isystem.eclipse.debug - 0] ISysAbstractDsfService : ***  180936.4495  ***  Unable to retrieve SoC status - terminating debug session
180933 INFO  [si.isystem.eclipse.debug - 0] ISysAbstractDsfService : ***  180936.8018  ***  Unable to retrieve SoC status - terminating debug session
180933 INFO  [si.isystem.eclipse.debug - 0] ISysAbstractDsfService : ***  180937.2254  ***  Unable to retrieve SoC status - terminating debug session
180933 INFO  [si.isystem.eclipse.debug - 0] ISysAbstractDsfService : ***  180937.6491  ***  Unable to retrieve SoC status - terminating debug session
180934 INFO  [si.isystem.eclipse.debug - 0] ISysAbstractDsfService : ***  180937.956  ***  Unable to retrieve SoC status - terminating debug session
180934 INFO  [si.isystem.eclipse.debug - 0] ISysAbstractDsfService : ***  180938.3057  ***  Unable to retrieve SoC status - terminating debug session
180934 INFO  [si.isystem.eclipse.debug - 0] ISysAbstractDsfService : ***  180938.6818  ***  Unable to retrieve SoC status - terminating debug session
180935 INFO  [si.isystem.eclipse.debug - 0] ISysAbstractDsfService : ***  180938.9701  ***  Unable to retrieve SoC status - terminating debug session
180935 INFO  [si.isystem.eclipse.debug - 0] ISysAbstractDsfService : ***  180939.3453  ***  Unable to retrieve SoC status - terminating debug session
180935 INFO  [si.isystem.eclipse.debug - 0] ISysAbstractDsfService : ***  180939.7245  ***  Unable to retrieve SoC status - terminating debug session
180936 INFO  [si.isystem.eclipse.debug - 0] ISysAbstractDsfService : ***  180940.0283  ***  Unable to retrieve SoC status - terminating debug session
180936 INFO  [si.isystem.eclipse.debug - 0] ISysAbstractDsfService : ***  180940.2711  ***  Unable to retrieve SoC status - terminating debug session
180936 INFO  [si.isystem.eclipse.debug - 0] ISysAbstractDsfService : ***  180940.5187  ***  Unable to retrieve SoC status - terminating debug session
180936 INFO  [si.isystem.eclipse.debug - 0] ISysAbstractDsfService : ***  180940.7495  ***  Unable to retrieve SoC status - terminating debug session
180937 INFO  [si.isystem.eclipse.debug - 0] ISysAbstractDsfService : ***  180940.9848  ***  Unable to retrieve SoC status - terminating debug session
180937 INFO  [si.isystem.eclipse.debug - 0] ISysAbstractDsfService : ***  180941.2075  ***  Unable to retrieve SoC status - terminating debug session
180937 INFO  [si.isystem.eclipse.debug - 0] ISysAbstractDsfService : ***  180941.478  ***  Unable to retrieve SoC status - terminating debug session
180937 INFO  [si.isystem.eclipse.debug - 0] ISysAbstractDsfService : ***  180941.748  ***  Unable to retrieve SoC status - terminating debug session
180938 INFO  [si.isystem.eclipse.debug - 0] ISysAbstractDsfService : ***  180941.9938  ***  Unable to retrieve SoC status - terminating debug session
180938 INFO  [si.isystem.eclipse.debug - 0] ISysAbstractDsfService : ***  180942.2219  ***  Unable to retrieve SoC status - terminating debug session
180938 INFO  [si.isystem.eclipse.debug - 0] ISysAbstractDsfService : ***  180942.4693  ***  Unable to retrieve SoC status - terminating debug session
180938 INFO  [si.isystem.eclipse.debug - 0] ISysAbstractDsfService : ***  180942.7997  ***  Unable to retrieve SoC status - terminating debug session
180939 INFO  [si.isystem.eclipse.debug - 0] ISysAbstractDsfService : ***  180943.0952  ***  Unable to retrieve SoC status - terminating debug session
180939 INFO  [si.isystem.eclipse.debug - 0] ISysAbstractDsfService : ***  180943.3791  ***  Unable to retrieve SoC status - terminating debug session
180939 INFO  [si.isystem.eclipse.debug - 0] ISysAbstractDsfService : ***  180943.6313  ***  Unable to retrieve SoC status - terminating debug session
180939 INFO  [si.isystem.eclipse.debug - 0] ISysAbstractDsfService : ***  180943.8513  ***  Unable to retrieve SoC status - terminating debug session
180940 INFO  [si.isystem.eclipse.debug - 0] ISysAbstractDsfService : ***  180944.0847  ***  Unable to retrieve SoC status - terminating debug session
180940 INFO  [si.isystem.eclipse.debug - 0] ISysAbstractDsfService : ***  180944.3078  ***  Unable to retrieve SoC status - terminating debug session
180940 INFO  [si.isystem.eclipse.debug - 0] ISysAbstractDsfService : ***  180944.5485  ***  Unable to retrieve SoC status - terminating debug session
180940 INFO  [si.isystem.eclipse.debug - 0] ISysAbstractDsfService : ***  180944.8558  ***  Unable to retrieve SoC status - terminating debug session
180941 INFO  [si.isystem.eclipse.debug - 0] ISysAbstractDsfService : ***  180945.1279  ***  Unable to retrieve SoC status - terminating debug session
180941 INFO  [si.isystem.eclipse.debug - 0] ISysAbstractDsfService : ***  180945.3962  ***  Unable to retrieve SoC status - terminating debug session
180941 INFO  [si.isystem.eclipse.debug - 0] ISysAbstractDsfService : ***  180945.6927  ***  Unable to retrieve SoC status - terminating debug session
180941 INFO  [si.isystem.eclipse.debug - 0] ISysAbstractDsfService : ***  180946.0175  ***  Unable to retrieve SoC status - terminating debug session
180942 INFO  [si.isystem.eclipse.debug - 0] ISysAbstractDsfService : ***  180946.3509  ***  Unable to retrieve SoC status - terminating debug session
180943 INFO  [si.isystem.eclipse.debug - 0] ISysAbstractDsfService : ***  180947.0999  ***  Unable to retrieve SoC status - terminating debug session
180943 INFO  [si.isystem.eclipse.debug - 0] ISysAbstractDsfService : ***  180947.4082  ***  Unable to retrieve SoC status - terminating debug session
180943 INFO  [si.isystem.eclipse.debug - 0] ISysAbstractDsfService : ***  180947.6751  ***  Unable to retrieve SoC status - terminating debug session
180943 INFO  [si.isystem.eclipse.debug - 0] ISysAbstractDsfService : ***  180947.9194  ***  Unable to retrieve SoC status - terminating debug session
180944 INFO  [si.isystem.eclipse.debug - 0] ISysAbstractDsfService : ***  180948.1842  ***  Unable to retrieve SoC status - terminating debug session
180944 INFO  [si.isystem.eclipse.debug - 0] ISysAbstractDsfService : ***  180948.5118  ***  Unable to retrieve SoC status - terminating debug session
180945 INFO  [si.isystem.eclipse.debug - 0] ISysAbstractDsfService : ***  180948.7801  ***  Unable to retrieve SoC status - terminating debug session
180945 INFO  [si.isystem.eclipse.debug - 0] ISysAbstractDsfService : ***  180949.0296  ***  Unable to retrieve SoC status - terminating debug session
180945 INFO  [si.isystem.eclipse.debug - 0] ISysAbstractDsfService : ***  180949.2623  ***  Unable to retrieve SoC status - terminating debug session
180945 INFO  [si.isystem.eclipse.debug - 0] ISysAbstractDsfService : ***  180949.4969  ***  Unable to retrieve SoC status - terminating debug session
180946 INFO  [si.isystem.eclipse.debug - 0] ISysAbstractDsfService : ***  180949.7436  ***  Unable to retrieve SoC status - terminating debug session
180946 INFO  [si.isystem.eclipse.debug - 0] ISysAbstractDsfService : ***  180949.9826  ***  Unable to retrieve SoC status - terminating debug session
180946 INFO  [si.isystem.eclipse.debug - 0] ISysAbstractDsfService : ***  180950.3529  ***  Unable to retrieve SoC status - terminating debug session
180946 INFO  [si.isystem.eclipse.debug - 0] ISysAbstractDsfService : ***  180950.6375  ***  Unable to retrieve SoC status - terminating debug session
180947 INFO  [si.isystem.eclipse.debug - 0] ISysAbstractDsfService : ***  180950.9317  ***  Unable to retrieve SoC status - terminating debug session
180947 INFO  [si.isystem.eclipse.debug - 0] ISysAbstractDsfService : ***  180951.1716  ***  Unable to retrieve SoC status - terminating debug session
180947 INFO  [si.isystem.eclipse.debug - 0] ISysAbstractDsfService : ***  180951.4033  ***  Unable to retrieve SoC status - terminating debug session
180947 INFO  [si.isystem.eclipse.debug - 0] ISysAbstractDsfService : ***  180951.6322  ***  Unable to retrieve SoC status - terminating debug session
180948 INFO  [si.isystem.eclipse.debug - 0] ISysAbstractDsfService : ***  180951.8632  ***  Unable to retrieve SoC status - terminating debug session
180948 INFO  [si.isystem.eclipse.debug - 0] ISysAbstractDsfService : ***  180952.1449  ***  Unable to retrieve SoC status - terminating debug session
180948 INFO  [si.isystem.eclipse.debug - 0] ISysAbstractDsfService : ***  180952.4116  ***  Unable to retrieve SoC status - terminating debug session
180948 INFO  [si.isystem.eclipse.debug - 0] ISysAbstractDsfService : ***  180952.6507  ***  Unable to retrieve SoC status - terminating debug session
180949 INFO  [si.isystem.eclipse.debug - 0] ISysAbstractDsfService : ***  180952.877  ***  Unable to retrieve SoC status - terminating debug session
180949 INFO  [si.isystem.eclipse.debug - 0] ISysAbstractDsfService : ***  180953.1073  ***  Unable to retrieve SoC status - terminating debug session
180949 INFO  [si.isystem.eclipse.debug - 0] ISysAbstractDsfService : ***  180953.3625  ***  Unable to retrieve SoC status - terminating debug session
180949 INFO  [si.isystem.eclipse.debug - 0] ISysAbstractDsfService : ***  180953.6292  ***  Unable to retrieve SoC status - terminating debug session
180950 INFO  [si.isystem.eclipse.debug - 0] ISysAbstractDsfService : ***  180953.8728  ***  Unable to retrieve SoC status - terminating debug session
180950 INFO  [si.isystem.eclipse.debug - 0] ISysAbstractDsfService : ***  180954.1099  ***  Unable to retrieve SoC status - terminating debug session
180950 INFO  [si.isystem.eclipse.debug - 0] ISysAbstractDsfService : ***  180954.3322  ***  Unable to retrieve SoC status - terminating debug session
180950 INFO  [si.isystem.eclipse.debug - 0] ISysAbstractDsfService : ***  180954.5711  ***  Unable to retrieve SoC status - terminating debug session
180951 INFO  [si.isystem.eclipse.debug - 0] ISysAbstractDsfService : ***  180954.9067  ***  Unable to retrieve SoC status - terminating debug session
180951 INFO  [si.isystem.eclipse.debug - 0] ISysAbstractDsfService : ***  180955.2702  ***  Unable to retrieve SoC status - terminating debug session
180951 INFO  [si.isystem.eclipse.debug - 0] ISysAbstractDsfService : ***  180955.6133  ***  Unable to retrieve SoC status - terminating debug session
180954 INFO  [si.isystem.eclipse.debug - 0] ISysAbstractDsfService : ***  180958.1687  ***  Unable to retrieve SoC status - terminating debug session
180954 INFO  [Worker-0: Command Executor Job] ISysAbstractDsfService : ***  180958.4354  ***  ISysCommandControl command dequeued - exiting command processing loop
180954 INFO  [si.isystem.eclipse.debug - 0] ISysAbstractCommand : ***  180958.4579  ***  Processing the last command to be processed: si.isystem.dsf.control.commands.ISysCmdMiscTerminateDebugger
180954 INFO  [si.isystem.eclipse.debug - 0] ISysAbstractDsfService : ***  180958.5428  ***  Command Control was shut down - cancelling remaining commands in queue.
180954 INFO  [si.isystem.eclipse.debug - 0] ISysAbstractDsfService : ***  180958.7441  ***  Command Controll queue is empty and closed.
180955 INFO  [si.isystem.eclipse.debug - 0] ISysAbstractDsfService : ***  180959.1962  ***  ISysBreakpointService shutdown(super) started.
180955 INFO  [si.isystem.eclipse.debug - 0] ISysAbstractDsfService : ***  180959.3117  ***  ISysBreakpointService shutdown(super) finished.
180955 INFO  [si.isystem.eclipse.debug - 0] ISysAbstractDsfService : ***  180959.3349  ***  ISysBreakpointService shutdown(main) started.
180955 INFO  [si.isystem.eclipse.debug - 0] ISysAbstractDsfService : ***  180959.363  ***  ISysBreakpointService removed from service event listener list
180955 INFO  [si.isystem.eclipse.debug - 0] ISysAbstractDsfService : ***  180959.5036  ***  ISysBreakpointService shutdown(main) finished.
180955 INFO  [si.isystem.eclipse.debug - 0] ISysAbstractDsfService : ***  180959.5491  ***  ISysBreakpointService shutdown(sub) finished.
180955 INFO  [si.isystem.eclipse.debug - 0] ISysAbstractDsfService : ***  180959.5888  ***  ISysRteService shutdown(super) started.
180955 INFO  [si.isystem.eclipse.debug - 0] ISysAbstractDsfService : ***  180959.6985  ***  ISysRteService shutdown(super) finished.
180955 INFO  [si.isystem.eclipse.debug - 0] ISysAbstractDsfService : ***  180959.7252  ***  ISysRteService shutdown(main) started.
180955 INFO  [si.isystem.eclipse.debug - 0] ISysAbstractDsfService : ***  180959.7451  ***  ISysRteService removed from service event listener list
180955 INFO  [si.isystem.eclipse.debug - 0] ISysAbstractDsfService : ***  180959.8774  ***  ISysRteService shutdown(main) finished.
180955 INFO  [si.isystem.eclipse.debug - 0] ISysAbstractDsfService : ***  180959.9309  ***  ISysRteService shutdown(sub) finished.
180955 INFO  [si.isystem.eclipse.debug - 0] ISysAbstractDsfService : ***  180959.9679  ***  ISysSfrService shutdown(super) started.
180955 INFO  [si.isystem.eclipse.debug - 0] ISysAbstractDsfService : ***  180960.075  ***  ISysSfrService shutdown(super) finished.
180956 INFO  [si.isystem.eclipse.debug - 0] ISysAbstractDsfService : ***  180960.0961  ***  ISysSfrService shutdown(main) started.
180956 INFO  [si.isystem.eclipse.debug - 0] ISysAbstractDsfService : ***  180960.1128  ***  ISysSfrService removed from service event listener list
180956 INFO  [si.isystem.eclipse.debug - 0] ISysAbstractDsfService : ***  180960.2697  ***  ISysSfrService shutdown(main) finished.
180956 INFO  [si.isystem.eclipse.debug - 0] ISysAbstractDsfService : ***  180960.3249  ***  ISysSfrService shutdown(sub) finished.
180956 INFO  [si.isystem.eclipse.debug - 0] ISysAbstractDsfService : ***  180960.3807  ***  ISysDisassemblyService shutdown(super) started.
180956 INFO  [si.isystem.eclipse.debug - 0] ISysAbstractDsfService : ***  180960.4293  ***  ISysDisassemblyService shutdown(super) finished.
180956 INFO  [si.isystem.eclipse.debug - 0] ISysAbstractDsfService : ***  180960.4536  ***  ISysDisassemblyService shutdown(main) started.
180956 INFO  [si.isystem.eclipse.debug - 0] ISysAbstractDsfService : ***  180960.5988  ***  ISysDisassemblyService shutdown(main) finished.
180956 INFO  [si.isystem.eclipse.debug - 0] ISysAbstractDsfService : ***  180960.6382  ***  ISysDisassemblyService shutdown(sub) finished.
180956 INFO  [si.isystem.eclipse.debug - 0] ISysAbstractDsfService : ***  180960.6974  ***  ISysRegistersService shutdown(super) started.
180956 INFO  [si.isystem.eclipse.debug - 0] ISysAbstractDsfService : ***  180960.7343  ***  ISysRegistersService shutdown(super) finished.
180956 INFO  [si.isystem.eclipse.debug - 0] ISysAbstractDsfService : ***  180960.7484  ***  ISysRegistersService shutdown(main) started.
180956 INFO  [si.isystem.eclipse.debug - 0] ISysAbstractDsfService : ***  180960.77  ***  ISysRegistersService removed from service event listener list
180956 INFO  [si.isystem.eclipse.debug - 0] ISysAbstractDsfService : ***  180960.9131  ***  ISysRegistersService shutdown(main) finished.
180956 INFO  [si.isystem.eclipse.debug - 0] ISysAbstractDsfService : ***  180960.9359  ***  ISysRegistersService shutdown(sub) finished.
180956 INFO  [si.isystem.eclipse.debug - 0] ISysAbstractDsfService : ***  180960.9707  ***  ISysExpressionsService shutdown(super) started.
180956 INFO  [si.isystem.eclipse.debug - 0] ISysAbstractDsfService : ***  180961.0024  ***  ISysExpressionsService shutdown(super) finished.
180956 INFO  [si.isystem.eclipse.debug - 0] ISysAbstractDsfService : ***  180961.0165  ***  ISysExpressionsService shutdown(main) started.
180956 INFO  [si.isystem.eclipse.debug - 0] ISysAbstractDsfService : ***  180961.0282  ***  ISysExpressionsService removed from service event listener list
180957 INFO  [si.isystem.eclipse.debug - 0] ISysAbstractDsfService : ***  180961.1972  ***  ISysExpressionsService shutdown(main) finished.
180957 INFO  [si.isystem.eclipse.debug - 0] ISysAbstractDsfService : ***  180961.222  ***  ISysExpressionsService shutdown(sub) finished.
180957 INFO  [si.isystem.eclipse.debug - 0] ISysAbstractDsfService : ***  180961.2577  ***  ISysSourceLookupService shutdown(super) started.
180957 INFO  [si.isystem.eclipse.debug - 0] ISysAbstractDsfService : ***  180961.2844  ***  ISysSourceLookupService shutdown(super) finished.
180957 INFO  [si.isystem.eclipse.debug - 0] ISysAbstractDsfService : ***  180961.2966  ***  ISysSourceLookupService shutdown(main) started.
180957 INFO  [si.isystem.eclipse.debug - 0] ISysAbstractDsfService : ***  180961.4096  ***  ISysSourceLookupService shutdown(main) finished.
180957 INFO  [si.isystem.eclipse.debug - 0] ISysAbstractDsfService : ***  180961.4287  ***  ISysSourceLookupService shutdown(sub) finished.
180957 INFO  [si.isystem.eclipse.debug - 0] ISysAbstractDsfService : ***  180961.4592  ***  ISysMemoryService shutdown(super) started.
180957 INFO  [si.isystem.eclipse.debug - 0] ISysAbstractDsfService : ***  180961.4912  ***  ISysMemoryService shutdown(super) finished.
180957 INFO  [si.isystem.eclipse.debug - 0] ISysAbstractDsfService : ***  180961.5044  ***  ISysMemoryService shutdown(main) started.
180957 INFO  [si.isystem.eclipse.debug - 0] ISysAbstractDsfService : ***  180961.5155  ***  ISysMemoryService removed from service event listener list
180957 INFO  [si.isystem.eclipse.debug - 0] ISysAbstractDsfService : ***  180961.6244  ***  ISysMemoryService shutdown(main) finished.
180958 INFO  [si.isystem.eclipse.debug - 0] ISysAbstractDsfService : ***  180961.643  ***  ISysMemoryService shutdown(sub) finished.
180958 INFO  [si.isystem.eclipse.debug - 0] ISysAbstractDsfService : ***  180961.6765  ***  ISysStackService shutdown(super) started.
180958 INFO  [si.isystem.eclipse.debug - 0] ISysAbstractDsfService : ***  180961.7099  ***  ISysStackService shutdown(super) finished.
180958 INFO  [si.isystem.eclipse.debug - 0] ISysAbstractDsfService : ***  180961.724  ***  ISysStackService shutdown(main) started.
180958 INFO  [si.isystem.eclipse.debug - 0] ISysAbstractDsfService : ***  180961.7351  ***  ISysStackService removed from service event listener list
180958 INFO  [si.isystem.eclipse.debug - 0] ISysAbstractDsfService : ***  180961.8285  ***  ISysStackService shutdown(main) finished.
180958 INFO  [si.isystem.eclipse.debug - 0] ISysAbstractDsfService : ***  180961.8464  ***  ISysStackService shutdown(sub) finished.
180958 INFO  [si.isystem.eclipse.debug - 0] ISysAbstractDsfService : ***  180961.8672  ***  ISysRunControl shutdown(super) started.
180958 INFO  [si.isystem.eclipse.debug - 0] ISysAbstractDsfService : ***  180961.9047  ***  ISysRunControl shutdown(super) finished.
180958 INFO  [si.isystem.eclipse.debug - 0] ISysAbstractDsfService : ***  180961.9171  ***  ISysRunControl shutdown(main) started.
180958 INFO  [si.isystem.eclipse.debug - 0] ISysAbstractDsfService : ***  180961.9286  ***  ISysRunControl removed from service event listener list
180958 INFO  [si.isystem.eclipse.debug - 0] ISysAbstractDsfService : ***  180962.0056  ***  ISysRunControl shutdown(main) finished.
180958 INFO  [si.isystem.eclipse.debug - 0] ISysAbstractDsfService : ***  180962.0201  ***  ISysRunControl shutdown(sub) finished.
180958 INFO  [si.isystem.eclipse.debug - 0] ISysAbstractDsfService : ***  180962.0399  ***  ISysCommandControl shutdown(super) started.
180958 INFO  [si.isystem.eclipse.debug - 0] ISysAbstractDsfService : ***  180962.0611  ***  ISysCommandControl shutdown(super) finished.
180958 INFO  [si.isystem.eclipse.debug - 0] ISysAbstractDsfService : ***  180962.0716  ***  ISysCommandControl shutdown(main) started.
180958 INFO  [si.isystem.eclipse.debug - 0] ISysAbstractDsfService : ***  180962.1491  ***  ISysCommandControl shutdown(main) finished.
180958 INFO  [si.isystem.eclipse.debug - 0] ISysAbstractDsfService : ***  180962.1639  ***  ISysCommandControl shutdown(sub) finished.
180958 INFO  [si.isystem.eclipse.debug - 0] ISysAbstractDsfService : ***  180962.1962  ***  ISysConnectionService shutdown(super) started.
180958 INFO  [si.isystem.eclipse.debug - 0] ISysAbstractDsfService : ***  180962.525  ***  ISysConnectionService shutdown(super) finished.
180958 INFO  [si.isystem.eclipse.debug - 0] ISysAbstractDsfService : ***  180962.5556  ***  ISysConnectionService shutdown(main) started.
180958 INFO  [si.isystem.eclipse.debug - 0] ISysAbstractDsfService : ***  180962.5724  ***  ISysConnectionService shutdown(main) finished.
180958 INFO  [si.isystem.eclipse.debug - 0] ISysAbstractDsfService : ***  180962.5899  ***  ISysConnectionService shutdown(sub) finished.
180959 INFO  [si.isystem.eclipse.debug - 0] ISysLaunch : ***  180962.9718  ***  Debug services shutdown completed.
16986833 INFO  [Framework stop - Equinox Container: d3664676-f932-40e0-a01c-441d767a5bef] ISysDebugPlugin : ***  1.69868379752E7  ***  Stopping Plugin si.isystem.eclipse.debug
16986836 INFO  [Framework stop - Equinox Container: d3664676-f932-40e0-a01c-441d767a5bef] ISysDebugPlugin : ***  1.69868406163E7  ***  Plugin si.isystem.eclipse.debug stopped.
