C:/Users/Daniel/STM32Cube/Repository/STM32Cube_FW_F4_V1.28.1/Drivers/CMSIS/Include/core_cm4.h:1938:34:__NVIC_SystemReset	4	static,ignoring_inline_asm
../Core/Src/stm32f4xx_it.c:46:6:NMI_Handler	8	static
../Core/Src/stm32f4xx_it.c:61:6:HardFault_Handler	8	static
../Core/Src/stm32f4xx_it.c:76:6:MemManage_Handler	8	static
../Core/Src/stm32f4xx_it.c:91:6:BusFault_Handler	8	static
../Core/Src/stm32f4xx_it.c:106:6:UsageFault_Handler	8	static
../Core/Src/stm32f4xx_it.c:121:6:SVC_Handler	4	static
../Core/Src/stm32f4xx_it.c:132:6:DebugMon_Handler	4	static
../Core/Src/stm32f4xx_it.c:143:6:PendSV_Handler	4	static
../Core/Src/stm32f4xx_it.c:154:6:SysTick_Handler	8	static
../Core/Src/stm32f4xx_it.c:173:6:PVD_IRQHandler	8	static
../Core/Src/stm32f4xx_it.c:185:6:FLASH_IRQHandler	8	static
../Core/Src/stm32f4xx_it.c:197:6:RCC_IRQHandler	4	static
../Core/Src/stm32f4xx_it.c:208:6:CAN1_TX_IRQHandler	8	static
../Core/Src/stm32f4xx_it.c:220:6:CAN1_RX0_IRQHandler	8	static
../Core/Src/stm32f4xx_it.c:232:6:FPU_IRQHandler	8	static
