../Core/Src/freertos.c:97:6:configureTimerForRunTimeStats	8	static
../Core/Src/freertos.c:102:15:getRunTimeCounterValue	4	static
../Core/Src/freertos.c:109:6:vApplicationIdleHook	8	static
../Core/Src/freertos.c:117:6:vApplicationTickHook	4	static
../Core/Src/freertos.c:124:6:vApplicationStackOverflowHook	16	static
../Core/Src/freertos.c:131:6:vApplicationMallocFailedHook	8	static
../Core/Src/freertos.c:142:6:MX_FREERTOS_Init	8	static
../Core/Src/freertos.c:183:6:QM_BSW	16	static
../Core/Src/freertos.c:200:6:QM_APPL	16	static
../Core/Src/freertos.c:217:6:CPULOAD	24	static
../Core/Src/freertos.c:250:6:Alarm5ms_Callback	16	static
