../Core/Src/freertos.c:145:6:configureTimerForRunTimeStats	8	static
../Core/Src/freertos.c:150:15:getRunTimeCounterValue	4	static
../Core/Src/freertos.c:157:6:vApplicationIdleHook	8	static
../Core/Src/freertos.c:165:6:vApplicationTickHook	4	static
../Core/Src/freertos.c:172:6:vApplicationStackOverflowHook	16	static
../Core/Src/freertos.c:179:6:vApplicationMallocFailedHook	8	static
../Core/Src/freertos.c:190:6:MX_FREERTOS_Init	8	static
../Core/Src/freertos.c:250:6:QM_APPL	24	static
../Core/Src/freertos.c:273:6:QM_BSW	24	static
../Core/Src/freertos.c:298:6:QM_NVM	24	static
../Core/Src/freertos.c:320:6:QM_DIAG	24	static
../Core/Src/freertos.c:344:6:QM_CPULOAD_MONITORING	24	static
../Core/Src/freertos.c:371:6:Alarm5ms_Callback	16	static
../Core/Src/freertos.c:383:6:Alarm10ms_Callback	16	static
../Core/Src/freertos.c:393:6:Alarm100ms_Callback	16	static
../Core/Src/freertos.c:402:6:Alarm40ms_Calback	16	static
