C:/Users/Daniel/STM32Cube/Repository/STM32Cube_FW_F4_V1.28.1/Drivers/CMSIS/Include/core_cm4.h:1938:34:__NVIC_SystemReset	4	static,ignoring_inline_asm
../Core/Src/main.c:348:5:main	16	static
../Core/Src/main.c:477:6:SystemClock_Config	88	static
../Core/Src/main.c:522:13:MX_NVIC_Init	8	static
../Core/Src/main.c:545:6:FBL_CanSpi_Sleep	8	static
../Core/Src/main.c:551:7:FBL_CanSpi_Initialize	40	static
../Core/Src/main.c:612:7:FBL_CanSpi_Transmit	24	static
../Core/Src/main.c:647:7:FBL_CanSpi_Receive	40	static
../Core/Src/main.c:690:8:FBL_CanSpi_MessagesInBuffer	16	static
../Core/Src/main.c:706:7:CanSpi_IsBussOff	16	static
../Core/Src/main.c:717:7:FBL_CanSpi_IsRxErrorPassive	16	static
../Core/Src/main.c:729:7:FBL_CanSpi_IsTxErrorPassive	16	static
../Core/Src/main.c:740:8:FBL_CanSpi_ConvertReg2ExtendedCANid	16	static
../Core/Src/main.c:759:8:FBL_CanSpi_ConvertReg2StandardCANid	16	static
../Core/Src/main.c:768:6:FBL_CanSpi_ConvertCANid2Reg	24	static
../Core/Src/main.c:795:6:FBL_CanSpi_MCP2515_Initialize	16	static
../Core/Src/main.c:810:6:FBL_CanSpi_MCP2515_SetConfigMode	16	static
../Core/Src/main.c:825:6:FBL_CanSpi_MCP2515_SetNormalMode	16	static
../Core/Src/main.c:840:6:FBL_CanSpi_MCP2515_SetSleepMode	16	static
../Core/Src/main.c:856:6:FBL_CanSpi_MCP2515_Reset	8	static
../Core/Src/main.c:862:7:FBL_CanSpi_MCP2515_ReadByte	16	static
../Core/Src/main.c:872:6:FBL_CanSpi_MCP2515_ReadRxSequence	16	static
../Core/Src/main.c:879:6:FBL_CanSpi_MCP2515_WriteByte	16	static
../Core/Src/main.c:887:6:FBL_CanSpi_MCP2515_WriteByteSequence	16	static
../Core/Src/main.c:895:6:FBL_CanSpi_MCP2515_LoadTxSequence	24	static
../Core/Src/main.c:904:6:FBL_CanSpi_MCP2515_RequestToSend	16	static
../Core/Src/main.c:910:7:FBL_CanSpi_MCP2515_ReadStatus	8	static
../Core/Src/main.c:919:7:FBL_CanSpi_MCP2515_GetRxStatus	8	static
../Core/Src/main.c:928:6:FBL_CanSpi_MCP2515_BitModify	16	static
../Core/Src/main.c:937:6:FBL_CanSpi_SPI_Tx	16	static
../Core/Src/main.c:941:6:FBL_CanSpi_SPI_TxBuffer	16	static
../Core/Src/main.c:945:7:FBL_CanSpi_SPI_Rx	8	static
../Core/Src/main.c:953:6:FBL_CanSpi_SPI_RxBuffer	16	static
../Core/Src/main.c:957:8:FBL_NvM_GetSector	24	static
../Core/Src/main.c:974:8:FBL_NvM_EraseFlash_CODING	40	static
../Core/Src/main.c:995:8:FBL_NvM_EraseFlash_CALIBRATION	40	static
../Core/Src/main.c:1016:8:FBL_NvM_EraseFlash_APPL	40	static
../Core/Src/main.c:1037:8:FBL_NvM_FlashWriteData	40	static
../Core/Src/main.c:1053:6:FBL_NvM_FlashReadData	32	static
../Core/Src/main.c:1057:6:FBL_DiagRoutine_DSC_RequestDownload	8	static
../Core/Src/main.c:1080:6:FBL_DiagRoutine_DSC_TransferData	8	static,ignoring_inline_asm
../Core/Src/main.c:1146:6:FBL_DiagRoutine_DSC_RequestTransferExit	8	static
../Core/Src/main.c:1166:6:FBL_DiagRoutine_RAR_MassEraseCODING	8	static,ignoring_inline_asm
../Core/Src/main.c:1192:6:FBL_DiagRoutine_RAR_MassEraseCALIBRATION	8	static,ignoring_inline_asm
../Core/Src/main.c:1218:6:FBL_DiagRoutine_RAR_MassEraseAPPL	8	static,ignoring_inline_asm
../Core/Src/main.c:1244:6:FBL_JumpToAppl	16	static,ignoring_inline_asm
../Core/Src/main.c:1256:6:FBL_DiagRoutine_ER_SoftReset	8	static,ignoring_inline_asm
../Core/Src/main.c:1262:6:FBL_DiagRoutine_ER_HardReset	16	static,ignoring_inline_asm
../Core/Src/main.c:1269:6:FBL_DiagRoutine_DSC_Coding	8	static
../Core/Src/main.c:1395:6:FBL_DiagRoutine_DSC_Calibration	8	static
../Core/Src/main.c:1521:6:FBL_DiagRoutine_RDBI_ReadActiveDiagnosticSession	8	static
../Core/Src/main.c:1544:6:FBL_DiagRoutine_DSC_Programming	8	static
../Core/Src/main.c:1679:6:HAL_TIM_PeriodElapsedCallback	16	static
../Core/Src/main.c:1694:6:Error_Handler	8	static
../Core/Src/main.c:1709:6:assert_failed	16	static
