../APPL/DigitalCluster/DigitalCluster.c:431:6:DigitalCluster_Init	16	static
../APPL/DigitalCluster/DigitalCluster.c:509:6:DigitalCluster_InitHandler	8	static
../APPL/DigitalCluster/DigitalCluster.c:521:6:DigitalCluster_DisplayKMTotalDcy	32	static
../APPL/DigitalCluster/DigitalCluster.c:721:6:DigitalCluster_CalculateTime	32	static
../APPL/DigitalCluster/DigitalCluster.c:801:6:DigitalCluster_DisplayCheckControl	32	static
../APPL/DigitalCluster/DigitalCluster.c:853:6:DigitalCluster_HandleTurnSignal	32	static
../APPL/DigitalCluster/DigitalCluster.c:935:6:DigitalCluster_HandleCollisionWarning	32	static
../APPL/DigitalCluster/DigitalCluster.c:1007:6:DigitalCluster_DisplayInfoLights	32	static
../APPL/DigitalCluster/DigitalCluster.c:1318:6:DigitalCluster_DisplayCenterSpeedRpm	32	static
../APPL/DigitalCluster/DigitalCluster.c:1470:6:DigitalCluster_DisplaySideSpeedRpm	32	static
../APPL/DigitalCluster/DigitalCluster.c:1513:6:DigitalCluster_CSEHandler	8	static
../APPL/DigitalCluster/DigitalCluster.c:1542:6:DigitalCluster_ShutOffDisplay	16	static
../APPL/DigitalCluster/DigitalCluster.c:1551:6:DigitalCluster_WelcomeAnimationHandler	16	static
../APPL/DigitalCluster/DigitalCluster.c:1580:6:DigitalCluster_LeavingAnimationHandler	16	static
../APPL/DigitalCluster/DigitalCluster.c:1653:6:DigitalCluster_SelfTest	16	static
../APPL/DigitalCluster/DigitalCluster.c:1685:6:DigitalCluster_InitMemory	4	static
../APPL/DigitalCluster/DigitalCluster.c:1727:6:DigitalCluster_MainFunction	16	static
