../BSW/Diag/Dcm/Dcm.c:88:6:Dcm_TxIsoTp	48	static
../BSW/Diag/Dcm/Dcm.c:145:13:DiagService_CDTCS_ControlDTCSetting	8	static
../BSW/Diag/Dcm/Dcm.c:184:13:DiagService_CC_CommunicationControl	8	static
../BSW/Diag/Dcm/Dcm.c:222:13:DiagService_TP_TesterPresent	8	static
../BSW/Diag/Dcm/Dcm.c:254:13:DiagService_WDBI_WriteCalibrationData	8	static
../BSW/Diag/Dcm/Dcm.c:288:13:DiagService_DSC_CodingSession	8	static
../BSW/Diag/Dcm/Dcm.c:301:13:DiagService_DSC_CalibrationSession	8	static
../BSW/Diag/Dcm/Dcm.c:314:13:DiagService_RDBI_ReadAwakeReasons	8	static
../BSW/Diag/Dcm/Dcm.c:350:13:DiagService_RDBI_ReadCodingData	8	static
../BSW/Diag/Dcm/Dcm.c:388:13:DiagService_RDBI_ReadCalibrationData	8	static
../BSW/Diag/Dcm/Dcm.c:426:13:DiagService_RDBI_ReadWakeupHistory	8	static
../BSW/Diag/Dcm/Dcm.c:463:13:DiagService_RDBI_ReadSWVersion	8	static
../BSW/Diag/Dcm/Dcm.c:501:13:DiagService_RDBI_ReadActiveDiagnosticSession	8	static
../BSW/Diag/Dcm/Dcm.c:535:13:DiagService_RDBI_ReadAliveTime	8	static
../BSW/Diag/Dcm/Dcm.c:569:13:DiagService_RDBPI_ReadPeriodicIgnitionCompleteStatus	8	static
../BSW/Diag/Dcm/Dcm.c:611:13:DiagService_RDBPI_ReadPeriodicGearboxSelectorCompleteStatus	8	static
../BSW/Diag/Dcm/Dcm.c:653:13:DiagService_RDBPI_ReadPeriodicPowerSteeringCompleteStatus	8	static
../BSW/Diag/Dcm/Dcm.c:695:13:DiagService_RDBPI_ReadPeriodicAccelerationCompleteStatus	8	static
../BSW/Diag/Dcm/Dcm.c:737:13:DiagService_RDBPI_ReadPeriodicBrakeCompleteStatus	8	static
../BSW/Diag/Dcm/Dcm.c:779:13:DiagService_RDBPI_ReadPeriodicDoorLockActuatorStatus	8	static
../BSW/Diag/Dcm/Dcm.c:821:13:DiagService_RDBPI_ReadPeriodicWindshieldWiperActuatorStatus	8	static
../BSW/Diag/Dcm/Dcm.c:863:13:DiagService_RDBPI_ReadPeriodicClimaFanStatus	8	static
../BSW/Diag/Dcm/Dcm.c:903:13:DiagService_RDBPI_ReadPeriodicAQS	8	static
../BSW/Diag/Dcm/Dcm.c:945:13:DiagService_RDBPI_ReadPeriodicGS	8	static
../BSW/Diag/Dcm/Dcm.c:987:13:DiagService_RDBPI_ReadPeriodicLS	8	static
../BSW/Diag/Dcm/Dcm.c:1029:13:DiagService_RDBPI_ReadPeriodicRS	8	static
../BSW/Diag/Dcm/Dcm.c:1071:13:DiagService_DSC_DefaultSession	8	static
../BSW/Diag/Dcm/Dcm.c:1104:13:DiagService_DSC_ExtendedSession	8	static
../BSW/Diag/Dcm/Dcm.c:1137:13:DiagService_DSC_ProgrammingSession	8	static
../BSW/Diag/Dcm/Dcm.c:1150:13:DiagService_ER_HardReset	8	static
../BSW/Diag/Dcm/Dcm.c:1163:13:DiagService_ER_SoftReset	8	static
../BSW/Diag/Dcm/Dcm.c:1176:13:DiagService_CDTCI_ClearDiagnosticInformation	8	static
../BSW/Diag/Dcm/Dcm.c:1215:13:DiagService_RDTCI_ReadDTCInformationSupportedDtc	8	static,ignoring_inline_asm
../BSW/Diag/Dcm/Dcm.c:1228:6:Dcm_MainFunction	16	static
