../Core/Src/freertos.c:146:6:configureTimerForRunTimeStats	8	static
../Core/Src/freertos.c:152:15:getRunTimeCounterValue	4	static
../Core/Src/freertos.c:159:6:vApplicationIdleHook	8	static
../Core/Src/freertos.c:169:6:vApplicationTickHook	4	static
../Core/Src/freertos.c:176:6:vApplicationStackOverflowHook	16	static
../Core/Src/freertos.c:183:6:vApplicationMallocFailedHook	8	static
../Core/Src/freertos.c:194:6:MX_FREERTOS_Init	8	static
../Core/Src/freertos.c:253:6:QM_APPL_OS_TASK	16	static
../Core/Src/freertos.c:287:6:QM_BSW_OS_TASK	16	static
../Core/Src/freertos.c:326:6:OS_CPULOAD_MONITORING_TASK	16	static
../Core/Src/freertos.c:361:6:NVM_HANDLING_OS_TASK	16	static
../Core/Src/freertos.c:382:6:OS_TASK_QM_DCM	16	static
../Core/Src/freertos.c:406:6:Alarm5ms_QM_APPL_Callback	16	static
../Core/Src/freertos.c:415:6:Alarm5ms_QM_BSW_Callback	16	static
../Core/Src/freertos.c:428:6:Alarm10ms_QM_APPL_Callback	16	static
../Core/Src/freertos.c:437:6:Alarm10ms_QM_BSW_Callback	16	static
