../BSW/Diag/Dcm/Dcm.c:89:6:Dcm_MainFunction	16	static
../BSW/Diag/Dcm/Dcm.c:247:6:DiagService_WDBI_CalibrationData	8	static
../BSW/Diag/Dcm/Dcm.c:258:6:DiagService_RC_LoadControl_Status	16	static
../BSW/Diag/Dcm/Dcm.c:290:6:DiagService_RC_LoadControl_RestoreLoadsStatus	8	static
../BSW/Diag/Dcm/Dcm.c:310:6:DiagService_DSC_DefaultSession	8	static
../BSW/Diag/Dcm/Dcm.c:320:6:DiagService_DSC_ExtendedSession	8	static
../BSW/Diag/Dcm/Dcm.c:330:6:DiagService_DSC_CalibrationSession	8	static
../BSW/Diag/Dcm/Dcm.c:343:6:DiagService_DSC_ProgrammingSession	8	static
../BSW/Diag/Dcm/Dcm.c:356:6:DiagService_ER_HardReset	8	static
../BSW/Diag/Dcm/Dcm.c:369:6:DiagService_TP_TesterPresent	8	static
../BSW/Diag/Dcm/Dcm.c:386:6:DiagService_CDTCI_ClearDiagnosticInformation	8	static
../BSW/Diag/Dcm/Dcm.c:395:6:Dcm_TxIsoTp	64	static
../BSW/Diag/Dcm/Dcm.c:453:6:DiagService_RDTCI_ReadDTCInformationSupportedDtc	16	static
../BSW/Diag/Dcm/Dcm.c:465:6:DiagService_RDBI_ReadSWData	8	static
../BSW/Diag/Dcm/Dcm.c:478:6:DiagService_RDBI_ReadActiveDiagnosticSession	8	static
../BSW/Diag/Dcm/Dcm.c:490:6:DiagService_RDBI_ReadAliveTime	8	static
../BSW/Diag/Dcm/Dcm.c:501:6:DiagService_CC_CommunicationControl	8	static
../BSW/Diag/Dcm/Dcm.c:516:6:DiagService_CDTCS_ControlDTCSetting	8	static
