Archive member included to satisfy reference by file (symbol)

C:/ST/STM32CubeIDE_1.10.1/STM32CubeIDE/plugins/com.st.stm32cube.ide.mcu.externaltools.gnu-tools-for-stm32.12.3.rel1.win32_1.1.0.202410251130/tools/bin/../lib/gcc/arm-none-eabi/12.3.1/../../../../arm-none-eabi/lib/thumb/v7-m/nofp\libc_nano.a(libc_a-exit.o)
                              C:/ST/STM32CubeIDE_1.10.1/STM32CubeIDE/plugins/com.st.stm32cube.ide.mcu.externaltools.gnu-tools-for-stm32.12.3.rel1.win32_1.1.0.202410251130/tools/bin/../lib/gcc/arm-none-eabi/12.3.1/../../../../arm-none-eabi/lib/thumb/v7-m/nofp/crt0.o (exit)
C:/ST/STM32CubeIDE_1.10.1/STM32CubeIDE/plugins/com.st.stm32cube.ide.mcu.externaltools.gnu-tools-for-stm32.12.3.rel1.win32_1.1.0.202410251130/tools/bin/../lib/gcc/arm-none-eabi/12.3.1/../../../../arm-none-eabi/lib/thumb/v7-m/nofp\libc_nano.a(libc_a-findfp.o)
                              C:/ST/STM32CubeIDE_1.10.1/STM32CubeIDE/plugins/com.st.stm32cube.ide.mcu.externaltools.gnu-tools-for-stm32.12.3.rel1.win32_1.1.0.202410251130/tools/bin/../lib/gcc/arm-none-eabi/12.3.1/../../../../arm-none-eabi/lib/thumb/v7-m/nofp\libc_nano.a(libc_a-exit.o) (__stdio_exit_handler)
C:/ST/STM32CubeIDE_1.10.1/STM32CubeIDE/plugins/com.st.stm32cube.ide.mcu.externaltools.gnu-tools-for-stm32.12.3.rel1.win32_1.1.0.202410251130/tools/bin/../lib/gcc/arm-none-eabi/12.3.1/../../../../arm-none-eabi/lib/thumb/v7-m/nofp\libc_nano.a(libc_a-fwalk.o)
                              C:/ST/STM32CubeIDE_1.10.1/STM32CubeIDE/plugins/com.st.stm32cube.ide.mcu.externaltools.gnu-tools-for-stm32.12.3.rel1.win32_1.1.0.202410251130/tools/bin/../lib/gcc/arm-none-eabi/12.3.1/../../../../arm-none-eabi/lib/thumb/v7-m/nofp\libc_nano.a(libc_a-findfp.o) (_fwalk_sglue)
C:/ST/STM32CubeIDE_1.10.1/STM32CubeIDE/plugins/com.st.stm32cube.ide.mcu.externaltools.gnu-tools-for-stm32.12.3.rel1.win32_1.1.0.202410251130/tools/bin/../lib/gcc/arm-none-eabi/12.3.1/../../../../arm-none-eabi/lib/thumb/v7-m/nofp\libc_nano.a(libc_a-stdio.o)
                              C:/ST/STM32CubeIDE_1.10.1/STM32CubeIDE/plugins/com.st.stm32cube.ide.mcu.externaltools.gnu-tools-for-stm32.12.3.rel1.win32_1.1.0.202410251130/tools/bin/../lib/gcc/arm-none-eabi/12.3.1/../../../../arm-none-eabi/lib/thumb/v7-m/nofp\libc_nano.a(libc_a-findfp.o) (__sread)
C:/ST/STM32CubeIDE_1.10.1/STM32CubeIDE/plugins/com.st.stm32cube.ide.mcu.externaltools.gnu-tools-for-stm32.12.3.rel1.win32_1.1.0.202410251130/tools/bin/../lib/gcc/arm-none-eabi/12.3.1/../../../../arm-none-eabi/lib/thumb/v7-m/nofp\libc_nano.a(libc_a-memset.o)
                              C:/ST/STM32CubeIDE_1.10.1/STM32CubeIDE/plugins/com.st.stm32cube.ide.mcu.externaltools.gnu-tools-for-stm32.12.3.rel1.win32_1.1.0.202410251130/tools/bin/../lib/gcc/arm-none-eabi/12.3.1/../../../../arm-none-eabi/lib/thumb/v7-m/nofp/crt0.o (memset)
C:/ST/STM32CubeIDE_1.10.1/STM32CubeIDE/plugins/com.st.stm32cube.ide.mcu.externaltools.gnu-tools-for-stm32.12.3.rel1.win32_1.1.0.202410251130/tools/bin/../lib/gcc/arm-none-eabi/12.3.1/../../../../arm-none-eabi/lib/thumb/v7-m/nofp\libc_nano.a(libc_a-closer.o)
                              C:/ST/STM32CubeIDE_1.10.1/STM32CubeIDE/plugins/com.st.stm32cube.ide.mcu.externaltools.gnu-tools-for-stm32.12.3.rel1.win32_1.1.0.202410251130/tools/bin/../lib/gcc/arm-none-eabi/12.3.1/../../../../arm-none-eabi/lib/thumb/v7-m/nofp\libc_nano.a(libc_a-stdio.o) (_close_r)
C:/ST/STM32CubeIDE_1.10.1/STM32CubeIDE/plugins/com.st.stm32cube.ide.mcu.externaltools.gnu-tools-for-stm32.12.3.rel1.win32_1.1.0.202410251130/tools/bin/../lib/gcc/arm-none-eabi/12.3.1/../../../../arm-none-eabi/lib/thumb/v7-m/nofp\libc_nano.a(libc_a-reent.o)
                              C:/ST/STM32CubeIDE_1.10.1/STM32CubeIDE/plugins/com.st.stm32cube.ide.mcu.externaltools.gnu-tools-for-stm32.12.3.rel1.win32_1.1.0.202410251130/tools/bin/../lib/gcc/arm-none-eabi/12.3.1/../../../../arm-none-eabi/lib/thumb/v7-m/nofp\libc_nano.a(libc_a-closer.o) (errno)
C:/ST/STM32CubeIDE_1.10.1/STM32CubeIDE/plugins/com.st.stm32cube.ide.mcu.externaltools.gnu-tools-for-stm32.12.3.rel1.win32_1.1.0.202410251130/tools/bin/../lib/gcc/arm-none-eabi/12.3.1/../../../../arm-none-eabi/lib/thumb/v7-m/nofp\libc_nano.a(libc_a-impure.o)
                              C:/ST/STM32CubeIDE_1.10.1/STM32CubeIDE/plugins/com.st.stm32cube.ide.mcu.externaltools.gnu-tools-for-stm32.12.3.rel1.win32_1.1.0.202410251130/tools/bin/../lib/gcc/arm-none-eabi/12.3.1/../../../../arm-none-eabi/lib/thumb/v7-m/nofp\libc_nano.a(libc_a-reent.o) (_impure_ptr)
C:/ST/STM32CubeIDE_1.10.1/STM32CubeIDE/plugins/com.st.stm32cube.ide.mcu.externaltools.gnu-tools-for-stm32.12.3.rel1.win32_1.1.0.202410251130/tools/bin/../lib/gcc/arm-none-eabi/12.3.1/../../../../arm-none-eabi/lib/thumb/v7-m/nofp\libc_nano.a(libc_a-lseekr.o)
[...]
Memory Configuration

Name             Origin             Length             Attributes
RAM              0x20000000         0x00004c00         xrw
FLASH            0x08000000         0x00003c00         xr
*default*        0x00000000         0xffffffff

Linker script and memory map

LOAD C:/ST/STM32CubeIDE_1.10.1/STM32CubeIDE/plugins/com.st.stm32cube.ide.mcu.externaltools.gnu-tools-for-stm32.12.3.rel1.win32_1.1.0.202410251130/tools/bin/../lib/gcc/arm-none-eabi/12.3.1/thumb/v7-m/nofp/crti.o
LOAD C:/ST/STM32CubeIDE_1.10.1/STM32CubeIDE/plugins/com.st.stm32cube.ide.mcu.externaltools.gnu-tools-for-stm32.12.3.rel1.win32_1.1.0.202410251130/tools/bin/../lib/gcc/arm-none-eabi/12.3.1/thumb/v7-m/nofp/crtbegin.o
LOAD C:/ST/STM32CubeIDE_1.10.1/STM32CubeIDE/plugins/com.st.stm32cube.ide.mcu.externaltools.gnu-tools-for-stm32.12.3.rel1.win32_1.1.0.202410251130/tools/bin/../lib/gcc/arm-none-eabi/12.3.1/../../../../arm-none-eabi/lib/thumb/v7-m/nofp/crt0.o
LOAD ./Core/Src/can.o
LOAD ./Core/Src/gpio.o
LOAD ./Core/Src/main.o
LOAD ./Core/Src/stm32f1xx_hal_msp.o
LOAD ./Core/Src/stm32f1xx_it.o
LOAD ./Core/Src/syscalls.o
LOAD ./Core/Src/sysmem.o
LOAD ./Core/Src/system_stm32f1xx.o
LOAD ./Core/Startup/startup_stm32f103c8tx.o
LOAD ./Drivers/STM32F1xx_HAL_Driver/stm32f1xx_hal.o
LOAD ./Drivers/STM32F1xx_HAL_Driver/stm32f1xx_hal_can.o
LOAD ./Drivers/STM32F1xx_HAL_Driver/stm32f1xx_hal_cortex.o
LOAD ./Drivers/STM32F1xx_HAL_Driver/stm32f1xx_hal_dma.o
LOAD ./Drivers/STM32F1xx_HAL_Driver/stm32f1xx_hal_exti.o
LOAD ./Drivers/STM32F1xx_HAL_Driver/stm32f1xx_hal_flash.o
LOAD ./Drivers/STM32F1xx_HAL_Driver/stm32f1xx_hal_flash_ex.o
LOAD ./Drivers/STM32F1xx_HAL_Driver/stm32f1xx_hal_gpio.o
LOAD ./Drivers/STM32F1xx_HAL_Driver/stm32f1xx_hal_gpio_ex.o
LOAD ./Drivers/STM32F1xx_HAL_Driver/stm32f1xx_hal_pwr.o
LOAD ./Drivers/STM32F1xx_HAL_Driver/stm32f1xx_hal_rcc.o
LOAD ./Drivers/STM32F1xx_HAL_Driver/stm32f1xx_hal_rcc_ex.o
START GROUP
LOAD C:/ST/STM32CubeIDE_1.10.1/STM32CubeIDE/plugins/com.st.stm32cube.ide.mcu.externaltools.gnu-tools-for-stm32.12.3.rel1.win32_1.1.0.202410251130/tools/bin/../lib/gcc/arm-none-eabi/12.3.1/../../../../arm-none-eabi/lib/thumb/v7-m/nofp\libc_nano.a
LOAD C:/ST/STM32CubeIDE_1.10.1/STM32CubeIDE/plugins/com.st.stm32cube.ide.mcu.externaltools.gnu-tools-for-stm32.12.3.rel1.win32_1.1.0.202410251130/tools/bin/../lib/gcc/arm-none-eabi/12.3.1/../../../../arm-none-eabi/lib/thumb/v7-m/nofp\libm.a
END GROUP
START GROUP
LOAD C:/ST/STM32CubeIDE_1.10.1/STM32CubeIDE/plugins/com.st.stm32cube.ide.mcu.externaltools.gnu-tools-for-stm32.12.3.rel1.win32_1.1.0.202410251130/tools/bin/../lib/gcc/arm-none-eabi/12.3.1/thumb/v7-m/nofp\libgcc.a
LOAD C:/ST/STM32CubeIDE_1.10.1/STM32CubeIDE/plugins/com.st.stm32cube.ide.mcu.externaltools.gnu-tools-for-stm32.12.3.rel1.win32_1.1.0.202410251130/tools/bin/../lib/gcc/arm-none-eabi/12.3.1/../../../../arm-none-eabi/lib/thumb/v7-m/nofp\libc_nano.a
END GROUP
START GROUP
LOAD C:/ST/STM32CubeIDE_1.10.1/STM32CubeIDE/plugins/com.st.stm32cube.ide.mcu.externaltools.gnu-tools-for-stm32.12.3.rel1.win32_1.1.0.202410251130/tools/bin/../lib/gcc/arm-none-eabi/12.3.1/thumb/v7-m/nofp\libgcc.a
LOAD C:/ST/STM32CubeIDE_1.10.1/STM32CubeIDE/plugins/com.st.stm32cube.ide.mcu.externaltools.gnu-tools-for-stm32.12.3.rel1.win32_1.1.0.202410251130/tools/bin/../lib/gcc/arm-none-eabi/12.3.1/../../../../arm-none-eabi/lib/thumb/v7-m/nofp\libc_nano.a
LOAD C:/ST/STM32CubeIDE_1.10.1/STM32CubeIDE/plugins/com.st.stm32cube.ide.mcu.externaltools.gnu-tools-for-stm32.12.3.rel1.win32_1.1.0.202410251130/tools/bin/../lib/gcc/arm-none-eabi/12.3.1/../../../../arm-none-eabi/lib/thumb/v7-m/nofp\libnosys.a
END GROUP
START GROUP
LOAD C:/ST/STM32CubeIDE_1.10.1/STM32CubeIDE/plugins/com.st.stm32cube.ide.mcu.externaltools.gnu-tools-for-stm32.12.3.rel1.win32_1.1.0.202410251130/tools/bin/../lib/gcc/arm-none-eabi/12.3.1/thumb/v7-m/nofp\libgcc.a
LOAD C:/ST/STM32CubeIDE_1.10.1/STM32CubeIDE/plugins/com.st.stm32cube.ide.mcu.externaltools.gnu-tools-for-stm32.12.3.rel1.win32_1.1.0.202410251130/tools/bin/../lib/gcc/arm-none-eabi/12.3.1/../../../../arm-none-eabi/lib/thumb/v7-m/nofp\libc_nano.a
LOAD C:/ST/STM32CubeIDE_1.10.1/STM32CubeIDE/plugins/com.st.stm32cube.ide.mcu.externaltools.gnu-tools-for-stm32.12.3.rel1.win32_1.1.0.202410251130/tools/bin/../lib/gcc/arm-none-eabi/12.3.1/../../../../arm-none-eabi/lib/thumb/v7-m/nofp\libnosys.a
END GROUP
LOAD C:/ST/STM32CubeIDE_1.10.1/STM32CubeIDE/plugins/com.st.stm32cube.ide.mcu.externaltools.gnu-tools-for-stm32.12.3.rel1.win32_1.1.0.202410251130/tools/bin/../lib/gcc/arm-none-eabi/12.3.1/thumb/v7-m/nofp/crtend.o
LOAD C:/ST/STM32CubeIDE_1.10.1/STM32CubeIDE/plugins/com.st.stm32cube.ide.mcu.externaltools.gnu-tools-for-stm32.12.3.rel1.win32_1.1.0.202410251130/tools/bin/../lib/gcc/arm-none-eabi/12.3.1/thumb/v7-m/nofp/crtn.o
                0x20004c00                        _estack = (ORIGIN (RAM) + LENGTH (RAM))
                0x00000300                        _Min_Heap_Size = 0x300
                0x00000500                        _Min_Stack_Size = 0x500

.isr_vector     0x08000000      0x10c
                0x08000000                        . = ALIGN (0x4)
 *(.isr_vector)
 .isr_vector    0x08000000      0x10c ./Core/Startup/startup_stm32f103c8tx.o
                0x08000000                g_pfnVectors
                0x0800010c                        . = ALIGN (0x4)

.text           0x0800010c     0x372c
                0x0800010c                        . = ALIGN (0x4)
 *(.text)
 .text          0x0800010c       0x40 C:/ST/STM32CubeIDE_1.10.1/STM32CubeIDE/plugins/com.st.stm32cube.ide.mcu.externaltools.gnu-tools-for-stm32.12.3.rel1.win32_1.1.0.202410251130/tools/bin/../lib/gcc/arm-none-eabi/12.3.1/thumb/v7-m/nofp/crtbegin.o
 *(.text*)
 .text.MX_CAN_Init
                0x0800014c       0xc0 ./Core/Src/can.o
                0x0800014c                MX_CAN_Init
 .text.HAL_CAN_MspInit
                0x0800020c       0x98 ./Core/Src/can.o
                0x0800020c                HAL_CAN_MspInit
 .text.MX_GPIO_Init
                0x080002a4      0x120 ./Core/Src/gpio.o
                0x080002a4                MX_GPIO_Init
 .text.__NVIC_SystemReset
                0x080003c4       0x2c ./Core/Src/main.o
 .text.HAL_CAN_RxFifo0FullCallback
                0x080003f0       0xb4 ./Core/Src/main.o
                0x080003f0                HAL_CAN_RxFifo0FullCallback
 .text.HAL_CAN_RxFifo0MsgPendingCallback
                0x080004a4       0xb4 ./Core/Src/main.o
                0x080004a4                HAL_CAN_RxFifo0MsgPendingCallback
 .text.main     0x08000558       0xe8 ./Core/Src/main.o
                0x08000558                main
 .text.SystemClock_Config
                0x08000640       0x8a ./Core/Src/main.o
                0x08000640                SystemClock_Config
 .text.MX_NVIC_Init
                0x080006ca       0x78 ./Core/Src/main.o
 *fill*         0x08000742        0x2 
 .text.FBL_NvM_EraseFlash_APPL
                0x08000744       0x68 ./Core/Src/main.o
                0x08000744                FBL_NvM_EraseFlash_APPL
 .text.FBL_NvM_EraseFlash_CALIBRATION
                0x080007ac       0x68 ./Core/Src/main.o
                0x080007ac                FBL_NvM_EraseFlash_CALIBRATION
 .text.Nvm_GetPage
                0x08000814       0x50 ./Core/Src/main.o
                0x08000814                Nvm_GetPage
 .text.FBL_NvM_FlashWriteData
                0x08000864       0x6e ./Core/Src/main.o
                0x08000864                FBL_NvM_FlashWriteData
 .text.FBL_NvM_FlashReadData
                0x080008d2       0x4c ./Core/Src/main.o
                0x080008d2                FBL_NvM_FlashReadData
 *fill*         0x0800091e        0x2 
 .text.FBL_DiagService_DSC_RequestDownload
                0x08000920       0xfc ./Core/Src/main.o
                0x08000920                FBL_DiagService_DSC_RequestDownload
 .text.FBL_DiagService_DSC_TransferData
                0x08000a1c      0x1d0 ./Core/Src/main.o
                0x08000a1c                FBL_DiagService_DSC_TransferData
 .text.FBL_DiagService_DSC_RequestTransferExit
                0x08000bec       0xec ./Core/Src/main.o
                0x08000bec                FBL_DiagService_DSC_RequestTransferExit
 .text.FBL_DiagService_RAR_MassEraseCALIBRATION
                0x08000cd8       0xf0 ./Core/Src/main.o
                0x08000cd8                FBL_DiagService_RAR_MassEraseCALIBRATION
 .text.FBL_DiagService_RAR_MassEraseAPPL
                0x08000dc8       0xf0 ./Core/Src/main.o
                0x08000dc8                FBL_DiagService_RAR_MassEraseAPPL
 .text.FBL_JumpToAppl
                0x08000eb8       0x90 ./Core/Src/main.o
                0x08000eb8                FBL_JumpToAppl
 .text.FBL_DiagService_ER_HardReset
                0x08000f48       0x18 ./Core/Src/main.o
                0x08000f48                FBL_DiagService_ER_HardReset
 .text.FBL_DiagService_RDBI_ReadActiveDiagnosticSession
                0x08000f60       0xfc ./Core/Src/main.o
                0x08000f60                FBL_DiagService_RDBI_ReadActiveDiagnosticSession
 .text.FBL_DiagService_DSC_Programming
                0x0800105c      0x244 ./Core/Src/main.o
                0x0800105c                FBL_DiagService_DSC_Programming
 .text.FBL_DiagService_DSC_Calibration
                0x080012a0      0x1f4 ./Core/Src/main.o
                0x080012a0                FBL_DiagService_DSC_Calibration
 .text.Error_Handler
                0x08001494        0xc ./Core/Src/main.o
                0x08001494                Error_Handler
 .text.HAL_MspInit
                0x080014a0       0x64 ./Core/Src/stm32f1xx_hal_msp.o
                0x080014a0                HAL_MspInit
 .text.__NVIC_SystemReset
                0x08001504       0x2c ./Core/Src/stm32f1xx_it.o
 .text.NMI_Handler
                0x08001530        0x8 ./Core/Src/stm32f1xx_it.o
                0x08001530                NMI_Handler
 .text.HardFault_Handler
                0x08001538        0x8 ./Core/Src/stm32f1xx_it.o
                0x08001538                HardFault_Handler
 .text.MemManage_Handler
                0x08001540        0x8 ./Core/Src/stm32f1xx_it.o
                0x08001540                MemManage_Handler
 .text.BusFault_Handler
                0x08001548        0x8 ./Core/Src/stm32f1xx_it.o
                0x08001548                BusFault_Handler
 .text.UsageFault_Handler
                0x08001550        0x8 ./Core/Src/stm32f1xx_it.o
                0x08001550                UsageFault_Handler
 .text.SVC_Handler
                0x08001558        0xc ./Core/Src/stm32f1xx_it.o
                0x08001558                SVC_Handler
 .text.DebugMon_Handler
                0x08001564        0xc ./Core/Src/stm32f1xx_it.o
                0x08001564                DebugMon_Handler
 .text.PendSV_Handler
                0x08001570        0xc ./Core/Src/stm32f1xx_it.o
                0x08001570                PendSV_Handler
 .text.SysTick_Handler
                0x0800157c        0xc ./Core/Src/stm32f1xx_it.o
                0x0800157c                SysTick_Handler
 .text.PVD_IRQHandler
                0x08001588        0xc ./Core/Src/stm32f1xx_it.o
                0x08001588                PVD_IRQHandler
 .text.FLASH_IRQHandler
                0x08001594        0xc ./Core/Src/stm32f1xx_it.o
                0x08001594                FLASH_IRQHandler
 .text.RCC_IRQHandler
                0x080015a0        0xc ./Core/Src/stm32f1xx_it.o
                0x080015a0                RCC_IRQHandler
 .text.USB_HP_CAN1_TX_IRQHandler
                0x080015ac       0x14 ./Core/Src/stm32f1xx_it.o
                0x080015ac                USB_HP_CAN1_TX_IRQHandler
 .text.USB_LP_CAN1_RX0_IRQHandler
                0x080015c0       0x14 ./Core/Src/stm32f1xx_it.o
                0x080015c0                USB_LP_CAN1_RX0_IRQHandler
 .text.CAN1_RX1_IRQHandler
                0x080015d4       0x14 ./Core/Src/stm32f1xx_it.o
                0x080015d4                CAN1_RX1_IRQHandler
 .text.CAN1_SCE_IRQHandler
                0x080015e8       0x14 ./Core/Src/stm32f1xx_it.o
                0x080015e8                CAN1_SCE_IRQHandler
 .text.SystemInit
                0x080015fc        0xc ./Core/Src/system_stm32f1xx.o
                0x080015fc                SystemInit
 .text.Reset_Handler
                0x08001608       0x48 ./Core/Startup/startup_stm32f103c8tx.o
                0x08001608                Reset_Handler
 .text.Default_Handler
                0x08001650        0x2 ./Core/Startup/startup_stm32f103c8tx.o
                0x08001650                RTC_Alarm_IRQHandler
                0x08001650                EXTI2_IRQHandler
                0x08001650                TIM1_CC_IRQHandler
                0x08001650                EXTI3_IRQHandler
                0x08001650                EXTI0_IRQHandler
                0x08001650                I2C2_EV_IRQHandler
                0x08001650                ADC1_2_IRQHandler
                0x08001650                SPI1_IRQHandler
                0x08001650                TAMPER_IRQHandler
                0x08001650                DMA1_Channel4_IRQHandler
                0x08001650                USART3_IRQHandler
                0x08001650                RTC_IRQHandler
                0x08001650                DMA1_Channel7_IRQHandler
                0x08001650                TIM4_IRQHandler
                0x08001650                I2C1_EV_IRQHandler
                0x08001650                DMA1_Channel6_IRQHandler
                0x08001650                TIM3_IRQHandler
                0x08001650                TIM1_TRG_COM_IRQHandler
                0x08001650                DMA1_Channel1_IRQHandler
                0x08001650                Default_Handler
                0x08001650                EXTI15_10_IRQHandler
                0x08001650                EXTI9_5_IRQHandler
                0x08001650                SPI2_IRQHandler
                0x08001650                DMA1_Channel5_IRQHandler
                0x08001650                EXTI4_IRQHandler
                0x08001650                DMA1_Channel3_IRQHandler
                0x08001650                TIM1_UP_IRQHandler
                0x08001650                WWDG_IRQHandler
                0x08001650                TIM2_IRQHandler
                0x08001650                TIM1_BRK_IRQHandler
                0x08001650                EXTI1_IRQHandler
                0x08001650                USART2_IRQHandler
                0x08001650                I2C2_ER_IRQHandler
                0x08001650                DMA1_Channel2_IRQHandler
                0x08001650                USART1_IRQHandler
                0x08001650                I2C1_ER_IRQHandler
                0x08001650                USBWakeUp_IRQHandler
 *fill*         0x08001652        0x2 
 .text.HAL_Init
                0x08001654       0x2c ./Drivers/STM32F1xx_HAL_Driver/stm32f1xx_hal.o
                0x08001654                HAL_Init
 .text.HAL_InitTick
                0x08001680       0x60 ./Drivers/STM32F1xx_HAL_Driver/stm32f1xx_hal.o
                0x08001680                HAL_InitTick
 .text.HAL_IncTick
                0x080016e0       0x24 ./Drivers/STM32F1xx_HAL_Driver/stm32f1xx_hal.o
                0x080016e0                HAL_IncTick
 .text.HAL_GetTick
                0x08001704       0x14 ./Drivers/STM32F1xx_HAL_Driver/stm32f1xx_hal.o
                0x08001704                HAL_GetTick
 .text.HAL_CAN_Init
                0x08001718      0x28c ./Drivers/STM32F1xx_HAL_Driver/stm32f1xx_hal_can.o
                0x08001718                HAL_CAN_Init
 .text.HAL_CAN_ConfigFilter
                0x080019a4      0x192 ./Drivers/STM32F1xx_HAL_Driver/stm32f1xx_hal_can.o
                0x080019a4                HAL_CAN_ConfigFilter
 .text.HAL_CAN_Start
                0x08001b36       0x88 ./Drivers/STM32F1xx_HAL_Driver/stm32f1xx_hal_can.o
                0x08001b36                HAL_CAN_Start
 .text.HAL_CAN_AddTxMessage
                0x08001bbe      0x19e ./Drivers/STM32F1xx_HAL_Driver/stm32f1xx_hal_can.o
                0x08001bbe                HAL_CAN_AddTxMessage
 .text.HAL_CAN_GetRxMessage
                0x08001d5c      0x242 ./Drivers/STM32F1xx_HAL_Driver/stm32f1xx_hal_can.o
                0x08001d5c                HAL_CAN_GetRxMessage
 .text.HAL_CAN_ActivateNotification
                0x08001f9e       0x4a ./Drivers/STM32F1xx_HAL_Driver/stm32f1xx_hal_can.o
                0x08001f9e                HAL_CAN_ActivateNotification
 .text.HAL_CAN_IRQHandler
                0x08001fe8      0x38a ./Drivers/STM32F1xx_HAL_Driver/stm32f1xx_hal_can.o
                0x08001fe8                HAL_CAN_IRQHandler
 .text.HAL_CAN_TxMailbox0CompleteCallback
                0x08002372       0x12 ./Drivers/STM32F1xx_HAL_Driver/stm32f1xx_hal_can.o
                0x08002372                HAL_CAN_TxMailbox0CompleteCallback
 .text.HAL_CAN_TxMailbox1CompleteCallback
                0x08002384       0x12 ./Drivers/STM32F1xx_HAL_Driver/stm32f1xx_hal_can.o
                0x08002384                HAL_CAN_TxMailbox1CompleteCallback
 .text.HAL_CAN_TxMailbox2CompleteCallback
                0x08002396       0x12 ./Drivers/STM32F1xx_HAL_Driver/stm32f1xx_hal_can.o
                0x08002396                HAL_CAN_TxMailbox2CompleteCallback
 .text.HAL_CAN_TxMailbox0AbortCallback
                0x080023a8       0x12 ./Drivers/STM32F1xx_HAL_Driver/stm32f1xx_hal_can.o
                0x080023a8                HAL_CAN_TxMailbox0AbortCallback
 .text.HAL_CAN_TxMailbox1AbortCallback
                0x080023ba       0x12 ./Drivers/STM32F1xx_HAL_Driver/stm32f1xx_hal_can.o
                0x080023ba                HAL_CAN_TxMailbox1AbortCallback
 .text.HAL_CAN_TxMailbox2AbortCallback
                0x080023cc       0x12 ./Drivers/STM32F1xx_HAL_Driver/stm32f1xx_hal_can.o
                0x080023cc                HAL_CAN_TxMailbox2AbortCallback
 .text.HAL_CAN_RxFifo1MsgPendingCallback
                0x080023de       0x12 ./Drivers/STM32F1xx_HAL_Driver/stm32f1xx_hal_can.o
                0x080023de                HAL_CAN_RxFifo1MsgPendingCallback
 .text.HAL_CAN_RxFifo1FullCallback
                0x080023f0       0x12 ./Drivers/STM32F1xx_HAL_Driver/stm32f1xx_hal_can.o
                0x080023f0                HAL_CAN_RxFifo1FullCallback
 .text.HAL_CAN_SleepCallback
                0x08002402       0x12 ./Drivers/STM32F1xx_HAL_Driver/stm32f1xx_hal_can.o
                0x08002402                HAL_CAN_SleepCallback
 .text.HAL_CAN_WakeUpFromRxMsgCallback
                0x08002414       0x12 ./Drivers/STM32F1xx_HAL_Driver/stm32f1xx_hal_can.o
                0x08002414                HAL_CAN_WakeUpFromRxMsgCallback
 .text.HAL_CAN_ErrorCallback
                0x08002426       0x12 ./Drivers/STM32F1xx_HAL_Driver/stm32f1xx_hal_can.o
                0x08002426                HAL_CAN_ErrorCallback
 .text.__NVIC_SetPriorityGrouping
                0x08002438       0x48 ./Drivers/STM32F1xx_HAL_Driver/stm32f1xx_hal_cortex.o
 .text.__NVIC_GetPriorityGrouping
                0x08002480       0x1c ./Drivers/STM32F1xx_HAL_Driver/stm32f1xx_hal_cortex.o
 .text.__NVIC_EnableIRQ
                0x0800249c       0x38 ./Drivers/STM32F1xx_HAL_Driver/stm32f1xx_hal_cortex.o
 .text.__NVIC_ClearPendingIRQ
                0x080024d4       0x3c ./Drivers/STM32F1xx_HAL_Driver/stm32f1xx_hal_cortex.o
 .text.__NVIC_SetPriority
                0x08002510       0x54 ./Drivers/STM32F1xx_HAL_Driver/stm32f1xx_hal_cortex.o
 .text.NVIC_EncodePriority
                0x08002564       0x64 ./Drivers/STM32F1xx_HAL_Driver/stm32f1xx_hal_cortex.o
 .text.SysTick_Config
                0x080025c8       0x44 ./Drivers/STM32F1xx_HAL_Driver/stm32f1xx_hal_cortex.o
 .text.HAL_NVIC_SetPriorityGrouping
                0x0800260c       0x16 ./Drivers/STM32F1xx_HAL_Driver/stm32f1xx_hal_cortex.o
                0x0800260c                HAL_NVIC_SetPriorityGrouping
 .text.HAL_NVIC_SetPriority
                0x08002622       0x38 ./Drivers/STM32F1xx_HAL_Driver/stm32f1xx_hal_cortex.o
                0x08002622                HAL_NVIC_SetPriority
 .text.HAL_NVIC_EnableIRQ
                0x0800265a       0x1c ./Drivers/STM32F1xx_HAL_Driver/stm32f1xx_hal_cortex.o
                0x0800265a                HAL_NVIC_EnableIRQ
 .text.HAL_SYSTICK_Config
                0x08002676       0x18 ./Drivers/STM32F1xx_HAL_Driver/stm32f1xx_hal_cortex.o
                0x08002676                HAL_SYSTICK_Config
 .text.HAL_NVIC_ClearPendingIRQ
                0x0800268e       0x1c ./Drivers/STM32F1xx_HAL_Driver/stm32f1xx_hal_cortex.o
                0x0800268e                HAL_NVIC_ClearPendingIRQ
 *fill*         0x080026aa        0x2 
 .text.HAL_FLASH_Program
                0x080026ac       0xe0 ./Drivers/STM32F1xx_HAL_Driver/stm32f1xx_hal_flash.o
                0x080026ac                HAL_FLASH_Program
 .text.HAL_FLASH_IRQHandler
                0x0800278c      0x1c0 ./Drivers/STM32F1xx_HAL_Driver/stm32f1xx_hal_flash.o
                0x0800278c                HAL_FLASH_IRQHandler
 .text.HAL_FLASH_EndOfOperationCallback
                0x0800294c       0x12 ./Drivers/STM32F1xx_HAL_Driver/stm32f1xx_hal_flash.o
                0x0800294c                HAL_FLASH_EndOfOperationCallback
 .text.HAL_FLASH_OperationErrorCallback
                0x0800295e       0x12 ./Drivers/STM32F1xx_HAL_Driver/stm32f1xx_hal_flash.o
                0x0800295e                HAL_FLASH_OperationErrorCallback
 .text.HAL_FLASH_Unlock
                0x08002970       0x4c ./Drivers/STM32F1xx_HAL_Driver/stm32f1xx_hal_flash.o
                0x08002970                HAL_FLASH_Unlock
 .text.HAL_FLASH_Lock
                0x080029bc       0x20 ./Drivers/STM32F1xx_HAL_Driver/stm32f1xx_hal_flash.o
                0x080029bc                HAL_FLASH_Lock
 .text.HAL_FLASH_GetError
                0x080029dc       0x14 ./Drivers/STM32F1xx_HAL_Driver/stm32f1xx_hal_flash.o
                0x080029dc                HAL_FLASH_GetError
 .text.FLASH_Program_HalfWord
                0x080029f0       0x38 ./Drivers/STM32F1xx_HAL_Driver/stm32f1xx_hal_flash.o
 .text.FLASH_WaitForLastOperation
                0x08002a28       0x8c ./Drivers/STM32F1xx_HAL_Driver/stm32f1xx_hal_flash.o
                0x08002a28                FLASH_WaitForLastOperation
 .text.FLASH_SetErrorCode
                0x08002ab4       0xa0 ./Drivers/STM32F1xx_HAL_Driver/stm32f1xx_hal_flash.o
 .text.HAL_FLASHEx_Erase
                0x08002b54       0xd8 ./Drivers/STM32F1xx_HAL_Driver/stm32f1xx_hal_flash_ex.o
                0x08002b54                HAL_FLASHEx_Erase
 .text.FLASH_MassErase
                0x08002c2c       0x38 ./Drivers/STM32F1xx_HAL_Driver/stm32f1xx_hal_flash_ex.o
 .text.FLASH_PageErase
                0x08002c64       0x40 ./Drivers/STM32F1xx_HAL_Driver/stm32f1xx_hal_flash_ex.o
                0x08002c64                FLASH_PageErase
 .text.HAL_GPIO_Init
                0x08002ca4      0x308 ./Drivers/STM32F1xx_HAL_Driver/stm32f1xx_hal_gpio.o
                0x08002ca4                HAL_GPIO_Init
 .text.HAL_GPIO_WritePin
                0x08002fac       0x30 ./Drivers/STM32F1xx_HAL_Driver/stm32f1xx_hal_gpio.o
                0x08002fac                HAL_GPIO_WritePin
 .text.HAL_PWR_PVD_IRQHandler
                0x08002fdc       0x24 ./Drivers/STM32F1xx_HAL_Driver/stm32f1xx_hal_pwr.o
                0x08002fdc                HAL_PWR_PVD_IRQHandler
 .text.HAL_PWR_PVDCallback
                0x08003000        0xc ./Drivers/STM32F1xx_HAL_Driver/stm32f1xx_hal_pwr.o
                0x08003000                HAL_PWR_PVDCallback
 .text.HAL_RCC_OscConfig
                0x0800300c      0x504 ./Drivers/STM32F1xx_HAL_Driver/stm32f1xx_hal_rcc.o
                0x0800300c                HAL_RCC_OscConfig
 .text.HAL_RCC_ClockConfig
                0x08003510      0x1d4 ./Drivers/STM32F1xx_HAL_Driver/stm32f1xx_hal_rcc.o
                0x08003510                HAL_RCC_ClockConfig
 .text.HAL_RCC_GetSysClockFreq
                0x080036e4       0xa8 ./Drivers/STM32F1xx_HAL_Driver/stm32f1xx_hal_rcc.o
                0x080036e4                HAL_RCC_GetSysClockFreq
 .text.RCC_Delay
                0x0800378c       0x3c ./Drivers/STM32F1xx_HAL_Driver/stm32f1xx_hal_rcc.o
 .text.memset   0x080037c8       0x10 C:/ST/STM32CubeIDE_1.10.1/STM32CubeIDE/plugins/com.st.stm32cube.ide.mcu.externaltools.gnu-tools-for-stm32.12.3.rel1.win32_1.1.0.202410251130/tools/bin/../lib/gcc/arm-none-eabi/12.3.1/../../../../arm-none-eabi/lib/thumb/v7-m/nofp\libc_nano.a(libc_a-memset.o)
                0x080037c8                memset
 .text.__libc_init_array
                0x080037d8       0x48 C:/ST/STM32CubeIDE_1.10.1/STM32CubeIDE/plugins/com.st.stm32cube.ide.mcu.externaltools.gnu-tools-for-stm32.12.3.rel1.win32_1.1.0.202410251130/tools/bin/../lib/gcc/arm-none-eabi/12.3.1/../../../../arm-none-eabi/lib/thumb/v7-m/nofp\libc_nano.a(libc_a-init.o)
                0x080037d8                __libc_init_array
 *(.glue_7)
 .glue_7        0x08003820        0x0 linker stubs
 *(.glue_7t)
 .glue_7t       0x08003820        0x0 linker stubs
 *(.eh_frame)
 .eh_frame      0x08003820        0x0 C:/ST/STM32CubeIDE_1.10.1/STM32CubeIDE/plugins/com.st.stm32cube.ide.mcu.externaltools.gnu-tools-for-stm32.12.3.rel1.win32_1.1.0.202410251130/tools/bin/../lib/gcc/arm-none-eabi/12.3.1/thumb/v7-m/nofp/crtbegin.o
 *(.init)
 .init          0x08003820        0x4 C:/ST/STM32CubeIDE_1.10.1/STM32CubeIDE/plugins/com.st.stm32cube.ide.mcu.externaltools.gnu-tools-for-stm32.12.3.rel1.win32_1.1.0.202410251130/tools/bin/../lib/gcc/arm-none-eabi/12.3.1/thumb/v7-m/nofp/crti.o
                0x08003820                _init
 .init          0x08003824        0x8 C:/ST/STM32CubeIDE_1.10.1/STM32CubeIDE/plugins/com.st.stm32cube.ide.mcu.externaltools.gnu-tools-for-stm32.12.3.rel1.win32_1.1.0.202410251130/tools/bin/../lib/gcc/arm-none-eabi/12.3.1/thumb/v7-m/nofp/crtn.o
 *(.fini)
 .fini          0x0800382c        0x4 C:/ST/STM32CubeIDE_1.10.1/STM32CubeIDE/plugins/com.st.stm32cube.ide.mcu.externaltools.gnu-tools-for-stm32.12.3.rel1.win32_1.1.0.202410251130/tools/bin/../lib/gcc/arm-none-eabi/12.3.1/thumb/v7-m/nofp/crti.o
                0x0800382c                _fini
 .fini          0x08003830        0x8 C:/ST/STM32CubeIDE_1.10.1/STM32CubeIDE/plugins/com.st.stm32cube.ide.mcu.externaltools.gnu-tools-for-stm32.12.3.rel1.win32_1.1.0.202410251130/tools/bin/../lib/gcc/arm-none-eabi/12.3.1/thumb/v7-m/nofp/crtn.o
                0x08003838                        . = ALIGN (0x4)
                0x08003838                        _etext = .

.vfp11_veneer   0x08003838        0x0
 .vfp11_veneer  0x08003838        0x0 linker stubs

.v4_bx          0x08003838        0x0
 .v4_bx         0x08003838        0x0 linker stubs

.iplt           0x08003838        0x0
 .iplt          0x08003838        0x0 C:/ST/STM32CubeIDE_1.10.1/STM32CubeIDE/plugins/com.st.stm32cube.ide.mcu.externaltools.gnu-tools-for-stm32.12.3.rel1.win32_1.1.0.202410251130/tools/bin/../lib/gcc/arm-none-eabi/12.3.1/thumb/v7-m/nofp/crtbegin.o

.rodata         0x08003838       0x24
                0x08003838                        . = ALIGN (0x4)
 *(.rodata)
 *(.rodata*)
 .rodata.AHBPrescTable
                0x08003838       0x10 ./Core/Src/system_stm32f1xx.o
                0x08003838                AHBPrescTable
 .rodata.aPLLMULFactorTable.1
                0x08003848       0x10 ./Drivers/STM32F1xx_HAL_Driver/stm32f1xx_hal_rcc.o
 .rodata.aPredivFactorTable.0
                0x08003858        0x2 ./Drivers/STM32F1xx_HAL_Driver/stm32f1xx_hal_rcc.o
                0x0800385c                        . = ALIGN (0x4)
 *fill*         0x0800385a        0x2 

.ARM.extab      0x0800385c        0x0
                0x0800385c                        . = ALIGN (0x4)
 *(.ARM.extab* .gnu.linkonce.armextab.*)
                0x0800385c                        . = ALIGN (0x4)

.ARM            0x0800385c        0x0
                0x0800385c                        . = ALIGN (0x4)
                0x0800385c                        __exidx_start = .
 *(.ARM.exidx*)
                0x0800385c                        __exidx_end = .
                0x0800385c                        . = ALIGN (0x4)

.preinit_array  0x0800385c        0x0
                0x0800385c                        . = ALIGN (0x4)
                0x0800385c                        PROVIDE (__preinit_array_start = .)
 *(.preinit_array*)
                0x0800385c                        PROVIDE (__preinit_array_end = .)
                0x0800385c                        . = ALIGN (0x4)

.init_array     0x0800385c        0x4
                0x0800385c                        . = ALIGN (0x4)
                0x0800385c                        PROVIDE (__init_array_start = .)
 *(SORT_BY_NAME(.init_array.*))
 *(.init_array*)
 .init_array    0x0800385c        0x4 C:/ST/STM32CubeIDE_1.10.1/STM32CubeIDE/plugins/com.st.stm32cube.ide.mcu.externaltools.gnu-tools-for-stm32.12.3.rel1.win32_1.1.0.202410251130/tools/bin/../lib/gcc/arm-none-eabi/12.3.1/thumb/v7-m/nofp/crtbegin.o
                0x08003860                        PROVIDE (__init_array_end = .)
                0x08003860                        . = ALIGN (0x4)

.fini_array     0x08003860        0x4
                0x08003860                        . = ALIGN (0x4)
                [!provide]                        PROVIDE (__fini_array_start = .)
 *(SORT_BY_NAME(.fini_array.*))
 *(.fini_array*)
 .fini_array    0x08003860        0x4 C:/ST/STM32CubeIDE_1.10.1/STM32CubeIDE/plugins/com.st.stm32cube.ide.mcu.externaltools.gnu-tools-for-stm32.12.3.rel1.win32_1.1.0.202410251130/tools/bin/../lib/gcc/arm-none-eabi/12.3.1/thumb/v7-m/nofp/crtbegin.o
                [!provide]                        PROVIDE (__fini_array_end = .)
                0x08003864                        . = ALIGN (0x4)
                0x08003864                        _sidata = LOADADDR (.data)

.rel.dyn        0x08003864        0x0
 .rel.iplt      0x08003864        0x0 C:/ST/STM32CubeIDE_1.10.1/STM32CubeIDE/plugins/com.st.stm32cube.ide.mcu.externaltools.gnu-tools-for-stm32.12.3.rel1.win32_1.1.0.202410251130/tools/bin/../lib/gcc/arm-none-eabi/12.3.1/thumb/v7-m/nofp/crtbegin.o

.data           0x20000000       0x1c load address 0x08003864
                0x20000000                        . = ALIGN (0x4)
                0x20000000                        _sdata = .
 *(.data)
 *(.data*)
 .data.FBL_DSC_Pointer
                0x20000000        0x4 ./Core/Src/main.o
                0x20000000                FBL_DSC_Pointer
 .data.FBL_DSC_State
                0x20000004        0x1 ./Core/Src/main.o
                0x20000004                FBL_DSC_State
 *fill*         0x20000005        0x3 
 .data.ROM_APPL_START_ADDR
                0x20000008        0x4 ./Core/Src/main.o
                0x20000008                ROM_APPL_START_ADDR
 .data.app_address.1
                0x2000000c        0x4 ./Core/Src/main.o
 .data.SystemCoreClock
                0x20000010        0x4 ./Core/Src/system_stm32f1xx.o
                0x20000010                SystemCoreClock
 .data.uwTickPrio
                0x20000014        0x4 ./Drivers/STM32F1xx_HAL_Driver/stm32f1xx_hal.o
                0x20000014                uwTickPrio
 .data.uwTickFreq
                0x20000018        0x1 ./Drivers/STM32F1xx_HAL_Driver/stm32f1xx_hal.o
                0x20000018                uwTickFreq
 *(.RamFunc)
 *(.RamFunc*)
                0x2000001c                        . = ALIGN (0x4)
 *fill*         0x20000019        0x3 
                0x2000001c                        _edata = .

.igot.plt       0x2000001c        0x0 load address 0x08003880
 .igot.plt      0x2000001c        0x0 C:/ST/STM32CubeIDE_1.10.1/STM32CubeIDE/plugins/com.st.stm32cube.ide.mcu.externaltools.gnu-tools-for-stm32.12.3.rel1.win32_1.1.0.202410251130/tools/bin/../lib/gcc/arm-none-eabi/12.3.1/thumb/v7-m/nofp/crtbegin.o
                0x2000001c                        . = ALIGN (0x4)

.bss            0x20000020      0x128 load address 0x08003880
                0x20000020                        _sbss = .
                0x20000020                        __bss_start__ = _sbss
 *(.bss)
 .bss           0x20000020       0x1c C:/ST/STM32CubeIDE_1.10.1/STM32CubeIDE/plugins/com.st.stm32cube.ide.mcu.externaltools.gnu-tools-for-stm32.12.3.rel1.win32_1.1.0.202410251130/tools/bin/../lib/gcc/arm-none-eabi/12.3.1/thumb/v7-m/nofp/crtbegin.o
 *(.bss*)
 .bss.hcan      0x2000003c       0x64 ./Core/Src/can.o
                0x2000003c                hcan
 .bss.notificationLocal.0
                0x200000a0        0x4 ./Core/Src/can.o
 .bss.FBL_RxFrame
                0x200000a4        0x8 ./Core/Src/main.o
                0x200000a4                FBL_RxFrame
 .bss.FBL_TxFrame
                0x200000ac        0x8 ./Core/Src/main.o
                0x200000ac                FBL_TxFrame
 .bss.FBL_RxHeader
                0x200000b4       0x1c ./Core/Src/main.o
                0x200000b4                FBL_RxHeader
 .bss.FBL_TxHeader
                0x200000d0       0x18 ./Core/Src/main.o
                0x200000d0                FBL_TxHeader
 .bss.FBL_TxMailbox
                0x200000e8        0x4 ./Core/Src/main.o
                0x200000e8                FBL_TxMailbox
 .bss.FBL_ProgrammingData
                0x200000ec        0x4 ./Core/Src/main.o
                0x200000ec                FBL_ProgrammingData
 .bss.FBL_ProgrammingIndex
                0x200000f0        0x4 ./Core/Src/main.o
                0x200000f0                FBL_ProgrammingIndex
 .bss.FBL_ProgrammingAddress
                0x200000f4        0x4 ./Core/Src/main.o
                0x200000f4                FBL_ProgrammingAddress
 .bss.ROM_APPL_START_ADDR_storedValue
                0x200000f8        0x4 ./Core/Src/main.o
                0x200000f8                ROM_APPL_START_ADDR_storedValue
 .bss.FBL_DSC_Status
                0x200000fc        0x4 ./Core/Src/main.o
                0x200000fc                FBL_DSC_Status
 .bss.EraseInitStruct.3
                0x20000100       0x10 ./Core/Src/main.o
 .bss.EraseInitStruct.2
                0x20000110       0x10 ./Core/Src/main.o
 .bss.app_entry.0
                0x20000120        0x4 ./Core/Src/main.o
 .bss.uwTick    0x20000124        0x4 ./Drivers/STM32F1xx_HAL_Driver/stm32f1xx_hal.o
                0x20000124                uwTick
 .bss.pFlash    0x20000128       0x20 ./Drivers/STM32F1xx_HAL_Driver/stm32f1xx_hal_flash.o
                0x20000128                pFlash
 *(COMMON)
                0x20000148                        . = ALIGN (0x4)
                0x20000148                        _ebss = .
                0x20000148                        __bss_end__ = _ebss

._user_heap_stack
                0x20000148      0x800 load address 0x08003880
                0x20000148                        . = ALIGN (0x8)
                [!provide]                        PROVIDE (end = .)
                0x20000148                        PROVIDE (_end = .)
                0x20000448                        . = (. + _Min_Heap_Size)
 *fill*         0x20000148      0x300 
                0x20000948                        . = (. + _Min_Stack_Size)
 *fill*         0x20000448      0x500 
                0x20000948                        . = ALIGN (0x8)

/DISCARD/
 libc.a(*)
 libm.a(*)
 libgcc.a(*)

.ARM.attributes
                0x00000000       0x29
 *(.ARM.attributes)
 .ARM.attributes
                0x00000000       0x1d C:/ST/STM32CubeIDE_1.10.1/STM32CubeIDE/plugins/com.st.stm32cube.ide.mcu.externaltools.gnu-tools-for-stm32.12.3.rel1.win32_1.1.0.202410251130/tools/bin/../lib/gcc/arm-none-eabi/12.3.1/thumb/v7-m/nofp/crti.o
 .ARM.attributes
                0x0000001d       0x2d C:/ST/STM32CubeIDE_1.10.1/STM32CubeIDE/plugins/com.st.stm32cube.ide.mcu.externaltools.gnu-tools-for-stm32.12.3.rel1.win32_1.1.0.202410251130/tools/bin/../lib/gcc/arm-none-eabi/12.3.1/thumb/v7-m/nofp/crtbegin.o
 .ARM.attributes
                0x0000004a       0x2d ./Core/Src/can.o
 .ARM.attributes
                0x00000077       0x2d ./Core/Src/gpio.o
 .ARM.attributes
                0x000000a4       0x2d ./Core/Src/main.o
 .ARM.attributes
                0x000000d1       0x2d ./Core/Src/stm32f1xx_hal_msp.o
 .ARM.attributes
                0x000000fe       0x2d ./Core/Src/stm32f1xx_it.o
 .ARM.attributes
                0x0000012b       0x2d ./Core/Src/system_stm32f1xx.o
 .ARM.attributes
                0x00000158       0x21 ./Core/Startup/startup_stm32f103c8tx.o
 .ARM.attributes
                0x00000179       0x2d ./Drivers/STM32F1xx_HAL_Driver/stm32f1xx_hal.o
 .ARM.attributes
                0x000001a6       0x2d ./Drivers/STM32F1xx_HAL_Driver/stm32f1xx_hal_can.o
 .ARM.attributes
                0x000001d3       0x2d ./Drivers/STM32F1xx_HAL_Driver/stm32f1xx_hal_cortex.o
 .ARM.attributes
                0x00000200       0x2d ./Drivers/STM32F1xx_HAL_Driver/stm32f1xx_hal_flash.o
 .ARM.attributes
                0x0000022d       0x2d ./Drivers/STM32F1xx_HAL_Driver/stm32f1xx_hal_flash_ex.o
 .ARM.attributes
                0x0000025a       0x2d ./Drivers/STM32F1xx_HAL_Driver/stm32f1xx_hal_gpio.o
 .ARM.attributes
                0x00000287       0x2d ./Drivers/STM32F1xx_HAL_Driver/stm32f1xx_hal_pwr.o
 .ARM.attributes
                0x000002b4       0x2d ./Drivers/STM32F1xx_HAL_Driver/stm32f1xx_hal_rcc.o
 .ARM.attributes
                0x000002e1       0x2d C:/ST/STM32CubeIDE_1.10.1/STM32CubeIDE/plugins/com.st.stm32cube.ide.mcu.externaltools.gnu-tools-for-stm32.12.3.rel1.win32_1.1.0.202410251130/tools/bin/../lib/gcc/arm-none-eabi/12.3.1/../../../../arm-none-eabi/lib/thumb/v7-m/nofp\libc_nano.a(libc_a-memset.o)
 .ARM.attributes
                0x0000030e       0x2d C:/ST/STM32CubeIDE_1.10.1/STM32CubeIDE/plugins/com.st.stm32cube.ide.mcu.externaltools.gnu-tools-for-stm32.12.3.rel1.win32_1.1.0.202410251130/tools/bin/../lib/gcc/arm-none-eabi/12.3.1/../../../../arm-none-eabi/lib/thumb/v7-m/nofp\libc_nano.a(libc_a-init.o)
 .ARM.attributes
                0x0000033b       0x1d C:/ST/STM32CubeIDE_1.10.1/STM32CubeIDE/plugins/com.st.stm32cube.ide.mcu.externaltools.gnu-tools-for-stm32.12.3.rel1.win32_1.1.0.202410251130/tools/bin/../lib/gcc/arm-none-eabi/12.3.1/thumb/v7-m/nofp/crtn.o
OUTPUT(PDM_FBL.elf elf32-littlearm)
LOAD linker stubs
LOAD C:/ST/STM32CubeIDE_1.10.1/STM32CubeIDE/plugins/com.st.stm32cube.ide.mcu.externaltools.gnu-tools-for-stm32.12.3.rel1.win32_1.1.0.202410251130/tools/bin/../lib/gcc/arm-none-eabi/12.3.1/../../../../arm-none-eabi/lib/thumb/v7-m/nofp\libc.a
LOAD C:/ST/STM32CubeIDE_1.10.1/STM32CubeIDE/plugins/com.st.stm32cube.ide.mcu.externaltools.gnu-tools-for-stm32.12.3.rel1.win32_1.1.0.202410251130/tools/bin/../lib/gcc/arm-none-eabi/12.3.1/../../../../arm-none-eabi/lib/thumb/v7-m/nofp\libm.a
LOAD C:/ST/STM32CubeIDE_1.10.1/STM32CubeIDE/plugins/com.st.stm32cube.ide.mcu.externaltools.gnu-tools-for-stm32.12.3.rel1.win32_1.1.0.202410251130/tools/bin/../lib/gcc/arm-none-eabi/12.3.1/thumb/v7-m/nofp\libgcc.a

.debug_info     0x00000000     0x715f
 .debug_info    0x00000000      0xa22 ./Core/Src/can.o
 .debug_info    0x00000a22      0x2d3 ./Core/Src/gpio.o
 .debug_info    0x00000cf5     0x153e ./Core/Src/main.o
 .debug_info    0x00002233      0x1f1 ./Core/Src/stm32f1xx_hal_msp.o
 .debug_info    0x00002424      0x837 ./Core/Src/stm32f1xx_it.o
 .debug_info    0x00002c5b      0x222 ./Core/Src/system_stm32f1xx.o
 .debug_info    0x00002e7d       0x30 ./Core/Startup/startup_stm32f103c8tx.o
 .debug_info    0x00002ead      0x704 ./Drivers/STM32F1xx_HAL_Driver/stm32f1xx_hal.o
 .debug_info    0x000035b1     0x1110 ./Drivers/STM32F1xx_HAL_Driver/stm32f1xx_hal_can.o
 .debug_info    0x000046c1      0xa87 ./Drivers/STM32F1xx_HAL_Driver/stm32f1xx_hal_cortex.o
 .debug_info    0x00005148      0x4f8 ./Drivers/STM32F1xx_HAL_Driver/stm32f1xx_hal_flash.o
 .debug_info    0x00005640      0x777 ./Drivers/STM32F1xx_HAL_Driver/stm32f1xx_hal_flash_ex.o
 .debug_info    0x00005db7      0x5ab ./Drivers/STM32F1xx_HAL_Driver/stm32f1xx_hal_gpio.o
 .debug_info    0x00006362      0x628 ./Drivers/STM32F1xx_HAL_Driver/stm32f1xx_hal_pwr.o
 .debug_info    0x0000698a      0x7d5 ./Drivers/STM32F1xx_HAL_Driver/stm32f1xx_hal_rcc.o

.debug_abbrev   0x00000000     0x1dce
 .debug_abbrev  0x00000000      0x253 ./Core/Src/can.o
 .debug_abbrev  0x00000253      0x13f ./Core/Src/gpio.o
 .debug_abbrev  0x00000392      0x3aa ./Core/Src/main.o
 .debug_abbrev  0x0000073c       0xdb ./Core/Src/stm32f1xx_hal_msp.o
 .debug_abbrev  0x00000817      0x213 ./Core/Src/stm32f1xx_it.o
 .debug_abbrev  0x00000a2a      0x13f ./Core/Src/system_stm32f1xx.o
 .debug_abbrev  0x00000b69       0x24 ./Core/Startup/startup_stm32f103c8tx.o
 .debug_abbrev  0x00000b8d      0x201 ./Drivers/STM32F1xx_HAL_Driver/stm32f1xx_hal.o
 .debug_abbrev  0x00000d8e      0x23e ./Drivers/STM32F1xx_HAL_Driver/stm32f1xx_hal_can.o
 .debug_abbrev  0x00000fcc      0x2f8 ./Drivers/STM32F1xx_HAL_Driver/stm32f1xx_hal_cortex.o
 .debug_abbrev  0x000012c4      0x250 ./Drivers/STM32F1xx_HAL_Driver/stm32f1xx_hal_flash.o
 .debug_abbrev  0x00001514      0x247 ./Drivers/STM32F1xx_HAL_Driver/stm32f1xx_hal_flash_ex.o
 .debug_abbrev  0x0000175b      0x1ca ./Drivers/STM32F1xx_HAL_Driver/stm32f1xx_hal_gpio.o
 .debug_abbrev  0x00001925      0x1f6 ./Drivers/STM32F1xx_HAL_Driver/stm32f1xx_hal_pwr.o
 .debug_abbrev  0x00001b1b      0x2b3 ./Drivers/STM32F1xx_HAL_Driver/stm32f1xx_hal_rcc.o

.debug_aranges  0x00000000      0x800
 .debug_aranges
                0x00000000       0x30 ./Core/Src/can.o
 .debug_aranges
                0x00000030       0x20 ./Core/Src/gpio.o
 .debug_aranges
                0x00000050       0xc8 ./Core/Src/main.o
 .debug_aranges
                0x00000118       0x20 ./Core/Src/stm32f1xx_hal_msp.o
 .debug_aranges
                0x00000138       0xa0 ./Core/Src/stm32f1xx_it.o
 .debug_aranges
                0x000001d8       0x28 ./Core/Src/system_stm32f1xx.o
 .debug_aranges
                0x00000200       0x28 ./Core/Startup/startup_stm32f103c8tx.o
 .debug_aranges
                0x00000228       0xe0 ./Drivers/STM32F1xx_HAL_Driver/stm32f1xx_hal.o
 .debug_aranges
                0x00000308      0x148 ./Drivers/STM32F1xx_HAL_Driver/stm32f1xx_hal_can.o
 .debug_aranges
                0x00000450      0x100 ./Drivers/STM32F1xx_HAL_Driver/stm32f1xx_hal_cortex.o
 .debug_aranges
                0x00000550       0x88 ./Drivers/STM32F1xx_HAL_Driver/stm32f1xx_hal_flash.o
 .debug_aranges
                0x000005d8       0x98 ./Drivers/STM32F1xx_HAL_Driver/stm32f1xx_hal_flash_ex.o
 .debug_aranges
                0x00000670       0x58 ./Drivers/STM32F1xx_HAL_Driver/stm32f1xx_hal_gpio.o
 .debug_aranges
                0x000006c8       0xa8 ./Drivers/STM32F1xx_HAL_Driver/stm32f1xx_hal_pwr.o
 .debug_aranges
                0x00000770       0x90 ./Drivers/STM32F1xx_HAL_Driver/stm32f1xx_hal_rcc.o

.debug_rnglists
                0x00000000      0x5e3
 .debug_rnglists
                0x00000000       0x21 ./Core/Src/can.o
 .debug_rnglists
                0x00000021       0x14 ./Core/Src/gpio.o
 .debug_rnglists
                0x00000035       0x9e ./Core/Src/main.o
 .debug_rnglists
                0x000000d3       0x13 ./Core/Src/stm32f1xx_hal_msp.o
 .debug_rnglists
                0x000000e6       0x73 ./Core/Src/stm32f1xx_it.o
 .debug_rnglists
                0x00000159       0x1a ./Core/Src/system_stm32f1xx.o
 .debug_rnglists
                0x00000173       0x19 ./Core/Startup/startup_stm32f103c8tx.o
 .debug_rnglists
                0x0000018c       0xa3 ./Drivers/STM32F1xx_HAL_Driver/stm32f1xx_hal.o
 .debug_rnglists
                0x0000022f       0xfb ./Drivers/STM32F1xx_HAL_Driver/stm32f1xx_hal_can.o
 .debug_rnglists
                0x0000032a       0xbb ./Drivers/STM32F1xx_HAL_Driver/stm32f1xx_hal_cortex.o
 .debug_rnglists
                0x000003e5       0x66 ./Drivers/STM32F1xx_HAL_Driver/stm32f1xx_hal_flash.o
 .debug_rnglists
                0x0000044b       0x73 ./Drivers/STM32F1xx_HAL_Driver/stm32f1xx_hal_flash_ex.o
 .debug_rnglists
                0x000004be       0x3f ./Drivers/STM32F1xx_HAL_Driver/stm32f1xx_hal_gpio.o
 .debug_rnglists
                0x000004fd       0x7a ./Drivers/STM32F1xx_HAL_Driver/stm32f1xx_hal_pwr.o
 .debug_rnglists
                0x00000577       0x6c ./Drivers/STM32F1xx_HAL_Driver/stm32f1xx_hal_rcc.o

.debug_macro    0x00000000    0x1709e
 .debug_macro   0x00000000      0x1a2 ./Core/Src/can.o
 .debug_macro   0x000001a2      0xaa8 ./Core/Src/can.o
 .debug_macro   0x00000c4a      0x215 ./Core/Src/can.o
 .debug_macro   0x00000e5f       0x2e ./Core/Src/can.o
 .debug_macro   0x00000e8d       0x22 ./Core/Src/can.o
 .debug_macro   0x00000eaf       0x22 ./Core/Src/can.o
 .debug_macro   0x00000ed1       0x8e ./Core/Src/can.o
 .debug_macro   0x00000f5f       0x51 ./Core/Src/can.o
 .debug_macro   0x00000fb0      0x103 ./Core/Src/can.o
 .debug_macro   0x000010b3       0x6a ./Core/Src/can.o
 .debug_macro   0x0000111d      0x1df ./Core/Src/can.o
 .debug_macro   0x000012fc       0x1c ./Core/Src/can.o
 .debug_macro   0x00001318       0x22 ./Core/Src/can.o
 .debug_macro   0x0000133a       0xbd ./Core/Src/can.o
 .debug_macro   0x000013f7      0xd23 ./Core/Src/can.o
 .debug_macro   0x0000211a     0xe09e ./Core/Src/can.o
 .debug_macro   0x000101b8       0x6d ./Core/Src/can.o
 .debug_macro   0x00010225     0x34a2 ./Core/Src/can.o
 .debug_macro   0x000136c7      0x189 ./Core/Src/can.o
 .debug_macro   0x00013850       0x5c ./Core/Src/can.o
 .debug_macro   0x000138ac      0x5bc ./Core/Src/can.o
 .debug_macro   0x00013e68      0x289 ./Core/Src/can.o
 .debug_macro   0x000140f1      0x1cb ./Core/Src/can.o
 .debug_macro   0x000142bc      0x114 ./Core/Src/can.o
 .debug_macro   0x000143d0      0x1b2 ./Core/Src/can.o
 .debug_macro   0x00014582       0x27 ./Core/Src/can.o
 .debug_macro   0x000145a9      0x136 ./Core/Src/can.o
 .debug_macro   0x000146df      0x1bc ./Core/Src/can.o
 .debug_macro   0x0001489b       0x34 ./Core/Src/can.o
 .debug_macro   0x000148cf       0x3c ./Core/Src/can.o
 .debug_macro   0x0001490b      0x40f ./Core/Src/can.o
 .debug_macro   0x00014d1a       0x57 ./Core/Src/can.o
 .debug_macro   0x00014d71       0x87 ./Core/Src/can.o
 .debug_macro   0x00014df8      0x240 ./Core/Src/can.o
 .debug_macro   0x00015038      0x140 ./Core/Src/can.o
 .debug_macro   0x00015178       0x83 ./Core/Src/can.o
 .debug_macro   0x000151fb      0x1a2 ./Core/Src/gpio.o
 .debug_macro   0x0001539d      0x2a5 ./Core/Src/main.o
 .debug_macro   0x00015642       0x61 ./Core/Src/main.o
 .debug_macro   0x000156a3       0x24 ./Core/Src/main.o
 .debug_macro   0x000156c7       0x43 ./Core/Src/main.o
 .debug_macro   0x0001570a       0x34 ./Core/Src/main.o
 .debug_macro   0x0001573e       0x16 ./Core/Src/main.o
 .debug_macro   0x00015754       0x43 ./Core/Src/main.o
 .debug_macro   0x00015797       0x34 ./Core/Src/main.o
 .debug_macro   0x000157cb       0x10 ./Core/Src/main.o
 .debug_macro   0x000157db       0x58 ./Core/Src/main.o
 .debug_macro   0x00015833       0x8e ./Core/Src/main.o
 .debug_macro   0x000158c1       0x1c ./Core/Src/main.o
 .debug_macro   0x000158dd      0x177 ./Core/Src/main.o
 .debug_macro   0x00015a54      0x369 ./Core/Src/main.o
 .debug_macro   0x00015dbd       0x10 ./Core/Src/main.o
 .debug_macro   0x00015dcd       0x35 ./Core/Src/main.o
 .debug_macro   0x00015e02       0x20 ./Core/Src/main.o
 .debug_macro   0x00015e22       0x22 ./Core/Src/main.o
 .debug_macro   0x00015e44      0x198 ./Core/Src/stm32f1xx_hal_msp.o
 .debug_macro   0x00015fdc      0x1a2 ./Core/Src/stm32f1xx_it.o
 .debug_macro   0x0001617e      0x18e ./Core/Src/system_stm32f1xx.o
 .debug_macro   0x0001630c      0x1b2 ./Drivers/STM32F1xx_HAL_Driver/stm32f1xx_hal.o
 .debug_macro   0x000164be      0x19d ./Drivers/STM32F1xx_HAL_Driver/stm32f1xx_hal_can.o
 .debug_macro   0x0001665b      0x18e ./Drivers/STM32F1xx_HAL_Driver/stm32f1xx_hal_cortex.o
 .debug_macro   0x000167e9      0x18e ./Drivers/STM32F1xx_HAL_Driver/stm32f1xx_hal_flash.o
 .debug_macro   0x00016977      0x1a0 ./Drivers/STM32F1xx_HAL_Driver/stm32f1xx_hal_flash_ex.o
 .debug_macro   0x00016b17      0x1f9 ./Drivers/STM32F1xx_HAL_Driver/stm32f1xx_hal_gpio.o
 .debug_macro   0x00016d10      0x1ee ./Drivers/STM32F1xx_HAL_Driver/stm32f1xx_hal_pwr.o
 .debug_macro   0x00016efe      0x1a0 ./Drivers/STM32F1xx_HAL_Driver/stm32f1xx_hal_rcc.o

.debug_line     0x00000000     0xa5c6
 .debug_line    0x00000000      0x848 ./Core/Src/can.o
 .debug_line    0x00000848      0x7e7 ./Core/Src/gpio.o
 .debug_line    0x0000102f     0x1517 ./Core/Src/main.o
 .debug_line    0x00002546      0x7af ./Core/Src/stm32f1xx_hal_msp.o
 .debug_line    0x00002cf5      0x948 ./Core/Src/stm32f1xx_it.o
 .debug_line    0x0000363d      0x82d ./Core/Src/system_stm32f1xx.o
 .debug_line    0x00003e6a       0x78 ./Core/Startup/startup_stm32f103c8tx.o
 .debug_line    0x00003ee2      0xa93 ./Drivers/STM32F1xx_HAL_Driver/stm32f1xx_hal.o
 .debug_line    0x00004975     0x144b ./Drivers/STM32F1xx_HAL_Driver/stm32f1xx_hal_can.o
 .debug_line    0x00005dc0      0xc7f ./Drivers/STM32F1xx_HAL_Driver/stm32f1xx_hal_cortex.o
 .debug_line    0x00006a3f      0xb5e ./Drivers/STM32F1xx_HAL_Driver/stm32f1xx_hal_flash.o
 .debug_line    0x0000759d      0xc4c ./Drivers/STM32F1xx_HAL_Driver/stm32f1xx_hal_flash_ex.o
 .debug_line    0x000081e9      0xb2c ./Drivers/STM32F1xx_HAL_Driver/stm32f1xx_hal_gpio.o
 .debug_line    0x00008d15      0xa15 ./Drivers/STM32F1xx_HAL_Driver/stm32f1xx_hal_pwr.o
 .debug_line    0x0000972a      0xe9c ./Drivers/STM32F1xx_HAL_Driver/stm32f1xx_hal_rcc.o

.debug_str      0x00000000    0x82bb7
 .debug_str     0x00000000    0x7d312 ./Core/Src/can.o
                              0x7d82f (size before relaxing)
 .debug_str     0x0007d312       0x68 ./Core/Src/gpio.o
                              0x7cfff (size before relaxing)
 .debug_str     0x0007d37a     0x3966 ./Core/Src/main.o
                              0x81046 (size before relaxing)
 .debug_str     0x00080ce0       0x50 ./Core/Src/stm32f1xx_hal_msp.o
                              0x7cf87 (size before relaxing)
 .debug_str     0x00080d30      0x13f ./Core/Src/stm32f1xx_it.o
                              0x7d4e4 (size before relaxing)
 .debug_str     0x00080e6f       0x7e ./Core/Src/system_stm32f1xx.o
                              0x7cfb2 (size before relaxing)
 .debug_str     0x00080eed       0x44 ./Core/Startup/startup_stm32f103c8tx.o
                                 0x97 (size before relaxing)
 .debug_str     0x00080f31      0x3af ./Drivers/STM32F1xx_HAL_Driver/stm32f1xx_hal.o
                              0x7d71e (size before relaxing)
 .debug_str     0x000812e0      0x62f ./Drivers/STM32F1xx_HAL_Driver/stm32f1xx_hal_can.o
                              0x7db73 (size before relaxing)
 .debug_str     0x0008190f      0x232 ./Drivers/STM32F1xx_HAL_Driver/stm32f1xx_hal_cortex.o
                              0x7d66a (size before relaxing)
 .debug_str     0x00081b41      0x29a ./Drivers/STM32F1xx_HAL_Driver/stm32f1xx_hal_flash.o
                              0x7d2c6 (size before relaxing)
 .debug_str     0x00081ddb      0x345 ./Drivers/STM32F1xx_HAL_Driver/stm32f1xx_hal_flash_ex.o
                              0x7d474 (size before relaxing)
 .debug_str     0x00082120      0x31f ./Drivers/STM32F1xx_HAL_Driver/stm32f1xx_hal_gpio.o
                              0x7d371 (size before relaxing)
 .debug_str     0x0008243f      0x522 ./Drivers/STM32F1xx_HAL_Driver/stm32f1xx_hal_pwr.o
                              0x7d522 (size before relaxing)
 .debug_str     0x00082961      0x256 ./Drivers/STM32F1xx_HAL_Driver/stm32f1xx_hal_rcc.o
                              0x7d41a (size before relaxing)

.comment        0x00000000       0x43
 .comment       0x00000000       0x43 ./Core/Src/can.o
                                 0x44 (size before relaxing)
 .comment       0x00000043       0x44 ./Core/Src/gpio.o
 .comment       0x00000043       0x44 ./Core/Src/main.o
 .comment       0x00000043       0x44 ./Core/Src/stm32f1xx_hal_msp.o
 .comment       0x00000043       0x44 ./Core/Src/stm32f1xx_it.o
 .comment       0x00000043       0x44 ./Core/Src/system_stm32f1xx.o
 .comment       0x00000043       0x44 ./Drivers/STM32F1xx_HAL_Driver/stm32f1xx_hal.o
 .comment       0x00000043       0x44 ./Drivers/STM32F1xx_HAL_Driver/stm32f1xx_hal_can.o
 .comment       0x00000043       0x44 ./Drivers/STM32F1xx_HAL_Driver/stm32f1xx_hal_cortex.o
 .comment       0x00000043       0x44 ./Drivers/STM32F1xx_HAL_Driver/stm32f1xx_hal_flash.o
 .comment       0x00000043       0x44 ./Drivers/STM32F1xx_HAL_Driver/stm32f1xx_hal_flash_ex.o
 .comment       0x00000043       0x44 ./Drivers/STM32F1xx_HAL_Driver/stm32f1xx_hal_gpio.o
 .comment       0x00000043       0x44 ./Drivers/STM32F1xx_HAL_Driver/stm32f1xx_hal_pwr.o
 .comment       0x00000043       0x44 ./Drivers/STM32F1xx_HAL_Driver/stm32f1xx_hal_rcc.o

.debug_frame    0x00000000     0x1e1c
 .debug_frame   0x00000000       0x7c ./Core/Src/can.o
 .debug_frame   0x0000007c       0x34 ./Core/Src/gpio.o
 .debug_frame   0x000000b0      0x310 ./Core/Src/main.o
 .debug_frame   0x000003c0       0x38 ./Core/Src/stm32f1xx_hal_msp.o
 .debug_frame   0x000003f8      0x1f8 ./Core/Src/stm32f1xx_it.o
 .debug_frame   0x000005f0       0x58 ./Core/Src/system_stm32f1xx.o
 .debug_frame   0x00000648      0x334 ./Drivers/STM32F1xx_HAL_Driver/stm32f1xx_hal.o
 .debug_frame   0x0000097c      0x5f4 ./Drivers/STM32F1xx_HAL_Driver/stm32f1xx_hal_can.o
 .debug_frame   0x00000f70      0x428 ./Drivers/STM32F1xx_HAL_Driver/stm32f1xx_hal_cortex.o
 .debug_frame   0x00001398      0x20c ./Drivers/STM32F1xx_HAL_Driver/stm32f1xx_hal_flash.o
 .debug_frame   0x000015a4      0x258 ./Drivers/STM32F1xx_HAL_Driver/stm32f1xx_hal_flash_ex.o
 .debug_frame   0x000017fc      0x14c ./Drivers/STM32F1xx_HAL_Driver/stm32f1xx_hal_gpio.o
 .debug_frame   0x00001948      0x270 ./Drivers/STM32F1xx_HAL_Driver/stm32f1xx_hal_pwr.o
 .debug_frame   0x00001bb8      0x218 ./Drivers/STM32F1xx_HAL_Driver/stm32f1xx_hal_rcc.o
 .debug_frame   0x00001dd0       0x20 C:/ST/STM32CubeIDE_1.10.1/STM32CubeIDE/plugins/com.st.stm32cube.ide.mcu.externaltools.gnu-tools-for-stm32.12.3.rel1.win32_1.1.0.202410251130/tools/bin/../lib/gcc/arm-none-eabi/12.3.1/../../../../arm-none-eabi/lib/thumb/v7-m/nofp\libc_nano.a(libc_a-memset.o)
 .debug_frame   0x00001df0       0x2c C:/ST/STM32CubeIDE_1.10.1/STM32CubeIDE/plugins/com.st.stm32cube.ide.mcu.externaltools.gnu-tools-for-stm32.12.3.rel1.win32_1.1.0.202410251130/tools/bin/../lib/gcc/arm-none-eabi/12.3.1/../../../../arm-none-eabi/lib/thumb/v7-m/nofp\libc_nano.a(libc_a-init.o)

.debug_line_str
                0x00000000       0x7b
 .debug_line_str
                0x00000000       0x7b ./Core/Startup/startup_stm32f103c8tx.o
