Archive member included to satisfy reference by file (symbol)

C:/ST/STM32CubeIDE_1.10.1/STM32CubeIDE/plugins/com.st.stm32cube.ide.mcu.externaltools.gnu-tools-for-stm32.12.3.rel1.win32_1.1.0.202410251130/tools/bin/../lib/gcc/arm-none-eabi/12.3.1/../../../../arm-none-eabi/lib/thumb/v7e-m+fp/hard\libc_nano.a(libc_a-exit.o)
                              C:/ST/STM32CubeIDE_1.10.1/STM32CubeIDE/plugins/com.st.stm32cube.ide.mcu.externaltools.gnu-tools-for-stm32.12.3.rel1.win32_1.1.0.202410251130/tools/bin/../lib/gcc/arm-none-eabi/12.3.1/../../../../arm-none-eabi/lib/thumb/v7e-m+fp/hard/crt0.o (exit)
C:/ST/STM32CubeIDE_1.10.1/STM32CubeIDE/plugins/com.st.stm32cube.ide.mcu.externaltools.gnu-tools-for-stm32.12.3.rel1.win32_1.1.0.202410251130/tools/bin/../lib/gcc/arm-none-eabi/12.3.1/../../../../arm-none-eabi/lib/thumb/v7e-m+fp/hard\libc_nano.a(libc_a-findfp.o)
                              C:/ST/STM32CubeIDE_1.10.1/STM32CubeIDE/plugins/com.st.stm32cube.ide.mcu.externaltools.gnu-tools-for-stm32.12.3.rel1.win32_1.1.0.202410251130/tools/bin/../lib/gcc/arm-none-eabi/12.3.1/../../../../arm-none-eabi/lib/thumb/v7e-m+fp/hard\libc_nano.a(libc_a-exit.o) (__stdio_exit_handler)
C:/ST/STM32CubeIDE_1.10.1/STM32CubeIDE/plugins/com.st.stm32cube.ide.mcu.externaltools.gnu-tools-for-stm32.12.3.rel1.win32_1.1.0.202410251130/tools/bin/../lib/gcc/arm-none-eabi/12.3.1/../../../../arm-none-eabi/lib/thumb/v7e-m+fp/hard\libc_nano.a(libc_a-fwalk.o)
                              C:/ST/STM32CubeIDE_1.10.1/STM32CubeIDE/plugins/com.st.stm32cube.ide.mcu.externaltools.gnu-tools-for-stm32.12.3.rel1.win32_1.1.0.202410251130/tools/bin/../lib/gcc/arm-none-eabi/12.3.1/../../../../arm-none-eabi/lib/thumb/v7e-m+fp/hard\libc_nano.a(libc_a-findfp.o) (_fwalk_sglue)
C:/ST/STM32CubeIDE_1.10.1/STM32CubeIDE/plugins/com.st.stm32cube.ide.mcu.externaltools.gnu-tools-for-stm32.12.3.rel1.win32_1.1.0.202410251130/tools/bin/../lib/gcc/arm-none-eabi/12.3.1/../../../../arm-none-eabi/lib/thumb/v7e-m+fp/hard\libc_nano.a(libc_a-stdio.o)
                              C:/ST/STM32CubeIDE_1.10.1/STM32CubeIDE/plugins/com.st.stm32cube.ide.mcu.externaltools.gnu-tools-for-stm32.12.3.rel1.win32_1.1.0.202410251130/tools/bin/../lib/gcc/arm-none-eabi/12.3.1/../../../../arm-none-eabi/lib/thumb/v7e-m+fp/hard\libc_nano.a(libc_a-findfp.o) (__sread)
C:/ST/STM32CubeIDE_1.10.1/STM32CubeIDE/plugins/com.st.stm32cube.ide.mcu.externaltools.gnu-tools-for-stm32.12.3.rel1.win32_1.1.0.202410251130/tools/bin/../lib/gcc/arm-none-eabi/12.3.1/../../../../arm-none-eabi/lib/thumb/v7e-m+fp/hard\libc_nano.a(libc_a-memset.o)
                              C:/ST/STM32CubeIDE_1.10.1/STM32CubeIDE/plugins/com.st.stm32cube.ide.mcu.externaltools.gnu-tools-for-stm32.12.3.rel1.win32_1.1.0.202410251130/tools/bin/../lib/gcc/arm-none-eabi/12.3.1/../../../../arm-none-eabi/lib/thumb/v7e-m+fp/hard/crt0.o (memset)
C:/ST/STM32CubeIDE_1.10.1/STM32CubeIDE/plugins/com.st.stm32cube.ide.mcu.externaltools.gnu-tools-for-stm32.12.3.rel1.win32_1.1.0.202410251130/tools/bin/../lib/gcc/arm-none-eabi/12.3.1/../../../../arm-none-eabi/lib/thumb/v7e-m+fp/hard\libc_nano.a(libc_a-closer.o)
                              C:/ST/STM32CubeIDE_1.10.1/STM32CubeIDE/plugins/com.st.stm32cube.ide.mcu.externaltools.gnu-tools-for-stm32.12.3.rel1.win32_1.1.0.202410251130/tools/bin/../lib/gcc/arm-none-eabi/12.3.1/../../../../arm-none-eabi/lib/thumb/v7e-m+fp/hard\libc_nano.a(libc_a-stdio.o) (_close_r)
C:/ST/STM32CubeIDE_1.10.1/STM32CubeIDE/plugins/com.st.stm32cube.ide.mcu.externaltools.gnu-tools-for-stm32.12.3.rel1.win32_1.1.0.202410251130/tools/bin/../lib/gcc/arm-none-eabi/12.3.1/../../../../arm-none-eabi/lib/thumb/v7e-m+fp/hard\libc_nano.a(libc_a-reent.o)
                              C:/ST/STM32CubeIDE_1.10.1/STM32CubeIDE/plugins/com.st.stm32cube.ide.mcu.externaltools.gnu-tools-for-stm32.12.3.rel1.win32_1.1.0.202410251130/tools/bin/../lib/gcc/arm-none-eabi/12.3.1/../../../../arm-none-eabi/lib/thumb/v7e-m+fp/hard\libc_nano.a(libc_a-closer.o) (errno)
C:/ST/STM32CubeIDE_1.10.1/STM32CubeIDE/plugins/com.st.stm32cube.ide.mcu.externaltools.gnu-tools-for-stm32.12.3.rel1.win32_1.1.0.202410251130/tools/bin/../lib/gcc/arm-none-eabi/12.3.1/../../../../arm-none-eabi/lib/thumb/v7e-m+fp/hard\libc_nano.a(libc_a-impure.o)
                              C:/ST/STM32CubeIDE_1.10.1/STM32CubeIDE/plugins/com.st.stm32cube.ide.mcu.externaltools.gnu-tools-for-stm32.12.3.rel1.win32_1.1.0.202410251130/tools/bin/../lib/gcc/arm-none-eabi/12.3.1/../../../../arm-none-eabi/lib/thumb/v7e-m+fp/hard\libc_nano.a(libc_a-reent.o) (_impure_ptr)
C:/ST/STM32CubeIDE_1.10.1/STM32CubeIDE/plugins/com.st.stm32cube.ide.mcu.externaltools.gnu-tools-for-stm32.12.3.rel1.win32_1.1.0.202410251130/tools/bin/../lib/gcc/arm-none-eabi/12.3.1/../../../../arm-none-eabi/lib/thumb/v7e-m+fp/hard\libc_nano.a(libc_a-lseekr.o)
[...]
Memory Configuration

Name             Origin             Length             Attributes
RAM              0x20010000         0x00001000         xrw
FLASH            0x08000000         0x00008000         xr
*default*        0x00000000         0xffffffff

Linker script and memory map

LOAD C:/ST/STM32CubeIDE_1.10.1/STM32CubeIDE/plugins/com.st.stm32cube.ide.mcu.externaltools.gnu-tools-for-stm32.12.3.rel1.win32_1.1.0.202410251130/tools/bin/../lib/gcc/arm-none-eabi/12.3.1/thumb/v7e-m+fp/hard/crti.o
LOAD C:/ST/STM32CubeIDE_1.10.1/STM32CubeIDE/plugins/com.st.stm32cube.ide.mcu.externaltools.gnu-tools-for-stm32.12.3.rel1.win32_1.1.0.202410251130/tools/bin/../lib/gcc/arm-none-eabi/12.3.1/thumb/v7e-m+fp/hard/crtbegin.o
LOAD C:/ST/STM32CubeIDE_1.10.1/STM32CubeIDE/plugins/com.st.stm32cube.ide.mcu.externaltools.gnu-tools-for-stm32.12.3.rel1.win32_1.1.0.202410251130/tools/bin/../lib/gcc/arm-none-eabi/12.3.1/../../../../arm-none-eabi/lib/thumb/v7e-m+fp/hard/crt0.o
LOAD ./Core/Src/gpio.o
LOAD ./Core/Src/main.o
LOAD ./Core/Src/spi.o
LOAD ./Core/Src/stm32f4xx_hal_msp.o
LOAD ./Core/Src/stm32f4xx_hal_timebase_tim.o
LOAD ./Core/Src/stm32f4xx_it.o
LOAD ./Core/Src/syscalls.o
LOAD ./Core/Src/sysmem.o
LOAD ./Core/Src/system_stm32f4xx.o
LOAD ./Core/Src/usart.o
LOAD ./Core/Startup/startup_stm32f411retx.o
LOAD ./Drivers/STM32F4xx_HAL_Driver/stm32f4xx_hal.o
LOAD ./Drivers/STM32F4xx_HAL_Driver/stm32f4xx_hal_cortex.o
LOAD ./Drivers/STM32F4xx_HAL_Driver/stm32f4xx_hal_dma.o
LOAD ./Drivers/STM32F4xx_HAL_Driver/stm32f4xx_hal_dma_ex.o
LOAD ./Drivers/STM32F4xx_HAL_Driver/stm32f4xx_hal_exti.o
LOAD ./Drivers/STM32F4xx_HAL_Driver/stm32f4xx_hal_flash.o
LOAD ./Drivers/STM32F4xx_HAL_Driver/stm32f4xx_hal_flash_ex.o
LOAD ./Drivers/STM32F4xx_HAL_Driver/stm32f4xx_hal_flash_ramfunc.o
LOAD ./Drivers/STM32F4xx_HAL_Driver/stm32f4xx_hal_gpio.o
LOAD ./Drivers/STM32F4xx_HAL_Driver/stm32f4xx_hal_pwr.o
LOAD ./Drivers/STM32F4xx_HAL_Driver/stm32f4xx_hal_pwr_ex.o
LOAD ./Drivers/STM32F4xx_HAL_Driver/stm32f4xx_hal_rcc.o
LOAD ./Drivers/STM32F4xx_HAL_Driver/stm32f4xx_hal_rcc_ex.o
LOAD ./Drivers/STM32F4xx_HAL_Driver/stm32f4xx_hal_spi.o
LOAD ./Drivers/STM32F4xx_HAL_Driver/stm32f4xx_hal_tim.o
LOAD ./Drivers/STM32F4xx_HAL_Driver/stm32f4xx_hal_tim_ex.o
LOAD ./Drivers/STM32F4xx_HAL_Driver/stm32f4xx_hal_uart.o
START GROUP
LOAD C:/ST/STM32CubeIDE_1.10.1/STM32CubeIDE/plugins/com.st.stm32cube.ide.mcu.externaltools.gnu-tools-for-stm32.12.3.rel1.win32_1.1.0.202410251130/tools/bin/../lib/gcc/arm-none-eabi/12.3.1/../../../../arm-none-eabi/lib/thumb/v7e-m+fp/hard\libc_nano.a
LOAD C:/ST/STM32CubeIDE_1.10.1/STM32CubeIDE/plugins/com.st.stm32cube.ide.mcu.externaltools.gnu-tools-for-stm32.12.3.rel1.win32_1.1.0.202410251130/tools/bin/../lib/gcc/arm-none-eabi/12.3.1/../../../../arm-none-eabi/lib/thumb/v7e-m+fp/hard\libm.a
END GROUP
START GROUP
LOAD C:/ST/STM32CubeIDE_1.10.1/STM32CubeIDE/plugins/com.st.stm32cube.ide.mcu.externaltools.gnu-tools-for-stm32.12.3.rel1.win32_1.1.0.202410251130/tools/bin/../lib/gcc/arm-none-eabi/12.3.1/thumb/v7e-m+fp/hard\libgcc.a
LOAD C:/ST/STM32CubeIDE_1.10.1/STM32CubeIDE/plugins/com.st.stm32cube.ide.mcu.externaltools.gnu-tools-for-stm32.12.3.rel1.win32_1.1.0.202410251130/tools/bin/../lib/gcc/arm-none-eabi/12.3.1/../../../../arm-none-eabi/lib/thumb/v7e-m+fp/hard\libc_nano.a
END GROUP
START GROUP
LOAD C:/ST/STM32CubeIDE_1.10.1/STM32CubeIDE/plugins/com.st.stm32cube.ide.mcu.externaltools.gnu-tools-for-stm32.12.3.rel1.win32_1.1.0.202410251130/tools/bin/../lib/gcc/arm-none-eabi/12.3.1/thumb/v7e-m+fp/hard\libgcc.a
LOAD C:/ST/STM32CubeIDE_1.10.1/STM32CubeIDE/plugins/com.st.stm32cube.ide.mcu.externaltools.gnu-tools-for-stm32.12.3.rel1.win32_1.1.0.202410251130/tools/bin/../lib/gcc/arm-none-eabi/12.3.1/../../../../arm-none-eabi/lib/thumb/v7e-m+fp/hard\libc_nano.a
LOAD C:/ST/STM32CubeIDE_1.10.1/STM32CubeIDE/plugins/com.st.stm32cube.ide.mcu.externaltools.gnu-tools-for-stm32.12.3.rel1.win32_1.1.0.202410251130/tools/bin/../lib/gcc/arm-none-eabi/12.3.1/../../../../arm-none-eabi/lib/thumb/v7e-m+fp/hard\libnosys.a
END GROUP
START GROUP
LOAD C:/ST/STM32CubeIDE_1.10.1/STM32CubeIDE/plugins/com.st.stm32cube.ide.mcu.externaltools.gnu-tools-for-stm32.12.3.rel1.win32_1.1.0.202410251130/tools/bin/../lib/gcc/arm-none-eabi/12.3.1/thumb/v7e-m+fp/hard\libgcc.a
LOAD C:/ST/STM32CubeIDE_1.10.1/STM32CubeIDE/plugins/com.st.stm32cube.ide.mcu.externaltools.gnu-tools-for-stm32.12.3.rel1.win32_1.1.0.202410251130/tools/bin/../lib/gcc/arm-none-eabi/12.3.1/../../../../arm-none-eabi/lib/thumb/v7e-m+fp/hard\libc_nano.a
LOAD C:/ST/STM32CubeIDE_1.10.1/STM32CubeIDE/plugins/com.st.stm32cube.ide.mcu.externaltools.gnu-tools-for-stm32.12.3.rel1.win32_1.1.0.202410251130/tools/bin/../lib/gcc/arm-none-eabi/12.3.1/../../../../arm-none-eabi/lib/thumb/v7e-m+fp/hard\libnosys.a
END GROUP
LOAD C:/ST/STM32CubeIDE_1.10.1/STM32CubeIDE/plugins/com.st.stm32cube.ide.mcu.externaltools.gnu-tools-for-stm32.12.3.rel1.win32_1.1.0.202410251130/tools/bin/../lib/gcc/arm-none-eabi/12.3.1/thumb/v7e-m+fp/hard/crtend.o
LOAD C:/ST/STM32CubeIDE_1.10.1/STM32CubeIDE/plugins/com.st.stm32cube.ide.mcu.externaltools.gnu-tools-for-stm32.12.3.rel1.win32_1.1.0.202410251130/tools/bin/../lib/gcc/arm-none-eabi/12.3.1/thumb/v7e-m+fp/hard/crtn.o
                0x20011000                        _estack = (ORIGIN (RAM) + LENGTH (RAM))
                0x00000300                        _Min_Heap_Size = 0x300
                0x00000500                        _Min_Stack_Size = 0x500

.isr_vector     0x08000000      0x198
                0x08000000                        . = ALIGN (0x4)
 *(.isr_vector)
 .isr_vector    0x08000000      0x198 ./Core/Startup/startup_stm32f411retx.o
                0x08000000                g_pfnVectors
                0x08000198                        . = ALIGN (0x4)

.text           0x08000198     0x6cfc
                0x08000198                        . = ALIGN (0x4)
 *(.text)
 .text          0x08000198       0x40 C:/ST/STM32CubeIDE_1.10.1/STM32CubeIDE/plugins/com.st.stm32cube.ide.mcu.externaltools.gnu-tools-for-stm32.12.3.rel1.win32_1.1.0.202410251130/tools/bin/../lib/gcc/arm-none-eabi/12.3.1/thumb/v7e-m+fp/hard/crtbegin.o
 .text          0x080001d8       0x30 C:/ST/STM32CubeIDE_1.10.1/STM32CubeIDE/plugins/com.st.stm32cube.ide.mcu.externaltools.gnu-tools-for-stm32.12.3.rel1.win32_1.1.0.202410251130/tools/bin/../lib/gcc/arm-none-eabi/12.3.1/thumb/v7e-m+fp/hard\libgcc.a(_aeabi_uldivmod.o)
                0x080001d8                __aeabi_uldivmod
 .text          0x08000208      0x2bc C:/ST/STM32CubeIDE_1.10.1/STM32CubeIDE/plugins/com.st.stm32cube.ide.mcu.externaltools.gnu-tools-for-stm32.12.3.rel1.win32_1.1.0.202410251130/tools/bin/../lib/gcc/arm-none-eabi/12.3.1/thumb/v7e-m+fp/hard\libgcc.a(_udivmoddi4.o)
                0x08000208                __udivmoddi4
 .text          0x080004c4        0x4 C:/ST/STM32CubeIDE_1.10.1/STM32CubeIDE/plugins/com.st.stm32cube.ide.mcu.externaltools.gnu-tools-for-stm32.12.3.rel1.win32_1.1.0.202410251130/tools/bin/../lib/gcc/arm-none-eabi/12.3.1/thumb/v7e-m+fp/hard\libgcc.a(_dvmd_tls.o)
                0x080004c4                __aeabi_idiv0
                0x080004c4                __aeabi_ldiv0
 *(.text*)
 .text.MX_GPIO_Init
                0x080004c8      0x14c ./Core/Src/gpio.o
                0x080004c8                MX_GPIO_Init
 .text.__NVIC_SystemReset
                0x08000614       0x2c ./Core/Src/main.o
 .text.main     0x08000640      0x1dc ./Core/Src/main.o
                0x08000640                main
 .text.SystemClock_Config
                0x0800081c       0xd0 ./Core/Src/main.o
                0x0800081c                SystemClock_Config
 .text.MX_NVIC_Init
                0x080008ec       0x68 ./Core/Src/main.o
 .text.FBL_CanSpi_Initialize
                0x08000954      0x134 ./Core/Src/main.o
                0x08000954                FBL_CanSpi_Initialize
 .text.FBL_CanSpi_Transmit
                0x08000a88       0xf0 ./Core/Src/main.o
                0x08000a88                FBL_CanSpi_Transmit
 .text.FBL_CanSpi_Receive
                0x08000b78      0x10a ./Core/Src/main.o
                0x08000b78                FBL_CanSpi_Receive
 *fill*         0x08000c82        0x2 
 .text.FBL_CanSpi_ConvertReg2ExtendedCANid
                0x08000c84       0xb8 ./Core/Src/main.o
                0x08000c84                FBL_CanSpi_ConvertReg2ExtendedCANid
 .text.FBL_CanSpi_ConvertReg2StandardCANid
                0x08000d3c       0x4c ./Core/Src/main.o
                0x08000d3c                FBL_CanSpi_ConvertReg2StandardCANid
 .text.FBL_CanSpi_ConvertCANid2Reg
                0x08000d88       0xbc ./Core/Src/main.o
                0x08000d88                FBL_CanSpi_ConvertCANid2Reg
 .text.FBL_CanSpi_MCP2515_Initialize
                0x08000e44       0x44 ./Core/Src/main.o
                0x08000e44                FBL_CanSpi_MCP2515_Initialize
 .text.FBL_CanSpi_MCP2515_SetConfigMode
                0x08000e88       0x3c ./Core/Src/main.o
                0x08000e88                FBL_CanSpi_MCP2515_SetConfigMode
 .text.FBL_CanSpi_MCP2515_SetNormalMode
                0x08000ec4       0x3c ./Core/Src/main.o
                0x08000ec4                FBL_CanSpi_MCP2515_SetNormalMode
 .text.FBL_CanSpi_MCP2515_Reset
                0x08000f00       0x28 ./Core/Src/main.o
                0x08000f00                FBL_CanSpi_MCP2515_Reset
 .text.FBL_CanSpi_MCP2515_ReadByte
                0x08000f28       0x4c ./Core/Src/main.o
                0x08000f28                FBL_CanSpi_MCP2515_ReadByte
 .text.FBL_CanSpi_MCP2515_ReadRxSequence
                0x08000f74       0x44 ./Core/Src/main.o
                0x08000f74                FBL_CanSpi_MCP2515_ReadRxSequence
 .text.FBL_CanSpi_MCP2515_WriteByte
                0x08000fb8       0x48 ./Core/Src/main.o
                0x08000fb8                FBL_CanSpi_MCP2515_WriteByte
 .text.FBL_CanSpi_MCP2515_WriteByteSequence
                0x08001000       0x54 ./Core/Src/main.o
                0x08001000                FBL_CanSpi_MCP2515_WriteByteSequence
 .text.FBL_CanSpi_MCP2515_LoadTxSequence
                0x08001054       0x54 ./Core/Src/main.o
                0x08001054                FBL_CanSpi_MCP2515_LoadTxSequence
 .text.FBL_CanSpi_MCP2515_RequestToSend
                0x080010a8       0x34 ./Core/Src/main.o
                0x080010a8                FBL_CanSpi_MCP2515_RequestToSend
 .text.FBL_CanSpi_MCP2515_ReadStatus
                0x080010dc       0x3c ./Core/Src/main.o
                0x080010dc                FBL_CanSpi_MCP2515_ReadStatus
 .text.FBL_CanSpi_MCP2515_GetRxStatus
                0x08001118       0x3c ./Core/Src/main.o
                0x08001118                FBL_CanSpi_MCP2515_GetRxStatus
 .text.FBL_CanSpi_SPI_Tx
                0x08001154       0x24 ./Core/Src/main.o
                0x08001154                FBL_CanSpi_SPI_Tx
 .text.FBL_CanSpi_SPI_TxBuffer
                0x08001178       0x28 ./Core/Src/main.o
                0x08001178                FBL_CanSpi_SPI_TxBuffer
 .text.FBL_CanSpi_SPI_Rx
                0x080011a0       0x20 ./Core/Src/main.o
                0x080011a0                FBL_CanSpi_SPI_Rx
 .text.FBL_CanSpi_SPI_RxBuffer
                0x080011c0       0x28 ./Core/Src/main.o
                0x080011c0                FBL_CanSpi_SPI_RxBuffer
 .text.FBL_NvM_EraseFlash_CODING
                0x080011e8       0x6a ./Core/Src/main.o
                0x080011e8                FBL_NvM_EraseFlash_CODING
 .text.FBL_NvM_EraseFlash_CALIBRATION
                0x08001252       0x6a ./Core/Src/main.o
                0x08001252                FBL_NvM_EraseFlash_CALIBRATION
 .text.FBL_NvM_EraseFlash_APPL
                0x080012bc       0x6a ./Core/Src/main.o
                0x080012bc                FBL_NvM_EraseFlash_APPL
 .text.FBL_NvM_FlashWriteData
                0x08001326       0x66 ./Core/Src/main.o
                0x08001326                FBL_NvM_FlashWriteData
 .text.FBL_NvM_FlashReadData
                0x0800138c       0x48 ./Core/Src/main.o
                0x0800138c                FBL_NvM_FlashReadData
 .text.FBL_DiagRoutine_DSC_RequestDownload
                0x080013d4       0x88 ./Core/Src/main.o
                0x080013d4                FBL_DiagRoutine_DSC_RequestDownload
 .text.FBL_DiagRoutine_DSC_TransferData
                0x0800145c      0x1ec ./Core/Src/main.o
                0x0800145c                FBL_DiagRoutine_DSC_TransferData
 .text.FBL_DiagRoutine_DSC_RequestTransferExit
                0x08001648       0x74 ./Core/Src/main.o
                0x08001648                FBL_DiagRoutine_DSC_RequestTransferExit
 .text.FBL_DiagRoutine_RAR_MassEraseCODING
                0x080016bc       0x94 ./Core/Src/main.o
                0x080016bc                FBL_DiagRoutine_RAR_MassEraseCODING
 .text.FBL_DiagRoutine_RAR_MassEraseCALIBRATION
                0x08001750       0x94 ./Core/Src/main.o
                0x08001750                FBL_DiagRoutine_RAR_MassEraseCALIBRATION
 .text.FBL_DiagRoutine_RAR_MassEraseAPPL
                0x080017e4       0x94 ./Core/Src/main.o
                0x080017e4                FBL_DiagRoutine_RAR_MassEraseAPPL
 .text.FBL_JumpToAppl
                0x08001878       0x50 ./Core/Src/main.o
                0x08001878                FBL_JumpToAppl
 .text.FBL_DiagRoutine_ER_SoftReset
                0x080018c8       0x18 ./Core/Src/main.o
                0x080018c8                FBL_DiagRoutine_ER_SoftReset
 .text.FBL_DiagRoutine_ER_HardReset
                0x080018e0       0x3c ./Core/Src/main.o
                0x080018e0                FBL_DiagRoutine_ER_HardReset
 .text.FBL_DiagRoutine_DSC_Coding
                0x0800191c      0x244 ./Core/Src/main.o
                0x0800191c                FBL_DiagRoutine_DSC_Coding
 .text.FBL_DiagRoutine_DSC_Calibration
                0x08001b60      0x244 ./Core/Src/main.o
                0x08001b60                FBL_DiagRoutine_DSC_Calibration
 .text.FBL_DiagRoutine_RDBI_ReadActiveDiagnosticSession
                0x08001da4       0x8c ./Core/Src/main.o
                0x08001da4                FBL_DiagRoutine_RDBI_ReadActiveDiagnosticSession
 .text.FBL_DiagRoutine_DSC_Programming
                0x08001e30      0x250 ./Core/Src/main.o
                0x08001e30                FBL_DiagRoutine_DSC_Programming
 .text.HAL_TIM_PeriodElapsedCallback
                0x08002080       0x24 ./Core/Src/main.o
                0x08002080                HAL_TIM_PeriodElapsedCallback
 .text.Error_Handler
                0x080020a4        0x8 ./Core/Src/main.o
                0x080020a4                Error_Handler
 .text.assert_failed
                0x080020ac       0x16 ./Core/Src/main.o
                0x080020ac                assert_failed
 *fill*         0x080020c2        0x2 
 .text.MX_SPI1_Init
                0x080020c4       0x6c ./Core/Src/spi.o
                0x080020c4                MX_SPI1_Init
 .text.HAL_SPI_MspInit
                0x08002130       0x90 ./Core/Src/spi.o
                0x08002130                HAL_SPI_MspInit
 .text.HAL_MspInit
                0x080021c0       0x50 ./Core/Src/stm32f4xx_hal_msp.o
                0x080021c0                HAL_MspInit
 .text.HAL_InitTick
                0x08002210       0xf8 ./Core/Src/stm32f4xx_hal_timebase_tim.o
                0x08002210                HAL_InitTick
 .text.__NVIC_SystemReset
                0x08002308       0x2c ./Core/Src/stm32f4xx_it.o
 .text.NMI_Handler
                0x08002334        0x8 ./Core/Src/stm32f4xx_it.o
                0x08002334                NMI_Handler
 .text.HardFault_Handler
                0x0800233c        0x8 ./Core/Src/stm32f4xx_it.o
                0x0800233c                HardFault_Handler
 .text.MemManage_Handler
                0x08002344        0x8 ./Core/Src/stm32f4xx_it.o
                0x08002344                MemManage_Handler
 .text.BusFault_Handler
                0x0800234c        0x8 ./Core/Src/stm32f4xx_it.o
                0x0800234c                BusFault_Handler
 .text.UsageFault_Handler
                0x08002354        0x8 ./Core/Src/stm32f4xx_it.o
                0x08002354                UsageFault_Handler
 .text.SVC_Handler
                0x0800235c        0xe ./Core/Src/stm32f4xx_it.o
                0x0800235c                SVC_Handler
 .text.DebugMon_Handler
                0x0800236a        0xe ./Core/Src/stm32f4xx_it.o
                0x0800236a                DebugMon_Handler
 .text.PendSV_Handler
                0x08002378        0xe ./Core/Src/stm32f4xx_it.o
                0x08002378                PendSV_Handler
 .text.SysTick_Handler
                0x08002386        0xe ./Core/Src/stm32f4xx_it.o
                0x08002386                SysTick_Handler
 .text.PVD_IRQHandler
                0x08002394        0xc ./Core/Src/stm32f4xx_it.o
                0x08002394                PVD_IRQHandler
 .text.FLASH_IRQHandler
                0x080023a0        0xc ./Core/Src/stm32f4xx_it.o
                0x080023a0                FLASH_IRQHandler
 .text.RCC_IRQHandler
                0x080023ac        0xe ./Core/Src/stm32f4xx_it.o
                0x080023ac                RCC_IRQHandler
 *fill*         0x080023ba        0x2 
 .text.SPI1_IRQHandler
                0x080023bc       0x14 ./Core/Src/stm32f4xx_it.o
                0x080023bc                SPI1_IRQHandler
 .text.USART1_IRQHandler
                0x080023d0       0x14 ./Core/Src/stm32f4xx_it.o
                0x080023d0                USART1_IRQHandler
 .text.TIM5_IRQHandler
                0x080023e4       0x14 ./Core/Src/stm32f4xx_it.o
                0x080023e4                TIM5_IRQHandler
 .text.FPU_IRQHandler
                0x080023f8        0xe ./Core/Src/stm32f4xx_it.o
                0x080023f8                FPU_IRQHandler
 *fill*         0x08002406        0x2 
 .text.SystemInit
                0x08002408       0x24 ./Core/Src/system_stm32f4xx.o
                0x08002408                SystemInit
 .text.MX_USART1_UART_Init
                0x0800242c       0x54 ./Core/Src/usart.o
                0x0800242c                MX_USART1_UART_Init
 .text.HAL_UART_MspInit
                0x08002480       0x90 ./Core/Src/usart.o
                0x08002480                HAL_UART_MspInit
 .text.Reset_Handler
                0x08002510       0x50 ./Core/Startup/startup_stm32f411retx.o
                0x08002510                Reset_Handler
 .text.Default_Handler
                0x08002560        0x2 ./Core/Startup/startup_stm32f411retx.o
                0x08002560                RTC_Alarm_IRQHandler
                0x08002560                EXTI2_IRQHandler
                0x08002560                SPI4_IRQHandler
                0x08002560                TIM1_CC_IRQHandler
                0x08002560                DMA2_Stream5_IRQHandler
                0x08002560                DMA1_Stream5_IRQHandler
                0x08002560                SDIO_IRQHandler
                0x08002560                TAMP_STAMP_IRQHandler
                0x08002560                EXTI3_IRQHandler
                0x08002560                TIM1_UP_TIM10_IRQHandler
                0x08002560                I2C3_ER_IRQHandler
                0x08002560                EXTI0_IRQHandler
                0x08002560                I2C2_EV_IRQHandler
                0x08002560                DMA1_Stream2_IRQHandler
                0x08002560                DMA2_Stream2_IRQHandler
                0x08002560                TIM1_BRK_TIM9_IRQHandler
                0x08002560                DMA2_Stream3_IRQHandler
                0x08002560                USART6_IRQHandler
                0x08002560                DMA2_Stream0_IRQHandler
                0x08002560                TIM4_IRQHandler
                0x08002560                I2C1_EV_IRQHandler
                0x08002560                DMA1_Stream6_IRQHandler
                0x08002560                DMA1_Stream1_IRQHandler
                0x08002560                TIM3_IRQHandler
                0x08002560                Default_Handler
                0x08002560                EXTI15_10_IRQHandler
                0x08002560                ADC_IRQHandler
                0x08002560                DMA1_Stream7_IRQHandler
                0x08002560                SPI5_IRQHandler
                0x08002560                DMA2_Stream7_IRQHandler
                0x08002560                I2C3_EV_IRQHandler
                0x08002560                EXTI9_5_IRQHandler
                0x08002560                RTC_WKUP_IRQHandler
                0x08002560                SPI2_IRQHandler
                0x08002560                DMA1_Stream0_IRQHandler
                0x08002560                EXTI4_IRQHandler
                0x08002560                WWDG_IRQHandler
                0x08002560                TIM2_IRQHandler
                0x08002560                OTG_FS_WKUP_IRQHandler
                0x08002560                TIM1_TRG_COM_TIM11_IRQHandler
                0x08002560                EXTI1_IRQHandler
                0x08002560                USART2_IRQHandler
                0x08002560                I2C2_ER_IRQHandler
                0x08002560                DMA2_Stream1_IRQHandler
                0x08002560                DMA2_Stream4_IRQHandler
                0x08002560                OTG_FS_IRQHandler
                0x08002560                SPI3_IRQHandler
                0x08002560                DMA1_Stream4_IRQHandler
                0x08002560                I2C1_ER_IRQHandler
                0x08002560                DMA2_Stream6_IRQHandler
                0x08002560                DMA1_Stream3_IRQHandler
 *fill*         0x08002562        0x2 
 .text.HAL_Init
                0x08002564       0x44 ./Drivers/STM32F4xx_HAL_Driver/stm32f4xx_hal.o
                0x08002564                HAL_Init
 .text.HAL_IncTick
                0x080025a8       0x28 ./Drivers/STM32F4xx_HAL_Driver/stm32f4xx_hal.o
                0x080025a8                HAL_IncTick
 .text.HAL_GetTick
                0x080025d0       0x18 ./Drivers/STM32F4xx_HAL_Driver/stm32f4xx_hal.o
                0x080025d0                HAL_GetTick
 .text.__NVIC_SetPriorityGrouping
                0x080025e8       0x48 ./Drivers/STM32F4xx_HAL_Driver/stm32f4xx_hal_cortex.o
 .text.__NVIC_GetPriorityGrouping
                0x08002630       0x1c ./Drivers/STM32F4xx_HAL_Driver/stm32f4xx_hal_cortex.o
 .text.__NVIC_EnableIRQ
                0x0800264c       0x3c ./Drivers/STM32F4xx_HAL_Driver/stm32f4xx_hal_cortex.o
 .text.__NVIC_SetPriority
                0x08002688       0x54 ./Drivers/STM32F4xx_HAL_Driver/stm32f4xx_hal_cortex.o
 .text.NVIC_EncodePriority
                0x080026dc       0x66 ./Drivers/STM32F4xx_HAL_Driver/stm32f4xx_hal_cortex.o
 *fill*         0x08002742        0x2 
 .text.HAL_NVIC_SetPriorityGrouping
                0x08002744       0x40 ./Drivers/STM32F4xx_HAL_Driver/stm32f4xx_hal_cortex.o
                0x08002744                HAL_NVIC_SetPriorityGrouping
 .text.HAL_NVIC_SetPriority
                0x08002784       0x58 ./Drivers/STM32F4xx_HAL_Driver/stm32f4xx_hal_cortex.o
                0x08002784                HAL_NVIC_SetPriority
 .text.HAL_NVIC_EnableIRQ
                0x080027dc       0x30 ./Drivers/STM32F4xx_HAL_Driver/stm32f4xx_hal_cortex.o
                0x080027dc                HAL_NVIC_EnableIRQ
 .text.HAL_DMA_Abort
                0x0800280c       0xe0 ./Drivers/STM32F4xx_HAL_Driver/stm32f4xx_hal_dma.o
                0x0800280c                HAL_DMA_Abort
 .text.HAL_DMA_Abort_IT
                0x080028ec       0x44 ./Drivers/STM32F4xx_HAL_Driver/stm32f4xx_hal_dma.o
                0x080028ec                HAL_DMA_Abort_IT
 .text.HAL_FLASH_Program
                0x08002930       0xcc ./Drivers/STM32F4xx_HAL_Driver/stm32f4xx_hal_flash.o
                0x08002930                HAL_FLASH_Program
 .text.HAL_FLASH_IRQHandler
                0x080029fc      0x138 ./Drivers/STM32F4xx_HAL_Driver/stm32f4xx_hal_flash.o
                0x080029fc                HAL_FLASH_IRQHandler
 .text.HAL_FLASH_EndOfOperationCallback
                0x08002b34       0x14 ./Drivers/STM32F4xx_HAL_Driver/stm32f4xx_hal_flash.o
                0x08002b34                HAL_FLASH_EndOfOperationCallback
 .text.HAL_FLASH_OperationErrorCallback
                0x08002b48       0x14 ./Drivers/STM32F4xx_HAL_Driver/stm32f4xx_hal_flash.o
                0x08002b48                HAL_FLASH_OperationErrorCallback
 .text.HAL_FLASH_Unlock
                0x08002b5c       0x44 ./Drivers/STM32F4xx_HAL_Driver/stm32f4xx_hal_flash.o
                0x08002b5c                HAL_FLASH_Unlock
 .text.HAL_FLASH_Lock
                0x08002ba0       0x20 ./Drivers/STM32F4xx_HAL_Driver/stm32f4xx_hal_flash.o
                0x08002ba0                HAL_FLASH_Lock
 .text.HAL_FLASH_GetError
                0x08002bc0       0x18 ./Drivers/STM32F4xx_HAL_Driver/stm32f4xx_hal_flash.o
                0x08002bc0                HAL_FLASH_GetError
 .text.FLASH_WaitForLastOperation
                0x08002bd8       0x80 ./Drivers/STM32F4xx_HAL_Driver/stm32f4xx_hal_flash.o
                0x08002bd8                FLASH_WaitForLastOperation
 .text.FLASH_Program_DoubleWord
                0x08002c58       0x9c ./Drivers/STM32F4xx_HAL_Driver/stm32f4xx_hal_flash.o
 .text.FLASH_Program_Word
                0x08002cf4       0x7c ./Drivers/STM32F4xx_HAL_Driver/stm32f4xx_hal_flash.o
 .text.FLASH_Program_HalfWord
                0x08002d70       0x7c ./Drivers/STM32F4xx_HAL_Driver/stm32f4xx_hal_flash.o
 .text.FLASH_Program_Byte
                0x08002dec       0x78 ./Drivers/STM32F4xx_HAL_Driver/stm32f4xx_hal_flash.o
 .text.FLASH_SetErrorCode
                0x08002e64       0xcc ./Drivers/STM32F4xx_HAL_Driver/stm32f4xx_hal_flash.o
 .text.HAL_FLASHEx_Erase
                0x08002f30      0x120 ./Drivers/STM32F4xx_HAL_Driver/stm32f4xx_hal_flash_ex.o
                0x08002f30                HAL_FLASHEx_Erase
 .text.FLASH_MassErase
                0x08003050       0x78 ./Drivers/STM32F4xx_HAL_Driver/stm32f4xx_hal_flash_ex.o
 .text.FLASH_Erase_Sector
                0x080030c8       0xec ./Drivers/STM32F4xx_HAL_Driver/stm32f4xx_hal_flash_ex.o
                0x080030c8                FLASH_Erase_Sector
 .text.FLASH_FlushCaches
                0x080031b4       0x8c ./Drivers/STM32F4xx_HAL_Driver/stm32f4xx_hal_flash_ex.o
                0x080031b4                FLASH_FlushCaches
 .text.HAL_GPIO_Init
                0x08003240      0x530 ./Drivers/STM32F4xx_HAL_Driver/stm32f4xx_hal_gpio.o
                0x08003240                HAL_GPIO_Init
 .text.HAL_GPIO_WritePin
                0x08003770       0x58 ./Drivers/STM32F4xx_HAL_Driver/stm32f4xx_hal_gpio.o
                0x08003770                HAL_GPIO_WritePin
 .text.HAL_PWR_PVD_IRQHandler
                0x080037c8       0x24 ./Drivers/STM32F4xx_HAL_Driver/stm32f4xx_hal_pwr.o
                0x080037c8                HAL_PWR_PVD_IRQHandler
 .text.HAL_PWR_PVDCallback
                0x080037ec        0xe ./Drivers/STM32F4xx_HAL_Driver/stm32f4xx_hal_pwr.o
                0x080037ec                HAL_PWR_PVDCallback
 *fill*         0x080037fa        0x2 
 .text.HAL_RCC_OscConfig
                0x080037fc      0x658 ./Drivers/STM32F4xx_HAL_Driver/stm32f4xx_hal_rcc.o
                0x080037fc                HAL_RCC_OscConfig
 .text.HAL_RCC_ClockConfig
                0x08003e54      0x31c ./Drivers/STM32F4xx_HAL_Driver/stm32f4xx_hal_rcc.o
                0x08003e54                HAL_RCC_ClockConfig
 .text.HAL_RCC_GetSysClockFreq
                0x08004170      0x20c ./Drivers/STM32F4xx_HAL_Driver/stm32f4xx_hal_rcc.o
                0x08004170                HAL_RCC_GetSysClockFreq
 .text.HAL_RCC_GetHCLKFreq
                0x0800437c       0x18 ./Drivers/STM32F4xx_HAL_Driver/stm32f4xx_hal_rcc.o
                0x0800437c                HAL_RCC_GetHCLKFreq
 .text.HAL_RCC_GetPCLK1Freq
                0x08004394       0x28 ./Drivers/STM32F4xx_HAL_Driver/stm32f4xx_hal_rcc.o
                0x08004394                HAL_RCC_GetPCLK1Freq
 .text.HAL_RCC_GetPCLK2Freq
                0x080043bc       0x28 ./Drivers/STM32F4xx_HAL_Driver/stm32f4xx_hal_rcc.o
                0x080043bc                HAL_RCC_GetPCLK2Freq
 .text.HAL_RCC_GetClockConfig
                0x080043e4       0x64 ./Drivers/STM32F4xx_HAL_Driver/stm32f4xx_hal_rcc.o
                0x080043e4                HAL_RCC_GetClockConfig
 .text.HAL_SPI_Init
                0x08004448      0x39c ./Drivers/STM32F4xx_HAL_Driver/stm32f4xx_hal_spi.o
                0x08004448                HAL_SPI_Init
 .text.HAL_SPI_Transmit
                0x080047e4      0x2a8 ./Drivers/STM32F4xx_HAL_Driver/stm32f4xx_hal_spi.o
                0x080047e4                HAL_SPI_Transmit
 .text.HAL_SPI_Receive
                0x08004a8c      0x232 ./Drivers/STM32F4xx_HAL_Driver/stm32f4xx_hal_spi.o
                0x08004a8c                HAL_SPI_Receive
 *fill*         0x08004cbe        0x2 
 .text.HAL_SPI_TransmitReceive
                0x08004cc0      0x36c ./Drivers/STM32F4xx_HAL_Driver/stm32f4xx_hal_spi.o
                0x08004cc0                HAL_SPI_TransmitReceive
 .text.HAL_SPI_IRQHandler
                0x0800502c      0x1ec ./Drivers/STM32F4xx_HAL_Driver/stm32f4xx_hal_spi.o
                0x0800502c                HAL_SPI_IRQHandler
 .text.HAL_SPI_TxCpltCallback
                0x08005218       0x14 ./Drivers/STM32F4xx_HAL_Driver/stm32f4xx_hal_spi.o
                0x08005218                HAL_SPI_TxCpltCallback
 .text.HAL_SPI_RxCpltCallback
                0x0800522c       0x14 ./Drivers/STM32F4xx_HAL_Driver/stm32f4xx_hal_spi.o
                0x0800522c                HAL_SPI_RxCpltCallback
 .text.HAL_SPI_TxRxCpltCallback
                0x08005240       0x14 ./Drivers/STM32F4xx_HAL_Driver/stm32f4xx_hal_spi.o
                0x08005240                HAL_SPI_TxRxCpltCallback
 .text.HAL_SPI_TxHalfCpltCallback
                0x08005254       0x14 ./Drivers/STM32F4xx_HAL_Driver/stm32f4xx_hal_spi.o
                0x08005254                HAL_SPI_TxHalfCpltCallback
 .text.HAL_SPI_RxHalfCpltCallback
                0x08005268       0x14 ./Drivers/STM32F4xx_HAL_Driver/stm32f4xx_hal_spi.o
                0x08005268                HAL_SPI_RxHalfCpltCallback
 .text.HAL_SPI_TxRxHalfCpltCallback
                0x0800527c       0x14 ./Drivers/STM32F4xx_HAL_Driver/stm32f4xx_hal_spi.o
                0x0800527c                HAL_SPI_TxRxHalfCpltCallback
 .text.HAL_SPI_ErrorCallback
                0x08005290       0x14 ./Drivers/STM32F4xx_HAL_Driver/stm32f4xx_hal_spi.o
                0x08005290                HAL_SPI_ErrorCallback
 .text.HAL_SPI_AbortCpltCallback
                0x080052a4       0x14 ./Drivers/STM32F4xx_HAL_Driver/stm32f4xx_hal_spi.o
                0x080052a4                HAL_SPI_AbortCpltCallback
 .text.HAL_SPI_GetState
                0x080052b8       0x1c ./Drivers/STM32F4xx_HAL_Driver/stm32f4xx_hal_spi.o
                0x080052b8                HAL_SPI_GetState
 .text.SPI_DMAAbortOnError
                0x080052d4       0x2a ./Drivers/STM32F4xx_HAL_Driver/stm32f4xx_hal_spi.o
 *fill*         0x080052fe        0x2 
 .text.SPI_WaitFlagStateUntilTimeout
                0x08005300      0x110 ./Drivers/STM32F4xx_HAL_Driver/stm32f4xx_hal_spi.o
 .text.SPI_EndRxTransaction
                0x08005410       0xca ./Drivers/STM32F4xx_HAL_Driver/stm32f4xx_hal_spi.o
 *fill*         0x080054da        0x2 
 .text.SPI_EndRxTxTransaction
                0x080054dc       0xa8 ./Drivers/STM32F4xx_HAL_Driver/stm32f4xx_hal_spi.o
 .text.HAL_TIM_Base_Init
                0x08005584      0x1f4 ./Drivers/STM32F4xx_HAL_Driver/stm32f4xx_hal_tim.o
                0x08005584                HAL_TIM_Base_Init
 .text.HAL_TIM_Base_MspInit
                0x08005778       0x14 ./Drivers/STM32F4xx_HAL_Driver/stm32f4xx_hal_tim.o
                0x08005778                HAL_TIM_Base_MspInit
 .text.HAL_TIM_Base_Start_IT
                0x0800578c      0x124 ./Drivers/STM32F4xx_HAL_Driver/stm32f4xx_hal_tim.o
                0x0800578c                HAL_TIM_Base_Start_IT
 .text.HAL_TIM_IRQHandler
                0x080058b0      0x220 ./Drivers/STM32F4xx_HAL_Driver/stm32f4xx_hal_tim.o
                0x080058b0                HAL_TIM_IRQHandler
 .text.HAL_TIM_PeriodElapsedHalfCpltCallback
                0x08005ad0       0x14 ./Drivers/STM32F4xx_HAL_Driver/stm32f4xx_hal_tim.o
                0x08005ad0                HAL_TIM_PeriodElapsedHalfCpltCallback
 .text.HAL_TIM_OC_DelayElapsedCallback
                0x08005ae4       0x14 ./Drivers/STM32F4xx_HAL_Driver/stm32f4xx_hal_tim.o
                0x08005ae4                HAL_TIM_OC_DelayElapsedCallback
 .text.HAL_TIM_IC_CaptureCallback
                0x08005af8       0x14 ./Drivers/STM32F4xx_HAL_Driver/stm32f4xx_hal_tim.o
                0x08005af8                HAL_TIM_IC_CaptureCallback
 .text.HAL_TIM_IC_CaptureHalfCpltCallback
                0x08005b0c       0x14 ./Drivers/STM32F4xx_HAL_Driver/stm32f4xx_hal_tim.o
                0x08005b0c                HAL_TIM_IC_CaptureHalfCpltCallback
 .text.HAL_TIM_PWM_PulseFinishedCallback
                0x08005b20       0x14 ./Drivers/STM32F4xx_HAL_Driver/stm32f4xx_hal_tim.o
                0x08005b20                HAL_TIM_PWM_PulseFinishedCallback
 .text.HAL_TIM_PWM_PulseFinishedHalfCpltCallback
                0x08005b34       0x14 ./Drivers/STM32F4xx_HAL_Driver/stm32f4xx_hal_tim.o
                0x08005b34                HAL_TIM_PWM_PulseFinishedHalfCpltCallback
 .text.HAL_TIM_TriggerCallback
                0x08005b48       0x14 ./Drivers/STM32F4xx_HAL_Driver/stm32f4xx_hal_tim.o
                0x08005b48                HAL_TIM_TriggerCallback
 .text.HAL_TIM_TriggerHalfCpltCallback
                0x08005b5c       0x14 ./Drivers/STM32F4xx_HAL_Driver/stm32f4xx_hal_tim.o
                0x08005b5c                HAL_TIM_TriggerHalfCpltCallback
 .text.HAL_TIM_ErrorCallback
                0x08005b70       0x14 ./Drivers/STM32F4xx_HAL_Driver/stm32f4xx_hal_tim.o
                0x08005b70                HAL_TIM_ErrorCallback
 .text.TIM_Base_SetConfig
                0x08005b84      0x118 ./Drivers/STM32F4xx_HAL_Driver/stm32f4xx_hal_tim.o
                0x08005b84                TIM_Base_SetConfig
 .text.TIM_ResetCallback
                0x08005c9c       0xb0 ./Drivers/STM32F4xx_HAL_Driver/stm32f4xx_hal_tim.o
                0x08005c9c                TIM_ResetCallback
 .text.HAL_TIMEx_CommutCallback
                0x08005d4c       0x14 ./Drivers/STM32F4xx_HAL_Driver/stm32f4xx_hal_tim_ex.o
                0x08005d4c                HAL_TIMEx_CommutCallback
 .text.HAL_TIMEx_CommutHalfCpltCallback
                0x08005d60       0x14 ./Drivers/STM32F4xx_HAL_Driver/stm32f4xx_hal_tim_ex.o
                0x08005d60                HAL_TIMEx_CommutHalfCpltCallback
 .text.HAL_TIMEx_BreakCallback
                0x08005d74       0x14 ./Drivers/STM32F4xx_HAL_Driver/stm32f4xx_hal_tim_ex.o
                0x08005d74                HAL_TIMEx_BreakCallback
 .text.HAL_UART_Init
                0x08005d88      0x18c ./Drivers/STM32F4xx_HAL_Driver/stm32f4xx_hal_uart.o
                0x08005d88                HAL_UART_Init
 .text.HAL_UART_IRQHandler
                0x08005f14      0x530 ./Drivers/STM32F4xx_HAL_Driver/stm32f4xx_hal_uart.o
                0x08005f14                HAL_UART_IRQHandler
 .text.HAL_UART_TxCpltCallback
                0x08006444       0x14 ./Drivers/STM32F4xx_HAL_Driver/stm32f4xx_hal_uart.o
                0x08006444                HAL_UART_TxCpltCallback
 .text.HAL_UART_TxHalfCpltCallback
                0x08006458       0x14 ./Drivers/STM32F4xx_HAL_Driver/stm32f4xx_hal_uart.o
                0x08006458                HAL_UART_TxHalfCpltCallback
 .text.HAL_UART_RxCpltCallback
                0x0800646c       0x14 ./Drivers/STM32F4xx_HAL_Driver/stm32f4xx_hal_uart.o
                0x0800646c                HAL_UART_RxCpltCallback
 .text.HAL_UART_RxHalfCpltCallback
                0x08006480       0x14 ./Drivers/STM32F4xx_HAL_Driver/stm32f4xx_hal_uart.o
                0x08006480                HAL_UART_RxHalfCpltCallback
 .text.HAL_UART_ErrorCallback
                0x08006494       0x14 ./Drivers/STM32F4xx_HAL_Driver/stm32f4xx_hal_uart.o
                0x08006494                HAL_UART_ErrorCallback
 .text.HAL_UART_AbortCpltCallback
                0x080064a8       0x14 ./Drivers/STM32F4xx_HAL_Driver/stm32f4xx_hal_uart.o
                0x080064a8                HAL_UART_AbortCpltCallback
 .text.HAL_UART_AbortTransmitCpltCallback
                0x080064bc       0x14 ./Drivers/STM32F4xx_HAL_Driver/stm32f4xx_hal_uart.o
                0x080064bc                HAL_UART_AbortTransmitCpltCallback
 .text.HAL_UART_AbortReceiveCpltCallback
                0x080064d0       0x14 ./Drivers/STM32F4xx_HAL_Driver/stm32f4xx_hal_uart.o
                0x080064d0                HAL_UART_AbortReceiveCpltCallback
 .text.HAL_UARTEx_RxEventCallback
                0x080064e4       0x18 ./Drivers/STM32F4xx_HAL_Driver/stm32f4xx_hal_uart.o
                0x080064e4                HAL_UARTEx_RxEventCallback
 .text.UART_InitCallbacksToDefault
                0x080064fc       0x70 ./Drivers/STM32F4xx_HAL_Driver/stm32f4xx_hal_uart.o
                0x080064fc                UART_InitCallbacksToDefault
 .text.UART_EndRxTransfer
                0x0800656c       0xc6 ./Drivers/STM32F4xx_HAL_Driver/stm32f4xx_hal_uart.o
 .text.UART_DMAAbortOnError
                0x08006632       0x2a ./Drivers/STM32F4xx_HAL_Driver/stm32f4xx_hal_uart.o
 .text.UART_Transmit_IT
                0x0800665c       0xa0 ./Drivers/STM32F4xx_HAL_Driver/stm32f4xx_hal_uart.o
 .text.UART_EndTransmit_IT
                0x080066fc       0x32 ./Drivers/STM32F4xx_HAL_Driver/stm32f4xx_hal_uart.o
 .text.UART_Receive_IT
                0x0800672e      0x180 ./Drivers/STM32F4xx_HAL_Driver/stm32f4xx_hal_uart.o
 *fill*         0x080068ae        0x2 
 .text.UART_SetConfig
                0x080068b0      0x574 ./Drivers/STM32F4xx_HAL_Driver/stm32f4xx_hal_uart.o
 .text.memset   0x08006e24       0x10 C:/ST/STM32CubeIDE_1.10.1/STM32CubeIDE/plugins/com.st.stm32cube.ide.mcu.externaltools.gnu-tools-for-stm32.12.3.rel1.win32_1.1.0.202410251130/tools/bin/../lib/gcc/arm-none-eabi/12.3.1/../../../../arm-none-eabi/lib/thumb/v7e-m+fp/hard\libc_nano.a(libc_a-memset.o)
                0x08006e24                memset
 .text.__libc_init_array
                0x08006e34       0x48 C:/ST/STM32CubeIDE_1.10.1/STM32CubeIDE/plugins/com.st.stm32cube.ide.mcu.externaltools.gnu-tools-for-stm32.12.3.rel1.win32_1.1.0.202410251130/tools/bin/../lib/gcc/arm-none-eabi/12.3.1/../../../../arm-none-eabi/lib/thumb/v7e-m+fp/hard\libc_nano.a(libc_a-init.o)
                0x08006e34                __libc_init_array
 *(.glue_7)
 .glue_7        0x08006e7c        0x0 linker stubs
 *(.glue_7t)
 .glue_7t       0x08006e7c        0x0 linker stubs
 *(.eh_frame)
 .eh_frame      0x08006e7c        0x0 C:/ST/STM32CubeIDE_1.10.1/STM32CubeIDE/plugins/com.st.stm32cube.ide.mcu.externaltools.gnu-tools-for-stm32.12.3.rel1.win32_1.1.0.202410251130/tools/bin/../lib/gcc/arm-none-eabi/12.3.1/thumb/v7e-m+fp/hard/crtbegin.o
 *(.init)
 .init          0x08006e7c        0x4 C:/ST/STM32CubeIDE_1.10.1/STM32CubeIDE/plugins/com.st.stm32cube.ide.mcu.externaltools.gnu-tools-for-stm32.12.3.rel1.win32_1.1.0.202410251130/tools/bin/../lib/gcc/arm-none-eabi/12.3.1/thumb/v7e-m+fp/hard/crti.o
                0x08006e7c                _init
 .init          0x08006e80        0x8 C:/ST/STM32CubeIDE_1.10.1/STM32CubeIDE/plugins/com.st.stm32cube.ide.mcu.externaltools.gnu-tools-for-stm32.12.3.rel1.win32_1.1.0.202410251130/tools/bin/../lib/gcc/arm-none-eabi/12.3.1/thumb/v7e-m+fp/hard/crtn.o
 *(.fini)
 .fini          0x08006e88        0x4 C:/ST/STM32CubeIDE_1.10.1/STM32CubeIDE/plugins/com.st.stm32cube.ide.mcu.externaltools.gnu-tools-for-stm32.12.3.rel1.win32_1.1.0.202410251130/tools/bin/../lib/gcc/arm-none-eabi/12.3.1/thumb/v7e-m+fp/hard/crti.o
                0x08006e88                _fini
 .fini          0x08006e8c        0x8 C:/ST/STM32CubeIDE_1.10.1/STM32CubeIDE/plugins/com.st.stm32cube.ide.mcu.externaltools.gnu-tools-for-stm32.12.3.rel1.win32_1.1.0.202410251130/tools/bin/../lib/gcc/arm-none-eabi/12.3.1/thumb/v7e-m+fp/hard/crtn.o
                0x08006e94                        . = ALIGN (0x4)
                0x08006e94                        _etext = .

.vfp11_veneer   0x08006e94        0x0
 .vfp11_veneer  0x08006e94        0x0 linker stubs

.v4_bx          0x08006e94        0x0
 .v4_bx         0x08006e94        0x0 linker stubs

.iplt           0x08006e94        0x0
 .iplt          0x08006e94        0x0 C:/ST/STM32CubeIDE_1.10.1/STM32CubeIDE/plugins/com.st.stm32cube.ide.mcu.externaltools.gnu-tools-for-stm32.12.3.rel1.win32_1.1.0.202410251130/tools/bin/../lib/gcc/arm-none-eabi/12.3.1/thumb/v7e-m+fp/hard/crtbegin.o

.rodata         0x08006e94      0x3c0
                0x08006e94                        . = ALIGN (0x4)
 *(.rodata)
 .rodata        0x08006e94       0x75 ./Drivers/STM32F4xx_HAL_Driver/stm32f4xx_hal_cortex.o
 *fill*         0x08006f09        0x3 
 .rodata        0x08006f0c       0x74 ./Drivers/STM32F4xx_HAL_Driver/stm32f4xx_hal_flash.o
 .rodata        0x08006f80       0x77 ./Drivers/STM32F4xx_HAL_Driver/stm32f4xx_hal_flash_ex.o
 *fill*         0x08006ff7        0x1 
 .rodata        0x08006ff8       0x73 ./Drivers/STM32F4xx_HAL_Driver/stm32f4xx_hal_gpio.o
 *fill*         0x0800706b        0x1 
 .rodata        0x0800706c       0x72 ./Drivers/STM32F4xx_HAL_Driver/stm32f4xx_hal_rcc.o
 *fill*         0x080070de        0x2 
 .rodata        0x080070e0       0x72 ./Drivers/STM32F4xx_HAL_Driver/stm32f4xx_hal_spi.o
 *fill*         0x08007152        0x2 
 .rodata        0x08007154       0x72 ./Drivers/STM32F4xx_HAL_Driver/stm32f4xx_hal_tim.o
 *fill*         0x080071c6        0x2 
 .rodata        0x080071c8       0x73 ./Drivers/STM32F4xx_HAL_Driver/stm32f4xx_hal_uart.o
 *(.rodata*)
 *fill*         0x0800723b        0x1 
 .rodata.AHBPrescTable
                0x0800723c       0x10 ./Core/Src/system_stm32f4xx.o
                0x0800723c                AHBPrescTable
 .rodata.APBPrescTable
                0x0800724c        0x8 ./Core/Src/system_stm32f4xx.o
                0x0800724c                APBPrescTable
                0x08007254                        . = ALIGN (0x4)

.ARM.extab      0x08007254        0x0
                0x08007254                        . = ALIGN (0x4)
 *(.ARM.extab* .gnu.linkonce.armextab.*)
                0x08007254                        . = ALIGN (0x4)

.ARM            0x08007254        0x8
                0x08007254                        . = ALIGN (0x4)
                0x08007254                        __exidx_start = .
 *(.ARM.exidx*)
 .ARM.exidx     0x08007254        0x8 C:/ST/STM32CubeIDE_1.10.1/STM32CubeIDE/plugins/com.st.stm32cube.ide.mcu.externaltools.gnu-tools-for-stm32.12.3.rel1.win32_1.1.0.202410251130/tools/bin/../lib/gcc/arm-none-eabi/12.3.1/thumb/v7e-m+fp/hard\libgcc.a(_udivmoddi4.o)
                0x0800725c                        __exidx_end = .
                0x0800725c                        . = ALIGN (0x4)

.rel.dyn        0x0800725c        0x0
 .rel.iplt      0x0800725c        0x0 C:/ST/STM32CubeIDE_1.10.1/STM32CubeIDE/plugins/com.st.stm32cube.ide.mcu.externaltools.gnu-tools-for-stm32.12.3.rel1.win32_1.1.0.202410251130/tools/bin/../lib/gcc/arm-none-eabi/12.3.1/thumb/v7e-m+fp/hard/crtbegin.o

.preinit_array  0x0800725c        0x0
                0x0800725c                        . = ALIGN (0x4)
                0x0800725c                        PROVIDE (__preinit_array_start = .)
 *(.preinit_array*)
                0x0800725c                        PROVIDE (__preinit_array_end = .)
                0x0800725c                        . = ALIGN (0x4)

.init_array     0x0800725c        0x4
                0x0800725c                        . = ALIGN (0x4)
                0x0800725c                        PROVIDE (__init_array_start = .)
 *(SORT_BY_NAME(.init_array.*))
 *(.init_array*)
 .init_array    0x0800725c        0x4 C:/ST/STM32CubeIDE_1.10.1/STM32CubeIDE/plugins/com.st.stm32cube.ide.mcu.externaltools.gnu-tools-for-stm32.12.3.rel1.win32_1.1.0.202410251130/tools/bin/../lib/gcc/arm-none-eabi/12.3.1/thumb/v7e-m+fp/hard/crtbegin.o
                0x08007260                        PROVIDE (__init_array_end = .)
                0x08007260                        . = ALIGN (0x4)

.fini_array     0x08007260        0x4
                0x08007260                        . = ALIGN (0x4)
                [!provide]                        PROVIDE (__fini_array_start = .)
 *(SORT_BY_NAME(.fini_array.*))
 *(.fini_array*)
 .fini_array    0x08007260        0x4 C:/ST/STM32CubeIDE_1.10.1/STM32CubeIDE/plugins/com.st.stm32cube.ide.mcu.externaltools.gnu-tools-for-stm32.12.3.rel1.win32_1.1.0.202410251130/tools/bin/../lib/gcc/arm-none-eabi/12.3.1/thumb/v7e-m+fp/hard/crtbegin.o
                [!provide]                        PROVIDE (__fini_array_end = .)
                0x08007264                        . = ALIGN (0x4)
                0x08007264                        _sidata = LOADADDR (.data)

.data           0x20010000       0x1c load address 0x08007264
                0x20010000                        . = ALIGN (0x4)
                0x20010000                        _sdata = .
 *(.data)
 *(.data*)
 .data.FBL_DSC_Pointer
                0x20010000        0x4 ./Core/Src/main.o
                0x20010000                FBL_DSC_Pointer
 .data.FBL_DSC_State
                0x20010004        0x1 ./Core/Src/main.o
                0x20010004                FBL_DSC_State
 *fill*         0x20010005        0x3 
 .data.ROM_APPL_START_ADDR
                0x20010008        0x4 ./Core/Src/main.o
                0x20010008                ROM_APPL_START_ADDR
 .data.app_address.1
                0x2001000c        0x4 ./Core/Src/main.o
 .data.SystemCoreClock
                0x20010010        0x4 ./Core/Src/system_stm32f4xx.o
                0x20010010                SystemCoreClock
 .data.uwTickPrio
                0x20010014        0x4 ./Drivers/STM32F4xx_HAL_Driver/stm32f4xx_hal.o
                0x20010014                uwTickPrio
 .data.uwTickFreq
                0x20010018        0x1 ./Drivers/STM32F4xx_HAL_Driver/stm32f4xx_hal.o
                0x20010018                uwTickFreq
 *(.RamFunc)
 *(.RamFunc*)
                0x2001001c                        . = ALIGN (0x4)
 *fill*         0x20010019        0x3 
                0x2001001c                        _edata = .

.igot.plt       0x2001001c        0x0 load address 0x08007280
 .igot.plt      0x2001001c        0x0 C:/ST/STM32CubeIDE_1.10.1/STM32CubeIDE/plugins/com.st.stm32cube.ide.mcu.externaltools.gnu-tools-for-stm32.12.3.rel1.win32_1.1.0.202410251130/tools/bin/../lib/gcc/arm-none-eabi/12.3.1/thumb/v7e-m+fp/hard/crtbegin.o
                0x2001001c                        . = ALIGN (0x4)

.bss            0x2001001c      0x250 load address 0x08007280
                0x2001001c                        _sbss = .
                0x2001001c                        __bss_start__ = _sbss
 *(.bss)
 .bss           0x2001001c       0x1c C:/ST/STM32CubeIDE_1.10.1/STM32CubeIDE/plugins/com.st.stm32cube.ide.mcu.externaltools.gnu-tools-for-stm32.12.3.rel1.win32_1.1.0.202410251130/tools/bin/../lib/gcc/arm-none-eabi/12.3.1/thumb/v7e-m+fp/hard/crtbegin.o
 *(.bss*)
 .bss.FBL_RxFrame
                0x20010038       0x14 ./Core/Src/main.o
                0x20010038                FBL_RxFrame
 .bss.FBL_TxFrame
                0x2001004c       0x14 ./Core/Src/main.o
                0x2001004c                FBL_TxFrame
 .bss.FBL_ProgrammingData
                0x20010060        0x4 ./Core/Src/main.o
                0x20010060                FBL_ProgrammingData
 .bss.FBL_ProgrammingIndex
                0x20010064        0x4 ./Core/Src/main.o
                0x20010064                FBL_ProgrammingIndex
 .bss.FBL_ProgrammingAddress
                0x20010068        0x4 ./Core/Src/main.o
                0x20010068                FBL_ProgrammingAddress
 .bss.ROM_APPL_START_ADDR_storedValue
                0x2001006c        0x4 ./Core/Src/main.o
                0x2001006c                ROM_APPL_START_ADDR_storedValue
 .bss.FBL_DSC_Status
                0x20010070        0x4 ./Core/Src/main.o
                0x20010070                FBL_DSC_Status
 .bss.FBL_idReg
                0x20010074        0x4 ./Core/Src/main.o
                0x20010074                FBL_idReg
 .bss.FBL_ctrlStatus
                0x20010078        0x4 ./Core/Src/main.o
                0x20010078                FBL_ctrlStatus
 .bss.CAN_standardLo_ID_lo2bits.12
                0x2001007c        0x1 ./Core/Src/main.o
 .bss.CAN_standardLo_ID_hi3bits.11
                0x2001007d        0x1 ./Core/Src/main.o
 *fill*         0x2001007e        0x2 
 .bss.ConvertedID.10
                0x20010080        0x4 ./Core/Src/main.o
 .bss.returnValue.9
                0x20010084        0x4 ./Core/Src/main.o
 .bss.ConvertedID.8
                0x20010088        0x4 ./Core/Src/main.o
 .bss.returnValue.7
                0x2001008c        0x4 ./Core/Src/main.o
 .bss.wipSIDL.6
                0x20010090        0x1 ./Core/Src/main.o
 .bss.FBL_retVal.5
                0x20010091        0x1 ./Core/Src/main.o
 .bss.FBL_retVal.4
                0x20010092        0x1 ./Core/Src/main.o
 .bss.FBL_retVal.3
                0x20010093        0x1 ./Core/Src/main.o
 .bss.FBL_retVal.2
                0x20010094        0x1 ./Core/Src/main.o
 *fill*         0x20010095        0x3 
 .bss.app_entry.0
                0x20010098        0x4 ./Core/Src/main.o
 .bss.hspi1     0x2001009c       0x80 ./Core/Src/spi.o
                0x2001009c                hspi1
 .bss.htim5     0x2001011c       0xb4 ./Core/Src/stm32f4xx_hal_timebase_tim.o
                0x2001011c                htim5
 .bss.huart1    0x200101d0       0x78 ./Core/Src/usart.o
                0x200101d0                huart1
 .bss.uwTick    0x20010248        0x4 ./Drivers/STM32F4xx_HAL_Driver/stm32f4xx_hal.o
                0x20010248                uwTick
 .bss.pFlash    0x2001024c       0x20 ./Drivers/STM32F4xx_HAL_Driver/stm32f4xx_hal_flash.o
                0x2001024c                pFlash
 *(COMMON)
                0x2001026c                        . = ALIGN (0x4)
                0x2001026c                        _ebss = .
                0x2001026c                        __bss_end__ = _ebss

._user_heap_stack
                0x2001026c      0x804 load address 0x08007280
                0x20010270                        . = ALIGN (0x8)
 *fill*         0x2001026c        0x4 
                [!provide]                        PROVIDE (end = .)
                0x20010270                        PROVIDE (_end = .)
                0x20010570                        . = (. + _Min_Heap_Size)
 *fill*         0x20010270      0x300 
                0x20010a70                        . = (. + _Min_Stack_Size)
 *fill*         0x20010570      0x500 
                0x20010a70                        . = ALIGN (0x8)

/DISCARD/
 libc.a(*)
 libm.a(*)
 libgcc.a(*)

.ARM.attributes
                0x00000000       0x30
 *(.ARM.attributes)
 .ARM.attributes
                0x00000000       0x22 C:/ST/STM32CubeIDE_1.10.1/STM32CubeIDE/plugins/com.st.stm32cube.ide.mcu.externaltools.gnu-tools-for-stm32.12.3.rel1.win32_1.1.0.202410251130/tools/bin/../lib/gcc/arm-none-eabi/12.3.1/thumb/v7e-m+fp/hard/crti.o
 .ARM.attributes
                0x00000022       0x34 C:/ST/STM32CubeIDE_1.10.1/STM32CubeIDE/plugins/com.st.stm32cube.ide.mcu.externaltools.gnu-tools-for-stm32.12.3.rel1.win32_1.1.0.202410251130/tools/bin/../lib/gcc/arm-none-eabi/12.3.1/thumb/v7e-m+fp/hard/crtbegin.o
 .ARM.attributes
                0x00000056       0x34 ./Core/Src/gpio.o
 .ARM.attributes
                0x0000008a       0x34 ./Core/Src/main.o
 .ARM.attributes
                0x000000be       0x34 ./Core/Src/spi.o
 .ARM.attributes
                0x000000f2       0x34 ./Core/Src/stm32f4xx_hal_msp.o
 .ARM.attributes
                0x00000126       0x34 ./Core/Src/stm32f4xx_hal_timebase_tim.o
 .ARM.attributes
                0x0000015a       0x34 ./Core/Src/stm32f4xx_it.o
 .ARM.attributes
                0x0000018e       0x34 ./Core/Src/system_stm32f4xx.o
 .ARM.attributes
                0x000001c2       0x34 ./Core/Src/usart.o
 .ARM.attributes
                0x000001f6       0x21 ./Core/Startup/startup_stm32f411retx.o
 .ARM.attributes
                0x00000217       0x34 ./Drivers/STM32F4xx_HAL_Driver/stm32f4xx_hal.o
 .ARM.attributes
                0x0000024b       0x34 ./Drivers/STM32F4xx_HAL_Driver/stm32f4xx_hal_cortex.o
 .ARM.attributes
                0x0000027f       0x34 ./Drivers/STM32F4xx_HAL_Driver/stm32f4xx_hal_dma.o
 .ARM.attributes
                0x000002b3       0x34 ./Drivers/STM32F4xx_HAL_Driver/stm32f4xx_hal_flash.o
 .ARM.attributes
                0x000002e7       0x34 ./Drivers/STM32F4xx_HAL_Driver/stm32f4xx_hal_flash_ex.o
 .ARM.attributes
                0x0000031b       0x34 ./Drivers/STM32F4xx_HAL_Driver/stm32f4xx_hal_gpio.o
 .ARM.attributes
                0x0000034f       0x34 ./Drivers/STM32F4xx_HAL_Driver/stm32f4xx_hal_pwr.o
 .ARM.attributes
                0x00000383       0x34 ./Drivers/STM32F4xx_HAL_Driver/stm32f4xx_hal_rcc.o
 .ARM.attributes
                0x000003b7       0x34 ./Drivers/STM32F4xx_HAL_Driver/stm32f4xx_hal_spi.o
 .ARM.attributes
                0x000003eb       0x34 ./Drivers/STM32F4xx_HAL_Driver/stm32f4xx_hal_tim.o
 .ARM.attributes
                0x0000041f       0x34 ./Drivers/STM32F4xx_HAL_Driver/stm32f4xx_hal_tim_ex.o
 .ARM.attributes
                0x00000453       0x34 ./Drivers/STM32F4xx_HAL_Driver/stm32f4xx_hal_uart.o
 .ARM.attributes
                0x00000487       0x34 C:/ST/STM32CubeIDE_1.10.1/STM32CubeIDE/plugins/com.st.stm32cube.ide.mcu.externaltools.gnu-tools-for-stm32.12.3.rel1.win32_1.1.0.202410251130/tools/bin/../lib/gcc/arm-none-eabi/12.3.1/../../../../arm-none-eabi/lib/thumb/v7e-m+fp/hard\libc_nano.a(libc_a-memset.o)
 .ARM.attributes
                0x000004bb       0x34 C:/ST/STM32CubeIDE_1.10.1/STM32CubeIDE/plugins/com.st.stm32cube.ide.mcu.externaltools.gnu-tools-for-stm32.12.3.rel1.win32_1.1.0.202410251130/tools/bin/../lib/gcc/arm-none-eabi/12.3.1/../../../../arm-none-eabi/lib/thumb/v7e-m+fp/hard\libc_nano.a(libc_a-init.o)
 .ARM.attributes
                0x000004ef       0x22 C:/ST/STM32CubeIDE_1.10.1/STM32CubeIDE/plugins/com.st.stm32cube.ide.mcu.externaltools.gnu-tools-for-stm32.12.3.rel1.win32_1.1.0.202410251130/tools/bin/../lib/gcc/arm-none-eabi/12.3.1/thumb/v7e-m+fp/hard\libgcc.a(_aeabi_uldivmod.o)
 .ARM.attributes
                0x00000511       0x34 C:/ST/STM32CubeIDE_1.10.1/STM32CubeIDE/plugins/com.st.stm32cube.ide.mcu.externaltools.gnu-tools-for-stm32.12.3.rel1.win32_1.1.0.202410251130/tools/bin/../lib/gcc/arm-none-eabi/12.3.1/thumb/v7e-m+fp/hard\libgcc.a(_udivmoddi4.o)
 .ARM.attributes
                0x00000545       0x22 C:/ST/STM32CubeIDE_1.10.1/STM32CubeIDE/plugins/com.st.stm32cube.ide.mcu.externaltools.gnu-tools-for-stm32.12.3.rel1.win32_1.1.0.202410251130/tools/bin/../lib/gcc/arm-none-eabi/12.3.1/thumb/v7e-m+fp/hard\libgcc.a(_dvmd_tls.o)
 .ARM.attributes
                0x00000567       0x22 C:/ST/STM32CubeIDE_1.10.1/STM32CubeIDE/plugins/com.st.stm32cube.ide.mcu.externaltools.gnu-tools-for-stm32.12.3.rel1.win32_1.1.0.202410251130/tools/bin/../lib/gcc/arm-none-eabi/12.3.1/thumb/v7e-m+fp/hard/crtn.o
OUTPUT(CBM_FBL.elf elf32-littlearm)
LOAD linker stubs
LOAD C:/ST/STM32CubeIDE_1.10.1/STM32CubeIDE/plugins/com.st.stm32cube.ide.mcu.externaltools.gnu-tools-for-stm32.12.3.rel1.win32_1.1.0.202410251130/tools/bin/../lib/gcc/arm-none-eabi/12.3.1/../../../../arm-none-eabi/lib/thumb/v7e-m+fp/hard\libc.a
LOAD C:/ST/STM32CubeIDE_1.10.1/STM32CubeIDE/plugins/com.st.stm32cube.ide.mcu.externaltools.gnu-tools-for-stm32.12.3.rel1.win32_1.1.0.202410251130/tools/bin/../lib/gcc/arm-none-eabi/12.3.1/../../../../arm-none-eabi/lib/thumb/v7e-m+fp/hard\libm.a
LOAD C:/ST/STM32CubeIDE_1.10.1/STM32CubeIDE/plugins/com.st.stm32cube.ide.mcu.externaltools.gnu-tools-for-stm32.12.3.rel1.win32_1.1.0.202410251130/tools/bin/../lib/gcc/arm-none-eabi/12.3.1/thumb/v7e-m+fp/hard\libgcc.a

.debug_info     0x00000000    0x13c41
 .debug_info    0x00000000      0x44f ./Core/Src/gpio.o
 .debug_info    0x0000044f     0x28a9 ./Core/Src/main.o
 .debug_info    0x00002cf8      0xbb8 ./Core/Src/spi.o
 .debug_info    0x000038b0      0x2a4 ./Core/Src/stm32f4xx_hal_msp.o
 .debug_info    0x00003b54      0xd15 ./Core/Src/stm32f4xx_hal_timebase_tim.o
 .debug_info    0x00004869     0x1172 ./Core/Src/stm32f4xx_it.o
 .debug_info    0x000059db      0x53e ./Core/Src/system_stm32f4xx.o
 .debug_info    0x00005f19      0xbca ./Core/Src/usart.o
 .debug_info    0x00006ae3       0x30 ./Core/Startup/startup_stm32f411retx.o
 .debug_info    0x00006b13      0x8fe ./Drivers/STM32F4xx_HAL_Driver/stm32f4xx_hal.o
 .debug_info    0x00007411      0xd31 ./Drivers/STM32F4xx_HAL_Driver/stm32f4xx_hal_cortex.o
 .debug_info    0x00008142      0x903 ./Drivers/STM32F4xx_HAL_Driver/stm32f4xx_hal_dma.o
 .debug_info    0x00008a45      0x5aa ./Drivers/STM32F4xx_HAL_Driver/stm32f4xx_hal_flash.o
 .debug_info    0x00008fef      0x7f8 ./Drivers/STM32F4xx_HAL_Driver/stm32f4xx_hal_flash_ex.o
 .debug_info    0x000097e7      0x712 ./Drivers/STM32F4xx_HAL_Driver/stm32f4xx_hal_gpio.o
 .debug_info    0x00009ef9      0x737 ./Drivers/STM32F4xx_HAL_Driver/stm32f4xx_hal_pwr.o
 .debug_info    0x0000a630      0x90d ./Drivers/STM32F4xx_HAL_Driver/stm32f4xx_hal_rcc.o
 .debug_info    0x0000af3d     0x16d7 ./Drivers/STM32F4xx_HAL_Driver/stm32f4xx_hal_spi.o
 .debug_info    0x0000c614     0x2d74 ./Drivers/STM32F4xx_HAL_Driver/stm32f4xx_hal_tim.o
 .debug_info    0x0000f388     0x16b5 ./Drivers/STM32F4xx_HAL_Driver/stm32f4xx_hal_tim_ex.o
 .debug_info    0x00010a3d     0x3204 ./Drivers/STM32F4xx_HAL_Driver/stm32f4xx_hal_uart.o

.debug_abbrev   0x00000000     0x2de9
 .debug_abbrev  0x00000000      0x151 ./Core/Src/gpio.o
 .debug_abbrev  0x00000151      0x3bc ./Core/Src/main.o
 .debug_abbrev  0x0000050d      0x215 ./Core/Src/spi.o
 .debug_abbrev  0x00000722       0xf4 ./Core/Src/stm32f4xx_hal_msp.o
 .debug_abbrev  0x00000816      0x219 ./Core/Src/stm32f4xx_hal_timebase_tim.o
 .debug_abbrev  0x00000a2f      0x1fd ./Core/Src/stm32f4xx_it.o
 .debug_abbrev  0x00000c2c      0x11a ./Core/Src/system_stm32f4xx.o
 .debug_abbrev  0x00000d46      0x215 ./Core/Src/usart.o
 .debug_abbrev  0x00000f5b       0x24 ./Core/Startup/startup_stm32f411retx.o
 .debug_abbrev  0x00000f7f      0x252 ./Drivers/STM32F4xx_HAL_Driver/stm32f4xx_hal.o
 .debug_abbrev  0x000011d1      0x339 ./Drivers/STM32F4xx_HAL_Driver/stm32f4xx_hal_cortex.o
 .debug_abbrev  0x0000150a      0x236 ./Drivers/STM32F4xx_HAL_Driver/stm32f4xx_hal_dma.o
 .debug_abbrev  0x00001740      0x296 ./Drivers/STM32F4xx_HAL_Driver/stm32f4xx_hal_flash.o
 .debug_abbrev  0x000019d6      0x282 ./Drivers/STM32F4xx_HAL_Driver/stm32f4xx_hal_flash_ex.o
 .debug_abbrev  0x00001c58      0x1f0 ./Drivers/STM32F4xx_HAL_Driver/stm32f4xx_hal_gpio.o
 .debug_abbrev  0x00001e48      0x1cb ./Drivers/STM32F4xx_HAL_Driver/stm32f4xx_hal_pwr.o
 .debug_abbrev  0x00002013      0x2cb ./Drivers/STM32F4xx_HAL_Driver/stm32f4xx_hal_rcc.o
 .debug_abbrev  0x000022de      0x28b ./Drivers/STM32F4xx_HAL_Driver/stm32f4xx_hal_spi.o
 .debug_abbrev  0x00002569      0x2ae ./Drivers/STM32F4xx_HAL_Driver/stm32f4xx_hal_tim.o
 .debug_abbrev  0x00002817      0x2a3 ./Drivers/STM32F4xx_HAL_Driver/stm32f4xx_hal_tim_ex.o
 .debug_abbrev  0x00002aba      0x32f ./Drivers/STM32F4xx_HAL_Driver/stm32f4xx_hal_uart.o

.debug_aranges  0x00000000     0x1288
 .debug_aranges
                0x00000000       0x20 ./Core/Src/gpio.o
 .debug_aranges
                0x00000020      0x1d0 ./Core/Src/main.o
 .debug_aranges
                0x000001f0       0x30 ./Core/Src/spi.o
 .debug_aranges
                0x00000220       0x20 ./Core/Src/stm32f4xx_hal_msp.o
 .debug_aranges
                0x00000240       0x30 ./Core/Src/stm32f4xx_hal_timebase_tim.o
 .debug_aranges
                0x00000270       0xa0 ./Core/Src/stm32f4xx_it.o
 .debug_aranges
                0x00000310       0x28 ./Core/Src/system_stm32f4xx.o
 .debug_aranges
                0x00000338       0x30 ./Core/Src/usart.o
 .debug_aranges
                0x00000368       0x28 ./Core/Startup/startup_stm32f411retx.o
 .debug_aranges
                0x00000390       0xf0 ./Drivers/STM32F4xx_HAL_Driver/stm32f4xx_hal.o
 .debug_aranges
                0x00000480      0x130 ./Drivers/STM32F4xx_HAL_Driver/stm32f4xx_hal_cortex.o
 .debug_aranges
                0x000005b0       0x90 ./Drivers/STM32F4xx_HAL_Driver/stm32f4xx_hal_dma.o
 .debug_aranges
                0x00000640       0xa0 ./Drivers/STM32F4xx_HAL_Driver/stm32f4xx_hal_flash.o
 .debug_aranges
                0x000006e0       0xc8 ./Drivers/STM32F4xx_HAL_Driver/stm32f4xx_hal_flash_ex.o
 .debug_aranges
                0x000007a8       0x58 ./Drivers/STM32F4xx_HAL_Driver/stm32f4xx_hal_gpio.o
 .debug_aranges
                0x00000800       0xa0 ./Drivers/STM32F4xx_HAL_Driver/stm32f4xx_hal_pwr.o
 .debug_aranges
                0x000008a0       0x88 ./Drivers/STM32F4xx_HAL_Driver/stm32f4xx_hal_rcc.o
 .debug_aranges
                0x00000928      0x1e0 ./Drivers/STM32F4xx_HAL_Driver/stm32f4xx_hal_spi.o
 .debug_aranges
                0x00000b08      0x3e8 ./Drivers/STM32F4xx_HAL_Driver/stm32f4xx_hal_tim.o
 .debug_aranges
                0x00000ef0      0x168 ./Drivers/STM32F4xx_HAL_Driver/stm32f4xx_hal_tim_ex.o
 .debug_aranges
                0x00001058      0x230 ./Drivers/STM32F4xx_HAL_Driver/stm32f4xx_hal_uart.o

.debug_rnglists
                0x00000000      0xe7c
 .debug_rnglists
                0x00000000       0x14 ./Core/Src/gpio.o
 .debug_rnglists
                0x00000014      0x168 ./Core/Src/main.o
 .debug_rnglists
                0x0000017c       0x20 ./Core/Src/spi.o
 .debug_rnglists
                0x0000019c       0x13 ./Core/Src/stm32f4xx_hal_msp.o
 .debug_rnglists
                0x000001af       0x20 ./Core/Src/stm32f4xx_hal_timebase_tim.o
 .debug_rnglists
                0x000001cf       0x73 ./Core/Src/stm32f4xx_it.o
 .debug_rnglists
                0x00000242       0x1a ./Core/Src/system_stm32f4xx.o
 .debug_rnglists
                0x0000025c       0x20 ./Core/Src/usart.o
 .debug_rnglists
                0x0000027c       0x19 ./Core/Startup/startup_stm32f411retx.o
 .debug_rnglists
                0x00000295       0xaf ./Drivers/STM32F4xx_HAL_Driver/stm32f4xx_hal.o
 .debug_rnglists
                0x00000344       0xe0 ./Drivers/STM32F4xx_HAL_Driver/stm32f4xx_hal_cortex.o
 .debug_rnglists
                0x00000424       0x71 ./Drivers/STM32F4xx_HAL_Driver/stm32f4xx_hal_dma.o
 .debug_rnglists
                0x00000495       0x79 ./Drivers/STM32F4xx_HAL_Driver/stm32f4xx_hal_flash.o
 .debug_rnglists
                0x0000050e       0x97 ./Drivers/STM32F4xx_HAL_Driver/stm32f4xx_hal_flash_ex.o
 .debug_rnglists
                0x000005a5       0x3f ./Drivers/STM32F4xx_HAL_Driver/stm32f4xx_hal_gpio.o
 .debug_rnglists
                0x000005e4       0x75 ./Drivers/STM32F4xx_HAL_Driver/stm32f4xx_hal_pwr.o
 .debug_rnglists
                0x00000659       0x66 ./Drivers/STM32F4xx_HAL_Driver/stm32f4xx_hal_rcc.o
 .debug_rnglists
                0x000006bf      0x17f ./Drivers/STM32F4xx_HAL_Driver/stm32f4xx_hal_spi.o
 .debug_rnglists
                0x0000083e      0x336 ./Drivers/STM32F4xx_HAL_Driver/stm32f4xx_hal_tim.o
 .debug_rnglists
                0x00000b74      0x128 ./Drivers/STM32F4xx_HAL_Driver/stm32f4xx_hal_tim_ex.o
 .debug_rnglists
                0x00000c9c      0x1e0 ./Drivers/STM32F4xx_HAL_Driver/stm32f4xx_hal_uart.o

.debug_macro    0x00000000    0x174c2
 .debug_macro   0x00000000      0x1ec ./Core/Src/gpio.o
 .debug_macro   0x000001ec      0xab4 ./Core/Src/gpio.o
 .debug_macro   0x00000ca0      0x2a8 ./Core/Src/gpio.o
 .debug_macro   0x00000f48       0x2e ./Core/Src/gpio.o
 .debug_macro   0x00000f76       0x28 ./Core/Src/gpio.o
 .debug_macro   0x00000f9e       0x22 ./Core/Src/gpio.o
 .debug_macro   0x00000fc0       0x8e ./Core/Src/gpio.o
 .debug_macro   0x0000104e       0x51 ./Core/Src/gpio.o
 .debug_macro   0x0000109f      0x103 ./Core/Src/gpio.o
 .debug_macro   0x000011a2       0x6a ./Core/Src/gpio.o
 .debug_macro   0x0000120c      0x1df ./Core/Src/gpio.o
 .debug_macro   0x000013eb       0x1c ./Core/Src/gpio.o
 .debug_macro   0x00001407       0x22 ./Core/Src/gpio.o
 .debug_macro   0x00001429       0xfb ./Core/Src/gpio.o
 .debug_macro   0x00001524     0x1011 ./Core/Src/gpio.o
 .debug_macro   0x00002535      0x11f ./Core/Src/gpio.o
 .debug_macro   0x00002654     0xb953 ./Core/Src/gpio.o
 .debug_macro   0x0000dfa7       0x6d ./Core/Src/gpio.o
 .debug_macro   0x0000e014     0x369a ./Core/Src/gpio.o
 .debug_macro   0x000116ae      0x189 ./Core/Src/gpio.o
 .debug_macro   0x00011837       0x5c ./Core/Src/gpio.o
 .debug_macro   0x00011893      0x45c ./Core/Src/gpio.o
 .debug_macro   0x00011cef      0x9e9 ./Core/Src/gpio.o
 .debug_macro   0x000126d8      0x115 ./Core/Src/gpio.o
 .debug_macro   0x000127ed      0x11b ./Core/Src/gpio.o
 .debug_macro   0x00012908       0xa5 ./Core/Src/gpio.o
 .debug_macro   0x000129ad      0x15f ./Core/Src/gpio.o
 .debug_macro   0x00012b0c      0x287 ./Core/Src/gpio.o
 .debug_macro   0x00012d93       0x5f ./Core/Src/gpio.o
 .debug_macro   0x00012df2      0x236 ./Core/Src/gpio.o
 .debug_macro   0x00013028      0x132 ./Core/Src/gpio.o
 .debug_macro   0x0001315a      0x264 ./Core/Src/gpio.o
 .debug_macro   0x000133be       0x2e ./Core/Src/gpio.o
 .debug_macro   0x000133ec      0x127 ./Core/Src/gpio.o
 .debug_macro   0x00013513       0x85 ./Core/Src/gpio.o
 .debug_macro   0x00013598       0x89 ./Core/Src/gpio.o
 .debug_macro   0x00013621      0x22c ./Core/Src/gpio.o
 .debug_macro   0x0001384d      0x8ed ./Core/Src/gpio.o
 .debug_macro   0x0001413a       0x47 ./Core/Src/gpio.o
 .debug_macro   0x00014181      0x2b1 ./Core/Src/gpio.o
 .debug_macro   0x00014432      0x126 ./Core/Src/gpio.o
 .debug_macro   0x00014558      0x527 ./Core/Src/main.o
 .debug_macro   0x00014a7f       0x61 ./Core/Src/main.o
 .debug_macro   0x00014ae0       0x2a ./Core/Src/main.o
 .debug_macro   0x00014b0a       0x43 ./Core/Src/main.o
 .debug_macro   0x00014b4d       0x34 ./Core/Src/main.o
 .debug_macro   0x00014b81       0x16 ./Core/Src/main.o
 .debug_macro   0x00014b97       0x43 ./Core/Src/main.o
 .debug_macro   0x00014bda       0x34 ./Core/Src/main.o
 .debug_macro   0x00014c0e       0x10 ./Core/Src/main.o
 .debug_macro   0x00014c1e       0x58 ./Core/Src/main.o
 .debug_macro   0x00014c76       0x8e ./Core/Src/main.o
 .debug_macro   0x00014d04       0x1c ./Core/Src/main.o
 .debug_macro   0x00014d20      0x177 ./Core/Src/main.o
 .debug_macro   0x00014e97      0x369 ./Core/Src/main.o
 .debug_macro   0x00015200       0x10 ./Core/Src/main.o
 .debug_macro   0x00015210       0x35 ./Core/Src/main.o
 .debug_macro   0x00015245       0x20 ./Core/Src/main.o
 .debug_macro   0x00015265       0x22 ./Core/Src/main.o
 .debug_macro   0x00015287      0x1ec ./Core/Src/spi.o
 .debug_macro   0x00015473      0x1e2 ./Core/Src/stm32f4xx_hal_msp.o
 .debug_macro   0x00015655      0x1d8 ./Core/Src/stm32f4xx_hal_timebase_tim.o
 .debug_macro   0x0001582d      0x1ec ./Core/Src/stm32f4xx_it.o
 .debug_macro   0x00015a19      0x1d8 ./Core/Src/system_stm32f4xx.o
 .debug_macro   0x00015bf1      0x1ec ./Core/Src/usart.o
 .debug_macro   0x00015ddd      0x238 ./Drivers/STM32F4xx_HAL_Driver/stm32f4xx_hal.o
 .debug_macro   0x00016015      0x1d8 ./Drivers/STM32F4xx_HAL_Driver/stm32f4xx_hal_cortex.o
 .debug_macro   0x000161ed      0x1de ./Drivers/STM32F4xx_HAL_Driver/stm32f4xx_hal_dma.o
 .debug_macro   0x000163cb      0x1de ./Drivers/STM32F4xx_HAL_Driver/stm32f4xx_hal_flash.o
 .debug_macro   0x000165a9      0x1de ./Drivers/STM32F4xx_HAL_Driver/stm32f4xx_hal_flash_ex.o
 .debug_macro   0x00016787      0x1de ./Drivers/STM32F4xx_HAL_Driver/stm32f4xx_hal_gpio.o
 .debug_macro   0x00016965      0x1f0 ./Drivers/STM32F4xx_HAL_Driver/stm32f4xx_hal_pwr.o
 .debug_macro   0x00016b55      0x1fc ./Drivers/STM32F4xx_HAL_Driver/stm32f4xx_hal_rcc.o
 .debug_macro   0x00016d51      0x1e7 ./Drivers/STM32F4xx_HAL_Driver/stm32f4xx_hal_spi.o
 .debug_macro   0x00016f38      0x1d9 ./Drivers/STM32F4xx_HAL_Driver/stm32f4xx_hal_tim.o
 .debug_macro   0x00017111      0x1d8 ./Drivers/STM32F4xx_HAL_Driver/stm32f4xx_hal_tim_ex.o
 .debug_macro   0x000172e9      0x1d9 ./Drivers/STM32F4xx_HAL_Driver/stm32f4xx_hal_uart.o

.debug_line     0x00000000    0x19620
 .debug_line    0x00000000      0x87e ./Core/Src/gpio.o
 .debug_line    0x0000087e     0x1b8f ./Core/Src/main.o
 .debug_line    0x0000240d      0x8b6 ./Core/Src/spi.o
 .debug_line    0x00002cc3      0x848 ./Core/Src/stm32f4xx_hal_msp.o
 .debug_line    0x0000350b      0x8c1 ./Core/Src/stm32f4xx_hal_timebase_tim.o
 .debug_line    0x00003dcc      0x9d6 ./Core/Src/stm32f4xx_it.o
 .debug_line    0x000047a2      0x8ca ./Core/Src/system_stm32f4xx.o
 .debug_line    0x0000506c      0x8ae ./Core/Src/usart.o
 .debug_line    0x0000591a       0x7a ./Core/Startup/startup_stm32f411retx.o
 .debug_line    0x00005994      0xb81 ./Drivers/STM32F4xx_HAL_Driver/stm32f4xx_hal.o
 .debug_line    0x00006515     0x107c ./Drivers/STM32F4xx_HAL_Driver/stm32f4xx_hal_cortex.o
 .debug_line    0x00007591     0x129b ./Drivers/STM32F4xx_HAL_Driver/stm32f4xx_hal_dma.o
 .debug_line    0x0000882c      0xcb4 ./Drivers/STM32F4xx_HAL_Driver/stm32f4xx_hal_flash.o
 .debug_line    0x000094e0      0xe81 ./Drivers/STM32F4xx_HAL_Driver/stm32f4xx_hal_flash_ex.o
 .debug_line    0x0000a361      0xe48 ./Drivers/STM32F4xx_HAL_Driver/stm32f4xx_hal_gpio.o
 .debug_line    0x0000b1a9      0xb1c ./Drivers/STM32F4xx_HAL_Driver/stm32f4xx_hal_pwr.o
 .debug_line    0x0000bcc5     0x10bf ./Drivers/STM32F4xx_HAL_Driver/stm32f4xx_hal_rcc.o
 .debug_line    0x0000cd84     0x21e4 ./Drivers/STM32F4xx_HAL_Driver/stm32f4xx_hal_spi.o
 .debug_line    0x0000ef68     0x58db ./Drivers/STM32F4xx_HAL_Driver/stm32f4xx_hal_tim.o
 .debug_line    0x00014843     0x1f96 ./Drivers/STM32F4xx_HAL_Driver/stm32f4xx_hal_tim_ex.o
 .debug_line    0x000167d9     0x2e47 ./Drivers/STM32F4xx_HAL_Driver/stm32f4xx_hal_uart.o

.debug_str      0x00000000    0x9241f
 .debug_str     0x00000000    0x8875e ./Core/Src/gpio.o
                              0x889e2 (size before relaxing)
 .debug_str     0x0008875e     0x582b ./Core/Src/main.o
                              0x8e4d1 (size before relaxing)
 .debug_str     0x0008df89       0x6f ./Core/Src/spi.o
                              0x892ce (size before relaxing)
 .debug_str     0x0008dff8       0x49 ./Core/Src/stm32f4xx_hal_msp.o
                              0x88934 (size before relaxing)
 .debug_str     0x0008e041      0x107 ./Core/Src/stm32f4xx_hal_timebase_tim.o
                              0x895e8 (size before relaxing)
 .debug_str     0x0008e148      0x306 ./Core/Src/stm32f4xx_it.o
                              0x89633 (size before relaxing)
 .debug_str     0x0008e44e       0x87 ./Core/Src/system_stm32f4xx.o
                              0x889c7 (size before relaxing)
 .debug_str     0x0008e4d5       0x51 ./Core/Src/usart.o
                              0x8932b (size before relaxing)
 .debug_str     0x0008e526       0x44 ./Core/Startup/startup_stm32f411retx.o
                                 0x92 (size before relaxing)
 .debug_str     0x0008e56a      0x5e6 ./Drivers/STM32F4xx_HAL_Driver/stm32f4xx_hal.o
                              0x8944d (size before relaxing)
 .debug_str     0x0008eb50      0x39f ./Drivers/STM32F4xx_HAL_Driver/stm32f4xx_hal_cortex.o
                              0x891b9 (size before relaxing)
 .debug_str     0x0008eeef      0x34f ./Drivers/STM32F4xx_HAL_Driver/stm32f4xx_hal_dma.o
                              0x88e17 (size before relaxing)
 .debug_str     0x0008f23e      0x2a3 ./Drivers/STM32F4xx_HAL_Driver/stm32f4xx_hal_flash.o
                              0x88bed (size before relaxing)
 .debug_str     0x0008f4e1      0x2e8 ./Drivers/STM32F4xx_HAL_Driver/stm32f4xx_hal_flash_ex.o
                              0x88d10 (size before relaxing)
 .debug_str     0x0008f7c9      0x15b ./Drivers/STM32F4xx_HAL_Driver/stm32f4xx_hal_gpio.o
                              0x88b8a (size before relaxing)
 .debug_str     0x0008f924      0x28b ./Drivers/STM32F4xx_HAL_Driver/stm32f4xx_hal_pwr.o
                              0x88c45 (size before relaxing)
 .debug_str     0x0008fbaf      0x22c ./Drivers/STM32F4xx_HAL_Driver/stm32f4xx_hal_rcc.o
                              0x88e43 (size before relaxing)
 .debug_str     0x0008fddb      0x6cb ./Drivers/STM32F4xx_HAL_Driver/stm32f4xx_hal_spi.o
                              0x894ed (size before relaxing)
 .debug_str     0x000904a6     0x124c ./Drivers/STM32F4xx_HAL_Driver/stm32f4xx_hal_tim.o
                              0x8a40c (size before relaxing)
 .debug_str     0x000916f2      0x4e0 ./Drivers/STM32F4xx_HAL_Driver/stm32f4xx_hal_tim_ex.o
                              0x89801 (size before relaxing)
 .debug_str     0x00091bd2      0x84d ./Drivers/STM32F4xx_HAL_Driver/stm32f4xx_hal_uart.o
                              0x8971d (size before relaxing)

.comment        0x00000000       0x43
 .comment       0x00000000       0x43 ./Core/Src/gpio.o
                                 0x44 (size before relaxing)
 .comment       0x00000043       0x44 ./Core/Src/main.o
 .comment       0x00000043       0x44 ./Core/Src/spi.o
 .comment       0x00000043       0x44 ./Core/Src/stm32f4xx_hal_msp.o
 .comment       0x00000043       0x44 ./Core/Src/stm32f4xx_hal_timebase_tim.o
 .comment       0x00000043       0x44 ./Core/Src/stm32f4xx_it.o
 .comment       0x00000043       0x44 ./Core/Src/system_stm32f4xx.o
 .comment       0x00000043       0x44 ./Core/Src/usart.o
 .comment       0x00000043       0x44 ./Drivers/STM32F4xx_HAL_Driver/stm32f4xx_hal.o
 .comment       0x00000043       0x44 ./Drivers/STM32F4xx_HAL_Driver/stm32f4xx_hal_cortex.o
 .comment       0x00000043       0x44 ./Drivers/STM32F4xx_HAL_Driver/stm32f4xx_hal_dma.o
 .comment       0x00000043       0x44 ./Drivers/STM32F4xx_HAL_Driver/stm32f4xx_hal_flash.o
 .comment       0x00000043       0x44 ./Drivers/STM32F4xx_HAL_Driver/stm32f4xx_hal_flash_ex.o
 .comment       0x00000043       0x44 ./Drivers/STM32F4xx_HAL_Driver/stm32f4xx_hal_gpio.o
 .comment       0x00000043       0x44 ./Drivers/STM32F4xx_HAL_Driver/stm32f4xx_hal_pwr.o
 .comment       0x00000043       0x44 ./Drivers/STM32F4xx_HAL_Driver/stm32f4xx_hal_rcc.o
 .comment       0x00000043       0x44 ./Drivers/STM32F4xx_HAL_Driver/stm32f4xx_hal_spi.o
 .comment       0x00000043       0x44 ./Drivers/STM32F4xx_HAL_Driver/stm32f4xx_hal_tim.o
 .comment       0x00000043       0x44 ./Drivers/STM32F4xx_HAL_Driver/stm32f4xx_hal_tim_ex.o
 .comment       0x00000043       0x44 ./Drivers/STM32F4xx_HAL_Driver/stm32f4xx_hal_uart.o

.debug_frame    0x00000000     0x4cd0
 .debug_frame   0x00000000       0x34 ./Core/Src/gpio.o
 .debug_frame   0x00000034      0x748 ./Core/Src/main.o
 .debug_frame   0x0000077c       0x74 ./Core/Src/spi.o
 .debug_frame   0x000007f0       0x34 ./Core/Src/stm32f4xx_hal_msp.o
 .debug_frame   0x00000824       0x74 ./Core/Src/stm32f4xx_hal_timebase_tim.o
 .debug_frame   0x00000898      0x200 ./Core/Src/stm32f4xx_it.o
 .debug_frame   0x00000a98       0x58 ./Core/Src/system_stm32f4xx.o
 .debug_frame   0x00000af0       0x74 ./Core/Src/usart.o
 .debug_frame   0x00000b64      0x374 ./Drivers/STM32F4xx_HAL_Driver/stm32f4xx_hal.o
 .debug_frame   0x00000ed8      0x4fc ./Drivers/STM32F4xx_HAL_Driver/stm32f4xx_hal_cortex.o
 .debug_frame   0x000013d4      0x254 ./Drivers/STM32F4xx_HAL_Driver/stm32f4xx_hal_dma.o
 .debug_frame   0x00001628      0x264 ./Drivers/STM32F4xx_HAL_Driver/stm32f4xx_hal_flash.o
 .debug_frame   0x0000188c      0x328 ./Drivers/STM32F4xx_HAL_Driver/stm32f4xx_hal_flash_ex.o
 .debug_frame   0x00001bb4      0x138 ./Drivers/STM32F4xx_HAL_Driver/stm32f4xx_hal_gpio.o
 .debug_frame   0x00001cec      0x250 ./Drivers/STM32F4xx_HAL_Driver/stm32f4xx_hal_pwr.o
 .debug_frame   0x00001f3c      0x1f8 ./Drivers/STM32F4xx_HAL_Driver/stm32f4xx_hal_rcc.o
 .debug_frame   0x00002134      0x878 ./Drivers/STM32F4xx_HAL_Driver/stm32f4xx_hal_spi.o
 .debug_frame   0x000029ac     0x1248 ./Drivers/STM32F4xx_HAL_Driver/stm32f4xx_hal_tim.o
 .debug_frame   0x00003bf4      0x620 ./Drivers/STM32F4xx_HAL_Driver/stm32f4xx_hal_tim_ex.o
 .debug_frame   0x00004214      0xa10 ./Drivers/STM32F4xx_HAL_Driver/stm32f4xx_hal_uart.o
 .debug_frame   0x00004c24       0x20 C:/ST/STM32CubeIDE_1.10.1/STM32CubeIDE/plugins/com.st.stm32cube.ide.mcu.externaltools.gnu-tools-for-stm32.12.3.rel1.win32_1.1.0.202410251130/tools/bin/../lib/gcc/arm-none-eabi/12.3.1/../../../../arm-none-eabi/lib/thumb/v7e-m+fp/hard\libc_nano.a(libc_a-memset.o)
 .debug_frame   0x00004c44       0x2c C:/ST/STM32CubeIDE_1.10.1/STM32CubeIDE/plugins/com.st.stm32cube.ide.mcu.externaltools.gnu-tools-for-stm32.12.3.rel1.win32_1.1.0.202410251130/tools/bin/../lib/gcc/arm-none-eabi/12.3.1/../../../../arm-none-eabi/lib/thumb/v7e-m+fp/hard\libc_nano.a(libc_a-init.o)
 .debug_frame   0x00004c70       0x2c C:/ST/STM32CubeIDE_1.10.1/STM32CubeIDE/plugins/com.st.stm32cube.ide.mcu.externaltools.gnu-tools-for-stm32.12.3.rel1.win32_1.1.0.202410251130/tools/bin/../lib/gcc/arm-none-eabi/12.3.1/thumb/v7e-m+fp/hard\libgcc.a(_aeabi_uldivmod.o)
 .debug_frame   0x00004c9c       0x34 C:/ST/STM32CubeIDE_1.10.1/STM32CubeIDE/plugins/com.st.stm32cube.ide.mcu.externaltools.gnu-tools-for-stm32.12.3.rel1.win32_1.1.0.202410251130/tools/bin/../lib/gcc/arm-none-eabi/12.3.1/thumb/v7e-m+fp/hard\libgcc.a(_udivmoddi4.o)

.debug_line_str
                0x00000000       0x76
 .debug_line_str
                0x00000000       0x76 ./Core/Startup/startup_stm32f411retx.o
