<html>
<body>
<pre>
<h1>µVision Build Log</h1>
<h2>Tool Versions:</h2>
IDE-Version: ¦ÌVision V5.38.0.0
Copyright (C) 2022 ARM Ltd and ARM Germany GmbH. All rights reserved.
License Information: ghcf Lxp2082@outlook.com
fdfd
User-based license: Keil MDK Community
Valid until: Jun 1 2033. Cached until: Nov 7 2023
 
Tool Versions:
Toolchain:       Keil MDK Community  Version: 5.38.0.0
Toolchain Path:  C:\Keil_v5\ARM\ARMCLANG\Bin
C Compiler:      ArmClang.exe V6.19
Assembler:       Armasm.exe V6.19
Linker/Locator:  ArmLink.exe V6.19
Library Manager: ArmAr.exe V6.19
Hex Converter:   FromElf.exe V6.19
CPU DLL:         SARMCM3.DLL V5.38.0.0
Dialog DLL:      DCM.DLL V1.17.5.0
Target DLL:      Segger\JL2CM3.dll V2.99.42.0
Dialog DLL:      TCM.DLL V1.56.4.0
 
<h2>Project:</h2>
C:\Users\Lxp20\Desktop\temp\bootload2023.09.01\Bootload\Bootload.uvprojx
Project File Date:  10/31/2023

<h2>Output:</h2>
*** Using Compiler 'V6.19', folder: 'C:\Keil_v5\ARM\ARMCLANG\Bin'
Rebuild target 'Bootload'
compiling mcu_lock.c...
compiling main.c...
creating preprocessor file for mcu_lock.c...
creating preprocessor file for main.c...
creating preprocessor file for UDS27_SA.c...
creating preprocessor file for TP_Config.c...
creating preprocessor file for FIFOQUEUE.c...
creating preprocessor file for can_iso_tp.c...
compiling UDS27_SA.c...
compiling can_iso_tp.c...
creating preprocessor file for JumpToAPP.c...
creating preprocessor file for server.c...
compiling FIFOQUEUE.c...
Uds_server/server.c(157): warning: default label in switch which covers all enumeration values [-Wcovered-switch-default]
        default:
        ^
Uds_server/server.c(98): warning: 'break' will never be executed [-Wunreachable-code-break]
                        break;
                        ^~~~~
Uds_server/server.c(280): warning: function declared 'noreturn' should not return [-Winvalid-noreturn]
}
^
3 warnings generated.
compiling server.c...
compiling JumpToAPP.c...
creating preprocessor file for crcLib.c...
creating preprocessor file for flash.c...
compiling crcLib.c...
creating preprocessor file for MultiCAN_handler.c...
compiling flash.c...
compiling systick.c...
creating preprocessor file for adc1.c...
creating preprocessor file for systick.c...
creating preprocessor file for adc2.c...
creating preprocessor file for bdrv.c...
Uds_server/TP_Config.c(46): warning: unused function 'dlc2len' [-Wunused-function]
static uint8_t dlc2len(uint8_t dlc)
               ^
1 warning generated.
compiling TP_Config.c...
compiling adc2.c...
compiling adc1.c...
compiling bdrv.c...
Drive/MultiCAN_handler.c(166): warning: while loop has empty body [-Wempty-body]
        while ((CANNODE->PANCTR.bit.BUSY)||(CANNODE->PANCTR.bit.RBUSY)) ;
                                                                        ^
Drive/MultiCAN_handler.c(166): note: put the semicolon on a separate line to silence this warning
Drive/MultiCAN_handler.c(509): warning: use of bitwise '|' with boolean operands [-Wbitwise-instead-of-logical]
                 if ((CANMSGOBJ0->OBJ7.CAN_MOSTAT7.bit.MSGLST == 1)|(CANMSGOBJ0->OBJ7.CAN_MOSTAT7.bit.NEWDAT == 1)) 
                     ^~~~~~~~~~~~~~~~~~~~~~~~~~~~~~~~~~~~~~~~~~~~~~~~~~~~~~~~~~~~~~~~~~~~~~~~~~~~~~~~~~~~~~~~~~~~~
                                                                   ||
Drive/MultiCAN_handler.c(509): note: cast one or both operands to int to silence this warning
Drive/MultiCAN_handler.c(558): warning: use of bitwise '|' with boolean operands [-Wbitwise-instead-of-logical]
                 if ((CANMSGOBJ0->OBJ8.CAN_MOSTAT8.bit.MSGLST == 1)|(CANMSGOBJ0->OBJ7.CAN_MOSTAT7.bit.NEWDAT == 1)) 
                     ^~~~~~~~~~~~~~~~~~~~~~~~~~~~~~~~~~~~~~~~~~~~~~~~~~~~~~~~~~~~~~~~~~~~~~~~~~~~~~~~~~~~~~~~~~~~~
                                                                   ||
Drive/MultiCAN_handler.c(558): note: cast one or both operands to int to silence this warning
Drive/MultiCAN_handler.c(606): warning: use of bitwise '|' with boolean operands [-Wbitwise-instead-of-logical]
                 if ((CANMSGOBJ0->OBJ9.CAN_MOSTAT9.bit.MSGLST == 1)|(CANMSGOBJ0->OBJ9.CAN_MOSTAT9.bit.NEWDAT == 1)) 
                     ^~~~~~~~~~~~~~~~~~~~~~~~~~~~~~~~~~~~~~~~~~~~~~~~~~~~~~~~~~~~~~~~~~~~~~~~~~~~~~~~~~~~~~~~~~~~~
                                                                   ||
Drive/MultiCAN_handler.c(606): note: cast one or both operands to int to silence this warning
4 warnings generated.
compiling MultiCAN_handler.c...
compiling bootrom.c...
RTE/Device/TLE9893_2QKW62S/can.c(59): warning: ISO C requires a translation unit to contain at least one declaration [-Wempty-translation-unit]
^
1 warning generated.
compiling can.c...
creating preprocessor file for can.c...
creating preprocessor file for bootrom.c...
creating preprocessor file for ccu7.c...
creating preprocessor file for dma.c...
creating preprocessor file for cantrx.c...
compiling cantrx.c...
compiling ccu7.c...
compiling dma.c...
creating preprocessor file for gpio.c...
creating preprocessor file for gpt12.c...
compiling gpio.c...
creating preprocessor file for csacsc.c...
compiling csacsc.c...
creating preprocessor file for isr_exceptions.c...
creating preprocessor file for int.c...
creating preprocessor file for isr_nvic_irq10_handler.c...
creating preprocessor file for isr_nvic_irq11_handler.c...
compiling gpt12.c...
compiling isr_exceptions.c...
creating preprocessor file for isr_nvic_irq0_handler.c...
compiling int.c...
compiling isr_nvic_irq10_handler.c...
compiling isr_nvic_irq11_handler.c...
creating preprocessor file for isr_nvic_irq13_handler.c...
compiling isr_nvic_irq0_handler.c...
creating preprocessor file for isr_nvic_irq12_handler.c...
compiling isr_nvic_irq13_handler.c...
compiling isr_nvic_irq12_handler.c...
creating preprocessor file for isr_nvic_irq14_handler.c...
compiling isr_nvic_irq14_handler.c...
creating preprocessor file for isr_nvic_irq15_handler.c...
compiling isr_nvic_irq17_handler.c...
creating preprocessor file for isr_nvic_irq16_handler.c...
creating preprocessor file for isr_nvic_irq17_handler.c...
creating preprocessor file for isr_nvic_irq18_handler.c...
creating preprocessor file for isr_nvic_irq19_handler.c...
compiling isr_nvic_irq15_handler.c...
compiling isr_nvic_irq16_handler.c...
compiling isr_nvic_irq18_handler.c...
creating preprocessor file for isr_nvic_irq1_handler.c...
compiling isr_nvic_irq19_handler.c...
creating preprocessor file for isr_nvic_irq20_handler.c...
compiling isr_nvic_irq1_handler.c...
creating preprocessor file for isr_nvic_irq21_handler.c...
compiling isr_nvic_irq20_handler.c...
compiling isr_nvic_irq22_handler.c...
creating preprocessor file for isr_nvic_irq28_handler.c...
creating preprocessor file for isr_nvic_irq22_handler.c...
compiling isr_nvic_irq21_handler.c...
creating preprocessor file for isr_nvic_irq23_handler.c...
creating preprocessor file for isr_nvic_irq24_handler.c...
creating preprocessor file for isr_nvic_irq25_handler.c...
compiling isr_nvic_irq27_handler.c...
compiling isr_nvic_irq23_handler.c...
creating preprocessor file for isr_nvic_irq27_handler.c...
compiling isr_nvic_irq24_handler.c...
compiling isr_nvic_irq26_handler.c...
compiling isr_nvic_irq25_handler.c...
compiling isr_nvic_irq28_handler.c...
creating preprocessor file for isr_nvic_irq29_handler.c...
creating preprocessor file for isr_nvic_irq26_handler.c...
compiling isr_nvic_irq2_handler.c...
creating preprocessor file for isr_nvic_irq2_handler.c...
compiling isr_nvic_irq30_handler.c...
creating preprocessor file for isr_nvic_irq30_handler.c...
compiling isr_nvic_irq29_handler.c...
creating preprocessor file for isr_nvic_irq31_handler.c...
creating preprocessor file for isr_nvic_irq3_handler.c...
compiling isr_nvic_irq3_handler.c...
creating preprocessor file for isr_nvic_irq4_handler.c...
compiling isr_nvic_irq31_handler.c...
creating preprocessor file for isr_nvic_irq7_handler.c...
compiling isr_nvic_irq5_handler.c...
creating preprocessor file for isr_nvic_irq5_handler.c...
compiling isr_nvic_irq4_handler.c...
creating preprocessor file for isr_nvic_irq8_handler.c...
compiling isr_nvic_irq7_handler.c...
compiling mon.c...
creating preprocessor file for isr_nvic_irq9_handler.c...
creating preprocessor file for pmu.c...
compiling isr_nvic_irq8_handler.c...
creating preprocessor file for scu.c...
compiling isr_nvic_irq9_handler.c...
compiling pmu.c...
creating preprocessor file for mon.c...
creating preprocessor file for ssc.c...
compiling scu.c...
assembling startup_tle989x.S...
RTE/Device/TLE9893_2QKW62S/startup_tle989x.S(234): warning: A1609W: MOV <rd>,pc instruction does not set bit zero, so does not create a return address
creating preprocessor file for sdadc.c...
compiling ssc.c...
compiling sdadc.c...
creating preprocessor file for system_tle989x.c...
creating preprocessor file for timer2x.c...
creating preprocessor file for tle_device.c...
compiling system_tle989x.c...
compiling uart.c...
creating preprocessor file for uart.c...
compiling timer2x.c...
compiling tle_device.c...
linking...
Program Size: Code=14730 RO-data=1518 RW-data=12 ZI-data=4844  
FromELF: creating hex file...
".\Objects\Bootload.axf" - 0 Error(s), 10 Warning(s).

<h2>Software Packages used:</h2>

Package Vendor: ARM
                http://www.keil.com/pack/ARM.CMSIS.5.9.0.pack
                ARM.CMSIS.5.9.0
                CMSIS (Common Microcontroller Software Interface Standard)
   * Component: CORE Version: 5.6.0

Package Vendor: Infineon
                dummy_end_with_slash/Infineon.TLE988x_9x_DFP.0.7.0.pack
                Infineon.TLE988x_9x_DFP.0.7.0
                Infineon TLE988x/TLE989x Series Device Support
   * Component: ConfigWizard Version: 0.0.0
   * Component: Startup Version: 0.4.0
   * Component: ADC1 Version: 0.4.9
   * Component: ADC2 Version: 0.5.7
   * Component: BDRV Version: 0.8.2
   * Component: BOOTROM Version: 0.3.1
   * Component: CANCONTR Version: 0.3.3
   * Component: CANTRX Version: 0.3.4
   * Component: CCU7 Version: 0.4.0
   * Component: CSACSC Version: 0.2.8
   * Component: DMA Version: 0.3.2
   * Component: GPIO Version: 0.2.6
   * Component: GPT12 Version: 0.6.2
   * Component: INT Version: 0.3.1
   * Component: ISR Version: 0.5.0
   * Component: MON Version: 0.3.4
   * Component: PMU Version: 0.5.7
   * Component: SCU Version: 0.5.4
   * Component: SDADC Version: 0.4.0
   * Component: SSC Version: 0.3.8
   * Component: TIMER2X Version: 0.5.0
   * Component: UART Version: 0.5.9

<h2>Collection of Component include folders:</h2>
  ./RTE/Device/TLE9893_2QKW62S
  ./RTE/_Bootload
  C:/Users/Lxp20/AppData/Local/Arm/Packs/ARM/CMSIS/5.9.0/CMSIS/Core/Include

<h2>Collection of Component Files used:</h2>

   * Component: ARM::CMSIS:CORE:5.6.0

   * Component: Infineon::Device:ConfigWizard:0.0.0
      Include file:  device/tlelib/cfgwiz/defines/TLE9893_2QKW62S/bsl_defines.h
      Include file:  device/tlelib/cfgwiz/defines/TLE9893_2QKW62S/bdrv_defines.h
      Include file:  device/tlelib/cfgwiz/defines/TLE9893_2QKW62S/ccu7_defines.h
      Include file:  device/tlelib/cfgwiz/defines/TLE9893_2QKW62S/dma_defines.h
      Include file:  device/tlelib/cfgwiz/defines/TLE9893_2QKW62S/scu_defines.h
      Include file:  device/tlelib/cfgwiz/defines/TLE9893_2QKW62S/sdadc_defines.h
      Include file:  device/tlelib/cfgwiz/defines/TLE9893_2QKW62S/adc2_defines.h
      Include file:  device/tlelib/cfgwiz/defines/TLE9893_2QKW62S/cantrx_defines.h
      Include file:  device/tlelib/cfgwiz/defines/TLE9893_2QKW62S/csacsc_defines.h
      Include file:  device/tlelib/cfgwiz/defines/TLE9893_2QKW62S/isr_defines.h
      Include file:  device/tlelib/cfgwiz/defines/TLE9893_2QKW62S/pmu_defines.h
      Include file:  device/tlelib/cfgwiz/defines/TLE9893_2QKW62S/ssc_defines.h
      Include file:  device/tlelib/cfgwiz/defines/TLE9893_2QKW62S/adc1_defines.h
      Include file:  device/tlelib/cfgwiz/defines/TLE9893_2QKW62S/gpio_defines.h
      Include file:  device/tlelib/cfgwiz/defines/TLE9893_2QKW62S/gpt12_defines.h
      Include file:  device/tlelib/cfgwiz/defines/TLE9893_2QKW62S/timer2x_defines.h
      Include file:  device/tlelib/cfgwiz/defines/TLE9893_2QKW62S/uart_defines.h

   * Component: Infineon::Device:Startup:0.4.0
      Include file:  device/tlelib/inc/cmsis_misra.h
      Source file:   device/tlelib/src/tle_device.c
      Source file:   device/startup/asm/ARM/startup_tle989x.S
      Source file:   device/startup/src/system_tle989x.c
      Include file:  device/tlelib/inc/tle_variants.h
      Include file:  device/tlelib/inc/tle_device.h
      Include file:  device/tlelib/inc/tle989x.h
      Source file:   device/tlelib/main/main.c
      Include file:  device/startup/inc/system_tle989x.h
      Include file:  device/tlelib/inc/types.h
      Include file:  device/tlelib/inc/error_codes.h

   * Component: Infineon::Device:TLELib:ADC1:0.4.9
      Source file:   device/tlelib/src/adc1.c
      Include file:  device/tlelib/inc/adc1.h

   * Component: Infineon::Device:TLELib:ADC2:0.5.7
      Source file:   device/tlelib/src/adc2.c
      Include file:  device/tlelib/inc/adc2.h

   * Component: Infineon::Device:TLELib:BDRV:0.8.2
      Include file:  device/tlelib/inc/bdrv.h
      Source file:   device/tlelib/src/bdrv.c

   * Component: Infineon::Device:TLELib:BOOTROM:0.3.1
      Source file:   device/tlelib/src/bootrom.c
      Include file:  device/tlelib/inc/bootrom.h

   * Component: Infineon::Device:TLELib:CANCONTR:0.3.3
      Source file:   device/tlelib/src/can.c
      Include file:  device/tlelib/inc/can.h

   * Component: Infineon::Device:TLELib:CANTRX:0.3.4
      Include file:  device/tlelib/inc/cantrx.h
      Source file:   device/tlelib/src/cantrx.c

   * Component: Infineon::Device:TLELib:CCU7:0.4.0
      Include file:  device/tlelib/inc/ccu7.h
      Source file:   device/tlelib/src/ccu7.c

   * Component: Infineon::Device:TLELib:CSACSC:0.2.8
      Include file:  device/tlelib/inc/csacsc.h
      Source file:   device/tlelib/src/csacsc.c

   * Component: Infineon::Device:TLELib:DMA:0.3.2
      Source file:   device/tlelib/src/dma.c
      Include file:  device/tlelib/inc/dma.h

   * Component: Infineon::Device:TLELib:GPIO:0.2.6
      Include file:  device/tlelib/inc/gpio.h
      Source file:   device/tlelib/src/gpio.c

   * Component: Infineon::Device:TLELib:GPT12:0.6.2
      Source file:   device/tlelib/src/gpt12.c
      Include file:  device/tlelib/inc/gpt12.h

   * Component: Infineon::Device:TLELib:INT:0.3.1
      Include file:  device/tlelib/inc/int.h
      Source file:   device/tlelib/src/int.c

   * Component: Infineon::Device:TLELib:ISR:0.5.0
      Source file:   device/tlelib/src/isr_nvic_irq1_handler.c
      Source file:   device/tlelib/src/isr_nvic_irq21_handler.c
      Source file:   device/tlelib/src/isr_nvic_irq20_handler.c
      Include file:  device/tlelib/inc/isr.h
      Source file:   device/tlelib/src/isr_nvic_irq27_handler.c
      Source file:   device/tlelib/src/isr_nvic_irq16_handler.c
      Source file:   device/tlelib/src/isr_nvic_irq11_handler.c
      Source file:   device/tlelib/src/isr_nvic_irq28_handler.c
      Source file:   device/tlelib/src/isr_nvic_irq29_handler.c
      Source file:   device/tlelib/src/isr_nvic_irq23_handler.c
      Source file:   device/tlelib/src/isr_nvic_irq30_handler.c
      Source file:   device/tlelib/src/isr_nvic_irq4_handler.c
      Source file:   device/tlelib/src/isr_nvic_irq5_handler.c
      Source file:   device/tlelib/src/isr_nvic_irq14_handler.c
      Source file:   device/tlelib/src/isr_exceptions.c
      Source file:   device/tlelib/src/isr_nvic_irq7_handler.c
      Source file:   device/tlelib/src/isr_nvic_irq2_handler.c
      Source file:   device/tlelib/src/isr_nvic_irq15_handler.c
      Source file:   device/tlelib/src/isr_nvic_irq8_handler.c
      Source file:   device/tlelib/src/isr_nvic_irq18_handler.c
      Source file:   device/tlelib/src/isr_nvic_irq22_handler.c
      Source file:   device/tlelib/src/isr_nvic_irq24_handler.c
      Source file:   device/tlelib/src/isr_nvic_irq0_handler.c
      Source file:   device/tlelib/src/isr_nvic_irq19_handler.c
      Source file:   device/tlelib/src/isr_nvic_irq12_handler.c
      Source file:   device/tlelib/src/isr_nvic_irq13_handler.c
      Source file:   device/tlelib/src/isr_nvic_irq25_handler.c
      Source file:   device/tlelib/src/isr_nvic_irq3_handler.c
      Source file:   device/tlelib/src/isr_nvic_irq17_handler.c
      Source file:   device/tlelib/src/isr_nvic_irq9_handler.c
      Source file:   device/tlelib/src/isr_nvic_irq10_handler.c
      Source file:   device/tlelib/src/isr_nvic_irq26_handler.c
      Source file:   device/tlelib/src/isr_nvic_irq31_handler.c

   * Component: Infineon::Device:TLELib:MON:0.3.4
      Include file:  device/tlelib/inc/mon.h
      Source file:   device/tlelib/src/mon.c

   * Component: Infineon::Device:TLELib:PMU:0.5.7
      Source file:   device/tlelib/src/pmu.c
      Include file:  device/tlelib/inc/pmu.h

   * Component: Infineon::Device:TLELib:SCU:0.5.4
      Include file:  device/tlelib/inc/scu.h
      Source file:   device/tlelib/src/scu.c

   * Component: Infineon::Device:TLELib:SDADC:0.4.0
      Include file:  device/tlelib/inc/sdadc.h
      Source file:   device/tlelib/src/sdadc.c

   * Component: Infineon::Device:TLELib:SSC:0.3.8
      Include file:  device/tlelib/inc/ssc.h
      Source file:   device/tlelib/src/ssc.c

   * Component: Infineon::Device:TLELib:TIMER2X:0.5.0
      Include file:  device/tlelib/inc/timer2x.h
      Source file:   device/tlelib/src/timer2x.c

   * Component: Infineon::Device:TLELib:UART:0.5.9
      Include file:  device/tlelib/inc/uart.h
      Source file:   device/tlelib/src/uart.c
Build Time Elapsed:  00:04:03
</pre>
</body>
</html>
